app_entry.c:202:13:Reset_IPCC	8	static
app_entry.c:267:13:Init_Rtc	0	static
app_entry.c:335:13:APPE_SysStatusNot	0	static
app_entry.c:183:13:Reset_BackupDomain	8	static
app_entry.c:171:13:Reset_Device	8	static
app_entry.c:240:13:Config_HSE	8	static
app_entry.c:288:13:SystemPower_Config	8	static
app_entry.c:310:13:appe_Tl_Init	40	static
app_entry.c:411:13:APPE_SysEvtError	8	static
app_entry.c:433:13:APPE_SysEvtReadyProcessing	24	static
app_entry.c:350:13:APPE_SysUserEvtRx	32	static
app_entry.c:90:6:MX_APPE_Config	8	static
app_entry.c:136:6:Init_Smps	8	static
app_entry.c:154:6:Init_Exti	0	static
app_entry.c:256:13:System_Init	8	static
app_entry.c:110:6:MX_APPE_Init	8	static
app_entry.c:509:6:HAL_Delay	16	static,ignoring_inline_asm
app_entry.c:538:6:MX_APPE_Process	8	static
app_entry.c:549:6:UTIL_SEQ_Idle	0	static
app_entry.c:564:6:UTIL_SEQ_EvtIdle	8	static
app_entry.c:571:6:shci_notify_asynch_evt	8	static
app_entry.c:577:6:shci_cmd_resp_release	8	static
app_entry.c:583:6:shci_cmd_resp_wait	8	static
