../Drivers/CMSIS/Include/core_cm4.h:1667:26:__NVIC_GetPriorityGrouping	4	static
../Drivers/CMSIS/Include/core_cm4.h:1679:22:__NVIC_EnableIRQ	16	static,ignoring_inline_asm
../Drivers/CMSIS/Include/core_cm4.h:1809:22:__NVIC_SetPriority	16	static
../Drivers/CMSIS/Include/core_cm4.h:1856:26:NVIC_EncodePriority	40	static
../Drivers/STM32L4xx_HAL_Driver/Inc/stm32l4xx_ll_lpuart.h:532:22:LL_LPUART_Enable	16	static
../Drivers/STM32L4xx_HAL_Driver/Inc/stm32l4xx_ll_lpuart.h:744:22:LL_LPUART_EnableClockInStopMode	40	static,ignoring_inline_asm
../Drivers/STM32L4xx_HAL_Driver/Inc/stm32l4xx_ll_lpuart.h:1374:22:LL_LPUART_DisableOverrunDetect	16	static
../Drivers/STM32L4xx_HAL_Driver/Inc/stm32l4xx_ll_lpuart.h:1400:22:LL_LPUART_SetWKUPType	16	static
../Drivers/STM32L4xx_HAL_Driver/Inc/stm32l4xx_ll_bus.h:563:22:LL_AHB2_GRP1_EnableClock	24	static
../Drivers/STM32L4xx_HAL_Driver/Inc/stm32l4xx_ll_bus.h:1111:22:LL_APB1_GRP2_EnableClock	24	static
../Core/Src/main.c:75:5:main	8	static
../Core/Src/main.c:125:6:SystemClock_Config	96	static
../Core/Src/main.c:180:13:MX_ADC1_Init	32	static
../Core/Src/main.c:258:13:MX_LPUART1_UART_Init	144	static
../Core/Src/main.c:324:13:MX_RTC_Init	8	static
../Core/Src/main.c:367:13:MX_SPI1_Init	8	static
../Core/Src/main.c:405:13:MX_DMA_Init	16	static
../Core/Src/main.c:426:13:MX_GPIO_Init	48	static
../Core/Src/main.c:485:6:HAL_Delay	24	static,ignoring_inline_asm
../Core/Src/main.c:508:6:Error_Handler	4	static,ignoring_inline_asm
