../Drivers/STM32L4xx_HAL_Driver/Inc/stm32l4xx_ll_lpuart.h:2400:22:LL_LPUART_DisableIT_WKUP	40	static,ignoring_inline_asm
../Drivers/nanoprintf/nanoprintf.h:284:12:npf_min	16	static
../Drivers/nanoprintf/nanoprintf.h:285:12:npf_max	16	static
../Drivers/nanoprintf/nanoprintf.h:287:5:npf_parse_format_spec	24	static
../Drivers/nanoprintf/nanoprintf.h:474:5:npf_itoa_rev	24	static
../Drivers/nanoprintf/nanoprintf.h:481:5:npf_utoa_rev	32	static
../Drivers/nanoprintf/nanoprintf.h:501:5:npf_fsplit_abs	216	static
../Drivers/nanoprintf/nanoprintf.h:571:5:npf_ftoa_rev	80	static
../Drivers/nanoprintf/nanoprintf.h:652:6:npf_bufputc	24	static
../Drivers/nanoprintf/nanoprintf.h:657:6:npf_bufputc_nop	16	static
../Drivers/nanoprintf/nanoprintf.h:665:13:npf_putc_cnt	24	static
../Drivers/nanoprintf/nanoprintf.h:679:5:npf_vpprintf	168	static
../Drivers/nanoprintf/nanoprintf.h:1003:5:npf_pprintf	24	static
../Drivers/nanoprintf/nanoprintf.h:1011:5:npf_snprintf	24	static
../Drivers/nanoprintf/nanoprintf.h:1019:5:npf_vsnprintf	48	static
../Core/Src/myApp.c:51:6:myApp_init	16	static
../Core/Src/myApp.c:73:6:myApp_loop	8	static
../Core/Src/myApp.c:89:13:goToIdle	8	static
../Core/Src/myApp.c:93:13:goToSleep	8	static
../Core/Src/myApp.c:110:13:drawHeader	16	static
../Core/Src/myApp.c:131:13:printDateTime	40	static
../Core/Src/myApp.c:142:13:drawGNSS	24	static
../Core/Src/myApp.c:180:6:setTimeGNSS	32	static
../Core/Src/myApp.c:195:13:startADC	8	static
../Core/Src/myApp.c:206:6:HAL_ADC_ConvCpltCallback	24	static
../Core/Src/myApp.c:220:6:HAL_RTCEx_WakeUpTimerEventCallback	16	static
