../Drivers/STM32L4xx_HAL_Driver/Inc/stm32l4xx_ll_lpuart.h:1726:26:LL_LPUART_IsActiveFlag_ORE	16	static
../Drivers/STM32L4xx_HAL_Driver/Inc/stm32l4xx_ll_lpuart.h:1879:26:LL_LPUART_IsActiveFlag_WKUP	16	static
../Drivers/STM32L4xx_HAL_Driver/Inc/stm32l4xx_ll_lpuart.h:1991:22:LL_LPUART_ClearFlag_ORE	16	static
../Drivers/STM32L4xx_HAL_Driver/Inc/stm32l4xx_ll_lpuart.h:2046:22:LL_LPUART_ClearFlag_WKUP	16	static
../Drivers/STM32L4xx_HAL_Driver/Inc/stm32l4xx_ll_lpuart.h:2581:26:LL_LPUART_IsEnabledIT_WKUP	16	static
../Core/Src/stm32l4xx_it.c:74:6:NMI_Handler	4	static
../Core/Src/stm32l4xx_it.c:89:6:HardFault_Handler	4	static
../Core/Src/stm32l4xx_it.c:104:6:MemManage_Handler	4	static
../Core/Src/stm32l4xx_it.c:119:6:BusFault_Handler	4	static
../Core/Src/stm32l4xx_it.c:134:6:UsageFault_Handler	4	static
../Core/Src/stm32l4xx_it.c:149:6:SVC_Handler	4	static
../Core/Src/stm32l4xx_it.c:162:6:DebugMon_Handler	4	static
../Core/Src/stm32l4xx_it.c:175:6:PendSV_Handler	4	static
../Core/Src/stm32l4xx_it.c:188:6:SysTick_Handler	8	static
../Core/Src/stm32l4xx_it.c:209:6:RTC_WKUP_IRQHandler	8	static
../Core/Src/stm32l4xx_it.c:223:6:DMA1_Channel1_IRQHandler	8	static
../Core/Src/stm32l4xx_it.c:237:6:DMA1_Channel3_IRQHandler	8	static
../Core/Src/stm32l4xx_it.c:251:6:SPI1_IRQHandler	8	static
../Core/Src/stm32l4xx_it.c:265:6:LPUART1_IRQHandler	8	static
