../Drivers/STM32L4xx_HAL_Driver/Inc/stm32l4xx_ll_lpuart.h:1726:26:LL_LPUART_IsActiveFlag_ORE	16	static
../Drivers/STM32L4xx_HAL_Driver/Inc/stm32l4xx_ll_lpuart.h:1879:26:LL_LPUART_IsActiveFlag_WKUP	16	static
../Drivers/STM32L4xx_HAL_Driver/Inc/stm32l4xx_ll_lpuart.h:1991:22:LL_LPUART_ClearFlag_ORE	16	static
../Drivers/STM32L4xx_HAL_Driver/Inc/stm32l4xx_ll_lpuart.h:2046:22:LL_LPUART_ClearFlag_WKUP	16	static
../Drivers/STM32L4xx_HAL_Driver/Inc/stm32l4xx_ll_lpuart.h:2581:26:LL_LPUART_IsEnabledIT_WKUP	16	static
../Core/Src/stm32l4xx_it.c:73:6:NMI_Handler	4	static
../Core/Src/stm32l4xx_it.c:88:6:HardFault_Handler	4	static
../Core/Src/stm32l4xx_it.c:103:6:MemManage_Handler	4	static
../Core/Src/stm32l4xx_it.c:118:6:BusFault_Handler	4	static
../Core/Src/stm32l4xx_it.c:133:6:UsageFault_Handler	4	static
../Core/Src/stm32l4xx_it.c:148:6:SVC_Handler	4	static
../Core/Src/stm32l4xx_it.c:161:6:DebugMon_Handler	4	static
../Core/Src/stm32l4xx_it.c:174:6:PendSV_Handler	4	static
../Core/Src/stm32l4xx_it.c:187:6:SysTick_Handler	8	static
../Core/Src/stm32l4xx_it.c:208:6:RTC_WKUP_IRQHandler	8	static
../Core/Src/stm32l4xx_it.c:222:6:DMA1_Channel1_IRQHandler	8	static
../Core/Src/stm32l4xx_it.c:236:6:DMA1_Channel3_IRQHandler	8	static
../Core/Src/stm32l4xx_it.c:250:6:LPUART1_IRQHandler	8	static
