stm32wbxx_hal_msp.c:66:6:HAL_MspInit	16	static
stm32wbxx_hal_msp.c:92:6:HAL_ADC_MspInit	96	static
stm32wbxx_hal_msp.c:146:6:HAL_ADC_MspDeInit	8	static
stm32wbxx_hal_msp.c:174:6:HAL_IPCC_MspInit	16	static
stm32wbxx_hal_msp.c:201:6:HAL_IPCC_MspDeInit	8	static
stm32wbxx_hal_msp.c:227:6:HAL_RTC_MspInit	96	static
stm32wbxx_hal_msp.c:260:6:HAL_RTC_MspDeInit	0	static
stm32wbxx_hal_msp.c:283:6:HAL_TIM_Base_MspInit	8	static
stm32wbxx_hal_msp.c:305:6:HAL_TIM_Base_MspDeInit	0	static
stm32wbxx_hal_msp.c:327:6:HAL_UART_MspInit	128	static
stm32wbxx_hal_msp.c:394:6:HAL_UART_MspDeInit	8	static
