Archive member included to satisfy reference by file (symbol)

c:/st/stm32cubeide_1.8.0/stm32cubeide/plugins/com.st.stm32cube.ide.mcu.externaltools.gnu-tools-for-stm32.9-2020-q2-update.win32_2.0.0.202105311346/tools/bin/../lib/gcc/arm-none-eabi/9.3.1/../../../../arm-none-eabi/lib/thumb/v7e-m+fp/hard\libc_nano.a(lib_a-errno.o)
                              ./Core/Src/syscalls.o (__errno)
c:/st/stm32cubeide_1.8.0/stm32cubeide/plugins/com.st.stm32cube.ide.mcu.externaltools.gnu-tools-for-stm32.9-2020-q2-update.win32_2.0.0.202105311346/tools/bin/../lib/gcc/arm-none-eabi/9.3.1/../../../../arm-none-eabi/lib/thumb/v7e-m+fp/hard\libc_nano.a(lib_a-exit.o)
                              c:/st/stm32cubeide_1.8.0/stm32cubeide/plugins/com.st.stm32cube.ide.mcu.externaltools.gnu-tools-for-stm32.9-2020-q2-update.win32_2.0.0.202105311346/tools/bin/../lib/gcc/arm-none-eabi/9.3.1/../../../../arm-none-eabi/lib/thumb/v7e-m+fp/hard/crt0.o (exit)
c:/st/stm32cubeide_1.8.0/stm32cubeide/plugins/com.st.stm32cube.ide.mcu.externaltools.gnu-tools-for-stm32.9-2020-q2-update.win32_2.0.0.202105311346/tools/bin/../lib/gcc/arm-none-eabi/9.3.1/../../../../arm-none-eabi/lib/thumb/v7e-m+fp/hard\libc_nano.a(lib_a-impure.o)
                              c:/st/stm32cubeide_1.8.0/stm32cubeide/plugins/com.st.stm32cube.ide.mcu.externaltools.gnu-tools-for-stm32.9-2020-q2-update.win32_2.0.0.202105311346/tools/bin/../lib/gcc/arm-none-eabi/9.3.1/../../../../arm-none-eabi/lib/thumb/v7e-m+fp/hard\libc_nano.a(lib_a-exit.o) (_global_impure_ptr)
c:/st/stm32cubeide_1.8.0/stm32cubeide/plugins/com.st.stm32cube.ide.mcu.externaltools.gnu-tools-for-stm32.9-2020-q2-update.win32_2.0.0.202105311346/tools/bin/../lib/gcc/arm-none-eabi/9.3.1/../../../../arm-none-eabi/lib/thumb/v7e-m+fp/hard\libc_nano.a(lib_a-init.o)
                              c:/st/stm32cubeide_1.8.0/stm32cubeide/plugins/com.st.stm32cube.ide.mcu.externaltools.gnu-tools-for-stm32.9-2020-q2-update.win32_2.0.0.202105311346/tools/bin/../lib/gcc/arm-none-eabi/9.3.1/../../../../arm-none-eabi/lib/thumb/v7e-m+fp/hard/crt0.o (__libc_init_array)
c:/st/stm32cubeide_1.8.0/stm32cubeide/plugins/com.st.stm32cube.ide.mcu.externaltools.gnu-tools-for-stm32.9-2020-q2-update.win32_2.0.0.202105311346/tools/bin/../lib/gcc/arm-none-eabi/9.3.1/../../../../arm-none-eabi/lib/thumb/v7e-m+fp/hard\libc_nano.a(lib_a-memcmp.o)
                              ./Middlewares/ST/STM32_WPAN/ble/core/template/osal.o (memcmp)
c:/st/stm32cubeide_1.8.0/stm32cubeide/plugins/com.st.stm32cube.ide.mcu.externaltools.gnu-tools-for-stm32.9-2020-q2-update.win32_2.0.0.202105311346/tools/bin/../lib/gcc/arm-none-eabi/9.3.1/../../../../arm-none-eabi/lib/thumb/v7e-m+fp/hard\libc_nano.a(lib_a-memcpy-stub.o)
                              ./Middlewares/ST/STM32_WPAN/ble/core/template/osal.o (memcpy)
c:/st/stm32cubeide_1.8.0/stm32cubeide/plugins/com.st.stm32cube.ide.mcu.externaltools.gnu-tools-for-stm32.9-2020-q2-update.win32_2.0.0.202105311346/tools/bin/../lib/gcc/arm-none-eabi/9.3.1/../../../../arm-none-eabi/lib/thumb/v7e-m+fp/hard\libc_nano.a(lib_a-memset.o)
                              c:/st/stm32cubeide_1.8.0/stm32cubeide/plugins/com.st.stm32cube.ide.mcu.externaltools.gnu-tools-for-stm32.9-2020-q2-update.win32_2.0.0.202105311346/tools/bin/../lib/gcc/arm-none-eabi/9.3.1/../../../../arm-none-eabi/lib/thumb/v7e-m+fp/hard/crt0.o (memset)
c:/st/stm32cubeide_1.8.0/stm32cubeide/plugins/com.st.stm32cube.ide.mcu.externaltools.gnu-tools-for-stm32.9-2020-q2-update.win32_2.0.0.202105311346/tools/bin/../lib/gcc/arm-none-eabi/9.3.1/../../../../arm-none-eabi/lib/thumb/v7e-m+fp/hard\libc_nano.a(lib_a-printf.o)
                              ./Middlewares/ST/STM32_WPAN/utilities/dbg_trace.o (printf)
c:/st/stm32cubeide_1.8.0/stm32cubeide/plugins/com.st.stm32cube.ide.mcu.externaltools.gnu-tools-for-stm32.9-2020-q2-update.win32_2.0.0.202105311346/tools/bin/../lib/gcc/arm-none-eabi/9.3.1/../../../../arm-none-eabi/lib/thumb/v7e-m+fp/hard\libc_nano.a(lib_a-strlen.o)
                              ./STM32_WPAN/App/app_ble.o (strlen)
c:/st/stm32cubeide_1.8.0/stm32cubeide/plugins/com.st.stm32cube.ide.mcu.externaltools.gnu-tools-for-stm32.9-2020-q2-update.win32_2.0.0.202105311346/tools/bin/../lib/gcc/arm-none-eabi/9.3.1/../../../../arm-none-eabi/lib/thumb/v7e-m+fp/hard\libc_nano.a(lib_a-strrchr.o)
                              ./Middlewares/ST/STM32_WPAN/utilities/dbg_trace.o (strrchr)
c:/st/stm32cubeide_1.8.0/stm32cubeide/plugins/com.st.stm32cube.ide.mcu.externaltools.gnu-tools-for-stm32.9-2020-q2-update.win32_2.0.0.202105311346/tools/bin/../lib/gcc/arm-none-eabi/9.3.1/../../../../arm-none-eabi/lib/thumb/v7e-m+fp/hard\libc_nano.a(lib_a-vprintf.o)
                              ./Middlewares/ST/STM32_WPAN/utilities/dbg_trace.o (vprintf)
[...]
Memory Configuration

Name             Origin             Length             Attributes
FLASH            0x0000000008000000 0x0000000000080000 xr
RAM1             0x0000000020000004 0x000000000002fffc xrw
RAM_SHARED       0x0000000020030000 0x0000000000002800 xrw
*default*        0x0000000000000000 0xffffffffffffffff

Linker script and memory map

LOAD c:/st/stm32cubeide_1.8.0/stm32cubeide/plugins/com.st.stm32cube.ide.mcu.externaltools.gnu-tools-for-stm32.9-2020-q2-update.win32_2.0.0.202105311346/tools/bin/../lib/gcc/arm-none-eabi/9.3.1/thumb/v7e-m+fp/hard/crti.o
LOAD c:/st/stm32cubeide_1.8.0/stm32cubeide/plugins/com.st.stm32cube.ide.mcu.externaltools.gnu-tools-for-stm32.9-2020-q2-update.win32_2.0.0.202105311346/tools/bin/../lib/gcc/arm-none-eabi/9.3.1/thumb/v7e-m+fp/hard/crtbegin.o
LOAD c:/st/stm32cubeide_1.8.0/stm32cubeide/plugins/com.st.stm32cube.ide.mcu.externaltools.gnu-tools-for-stm32.9-2020-q2-update.win32_2.0.0.202105311346/tools/bin/../lib/gcc/arm-none-eabi/9.3.1/../../../../arm-none-eabi/lib/thumb/v7e-m+fp/hard/crt0.o
LOAD ./Core/Src/app_debug.o
LOAD ./Core/Src/app_entry.o
LOAD ./Core/Src/hw_timerserver.o
LOAD ./Core/Src/main.o
LOAD ./Core/Src/stm32_lpm_if.o
LOAD ./Core/Src/stm32wbxx_hal_msp.o
LOAD ./Core/Src/stm32wbxx_it.o
LOAD ./Core/Src/syscalls.o
LOAD ./Core/Src/sysmem.o
LOAD ./Core/Src/system_stm32wbxx.o
LOAD ./Core/Startup/startup_stm32wb5mmghx.o
LOAD ./Drivers/STM32WBxx_HAL_Driver/Src/stm32wbxx_hal.o
LOAD ./Drivers/STM32WBxx_HAL_Driver/Src/stm32wbxx_hal_cortex.o
LOAD ./Drivers/STM32WBxx_HAL_Driver/Src/stm32wbxx_hal_dma.o
LOAD ./Drivers/STM32WBxx_HAL_Driver/Src/stm32wbxx_hal_dma_ex.o
LOAD ./Drivers/STM32WBxx_HAL_Driver/Src/stm32wbxx_hal_exti.o
LOAD ./Drivers/STM32WBxx_HAL_Driver/Src/stm32wbxx_hal_flash.o
LOAD ./Drivers/STM32WBxx_HAL_Driver/Src/stm32wbxx_hal_flash_ex.o
LOAD ./Drivers/STM32WBxx_HAL_Driver/Src/stm32wbxx_hal_gpio.o
LOAD ./Drivers/STM32WBxx_HAL_Driver/Src/stm32wbxx_hal_hsem.o
LOAD ./Drivers/STM32WBxx_HAL_Driver/Src/stm32wbxx_hal_ipcc.o
LOAD ./Drivers/STM32WBxx_HAL_Driver/Src/stm32wbxx_hal_pwr.o
LOAD ./Drivers/STM32WBxx_HAL_Driver/Src/stm32wbxx_hal_pwr_ex.o
LOAD ./Drivers/STM32WBxx_HAL_Driver/Src/stm32wbxx_hal_rcc.o
LOAD ./Drivers/STM32WBxx_HAL_Driver/Src/stm32wbxx_hal_rcc_ex.o
LOAD ./Drivers/STM32WBxx_HAL_Driver/Src/stm32wbxx_hal_rtc.o
LOAD ./Drivers/STM32WBxx_HAL_Driver/Src/stm32wbxx_hal_rtc_ex.o
LOAD ./Drivers/STM32WBxx_HAL_Driver/Src/stm32wbxx_hal_tim.o
LOAD ./Drivers/STM32WBxx_HAL_Driver/Src/stm32wbxx_hal_tim_ex.o
LOAD ./Middlewares/ST/STM32_WPAN/ble/core/auto/ble_gap_aci.o
LOAD ./Middlewares/ST/STM32_WPAN/ble/core/auto/ble_gatt_aci.o
LOAD ./Middlewares/ST/STM32_WPAN/ble/core/auto/ble_hal_aci.o
LOAD ./Middlewares/ST/STM32_WPAN/ble/core/auto/ble_hci_le.o
LOAD ./Middlewares/ST/STM32_WPAN/ble/core/auto/ble_l2cap_aci.o
LOAD ./Middlewares/ST/STM32_WPAN/ble/core/template/osal.o
LOAD ./Middlewares/ST/STM32_WPAN/ble/svc/Src/p2p_stm.o
LOAD ./Middlewares/ST/STM32_WPAN/ble/svc/Src/svc_ctl.o
LOAD ./Middlewares/ST/STM32_WPAN/interface/patterns/ble_thread/shci/shci.o
LOAD ./Middlewares/ST/STM32_WPAN/interface/patterns/ble_thread/tl/hci_tl.o
LOAD ./Middlewares/ST/STM32_WPAN/interface/patterns/ble_thread/tl/hci_tl_if.o
LOAD ./Middlewares/ST/STM32_WPAN/interface/patterns/ble_thread/tl/shci_tl.o
LOAD ./Middlewares/ST/STM32_WPAN/interface/patterns/ble_thread/tl/shci_tl_if.o
LOAD ./Middlewares/ST/STM32_WPAN/interface/patterns/ble_thread/tl/tl_mbox.o
LOAD ./Middlewares/ST/STM32_WPAN/utilities/dbg_trace.o
LOAD ./Middlewares/ST/STM32_WPAN/utilities/otp.o
LOAD ./Middlewares/ST/STM32_WPAN/utilities/stm_list.o
LOAD ./Middlewares/ST/STM32_WPAN/utilities/stm_queue.o
LOAD ./STM32_WPAN/App/app_ble.o
LOAD ./STM32_WPAN/App/p2p_server_app.o
LOAD ./STM32_WPAN/Target/hw_ipcc.o
LOAD ./Utilities/lpm/tiny_lpm/stm32_lpm.o
LOAD ./Utilities/sequencer/stm32_seq.o
START GROUP
LOAD c:/st/stm32cubeide_1.8.0/stm32cubeide/plugins/com.st.stm32cube.ide.mcu.externaltools.gnu-tools-for-stm32.9-2020-q2-update.win32_2.0.0.202105311346/tools/bin/../lib/gcc/arm-none-eabi/9.3.1/../../../../arm-none-eabi/lib/thumb/v7e-m+fp/hard\libstdc++_nano.a
LOAD c:/st/stm32cubeide_1.8.0/stm32cubeide/plugins/com.st.stm32cube.ide.mcu.externaltools.gnu-tools-for-stm32.9-2020-q2-update.win32_2.0.0.202105311346/tools/bin/../lib/gcc/arm-none-eabi/9.3.1/../../../../arm-none-eabi/lib/thumb/v7e-m+fp/hard\libsupc++_nano.a
END GROUP
LOAD c:/st/stm32cubeide_1.8.0/stm32cubeide/plugins/com.st.stm32cube.ide.mcu.externaltools.gnu-tools-for-stm32.9-2020-q2-update.win32_2.0.0.202105311346/tools/bin/../lib/gcc/arm-none-eabi/9.3.1/../../../../arm-none-eabi/lib/thumb/v7e-m+fp/hard\libstdc++_nano.a
LOAD c:/st/stm32cubeide_1.8.0/stm32cubeide/plugins/com.st.stm32cube.ide.mcu.externaltools.gnu-tools-for-stm32.9-2020-q2-update.win32_2.0.0.202105311346/tools/bin/../lib/gcc/arm-none-eabi/9.3.1/../../../../arm-none-eabi/lib/thumb/v7e-m+fp/hard\libm.a
LOAD c:/st/stm32cubeide_1.8.0/stm32cubeide/plugins/com.st.stm32cube.ide.mcu.externaltools.gnu-tools-for-stm32.9-2020-q2-update.win32_2.0.0.202105311346/tools/bin/../lib/gcc/arm-none-eabi/9.3.1/../../../../arm-none-eabi/lib/thumb/v7e-m+fp/hard\libc_nano.a
START GROUP
LOAD c:/st/stm32cubeide_1.8.0/stm32cubeide/plugins/com.st.stm32cube.ide.mcu.externaltools.gnu-tools-for-stm32.9-2020-q2-update.win32_2.0.0.202105311346/tools/bin/../lib/gcc/arm-none-eabi/9.3.1/thumb/v7e-m+fp/hard\libgcc.a
LOAD c:/st/stm32cubeide_1.8.0/stm32cubeide/plugins/com.st.stm32cube.ide.mcu.externaltools.gnu-tools-for-stm32.9-2020-q2-update.win32_2.0.0.202105311346/tools/bin/../lib/gcc/arm-none-eabi/9.3.1/../../../../arm-none-eabi/lib/thumb/v7e-m+fp/hard\libc_nano.a
END GROUP
START GROUP
LOAD c:/st/stm32cubeide_1.8.0/stm32cubeide/plugins/com.st.stm32cube.ide.mcu.externaltools.gnu-tools-for-stm32.9-2020-q2-update.win32_2.0.0.202105311346/tools/bin/../lib/gcc/arm-none-eabi/9.3.1/thumb/v7e-m+fp/hard\libgcc.a
LOAD c:/st/stm32cubeide_1.8.0/stm32cubeide/plugins/com.st.stm32cube.ide.mcu.externaltools.gnu-tools-for-stm32.9-2020-q2-update.win32_2.0.0.202105311346/tools/bin/../lib/gcc/arm-none-eabi/9.3.1/../../../../arm-none-eabi/lib/thumb/v7e-m+fp/hard\libc_nano.a
LOAD c:/st/stm32cubeide_1.8.0/stm32cubeide/plugins/com.st.stm32cube.ide.mcu.externaltools.gnu-tools-for-stm32.9-2020-q2-update.win32_2.0.0.202105311346/tools/bin/../lib/gcc/arm-none-eabi/9.3.1/../../../../arm-none-eabi/lib/thumb/v7e-m+fp/hard\libnosys.a
END GROUP
START GROUP
LOAD c:/st/stm32cubeide_1.8.0/stm32cubeide/plugins/com.st.stm32cube.ide.mcu.externaltools.gnu-tools-for-stm32.9-2020-q2-update.win32_2.0.0.202105311346/tools/bin/../lib/gcc/arm-none-eabi/9.3.1/thumb/v7e-m+fp/hard\libgcc.a
LOAD c:/st/stm32cubeide_1.8.0/stm32cubeide/plugins/com.st.stm32cube.ide.mcu.externaltools.gnu-tools-for-stm32.9-2020-q2-update.win32_2.0.0.202105311346/tools/bin/../lib/gcc/arm-none-eabi/9.3.1/../../../../arm-none-eabi/lib/thumb/v7e-m+fp/hard\libc_nano.a
LOAD c:/st/stm32cubeide_1.8.0/stm32cubeide/plugins/com.st.stm32cube.ide.mcu.externaltools.gnu-tools-for-stm32.9-2020-q2-update.win32_2.0.0.202105311346/tools/bin/../lib/gcc/arm-none-eabi/9.3.1/../../../../arm-none-eabi/lib/thumb/v7e-m+fp/hard\libnosys.a
END GROUP
LOAD c:/st/stm32cubeide_1.8.0/stm32cubeide/plugins/com.st.stm32cube.ide.mcu.externaltools.gnu-tools-for-stm32.9-2020-q2-update.win32_2.0.0.202105311346/tools/bin/../lib/gcc/arm-none-eabi/9.3.1/thumb/v7e-m+fp/hard/crtend.o
LOAD c:/st/stm32cubeide_1.8.0/stm32cubeide/plugins/com.st.stm32cube.ide.mcu.externaltools.gnu-tools-for-stm32.9-2020-q2-update.win32_2.0.0.202105311346/tools/bin/../lib/gcc/arm-none-eabi/9.3.1/thumb/v7e-m+fp/hard/crtn.o
                0x0000000020030000                _estack = (ORIGIN (RAM1) + LENGTH (RAM1))
                0x0000000000000200                _Min_Heap_Size = 0x200
                0x0000000000000400                _Min_Stack_Size = 0x400

.isr_vector     0x0000000008000000      0x13c
                0x0000000008000000                . = ALIGN (0x4)
 *(.isr_vector)
 .isr_vector    0x0000000008000000      0x13c ./Core/Startup/startup_stm32wb5mmghx.o
                0x0000000008000000                g_pfnVectors
                0x000000000800013c                . = ALIGN (0x4)

.text           0x000000000800013c     0x701c
                0x000000000800013c                . = ALIGN (0x4)
 *(.text)
 .text          0x000000000800013c       0x40 c:/st/stm32cubeide_1.8.0/stm32cubeide/plugins/com.st.stm32cube.ide.mcu.externaltools.gnu-tools-for-stm32.9-2020-q2-update.win32_2.0.0.202105311346/tools/bin/../lib/gcc/arm-none-eabi/9.3.1/thumb/v7e-m+fp/hard/crtbegin.o
 .text          0x000000000800017c       0x10 c:/st/stm32cubeide_1.8.0/stm32cubeide/plugins/com.st.stm32cube.ide.mcu.externaltools.gnu-tools-for-stm32.9-2020-q2-update.win32_2.0.0.202105311346/tools/bin/../lib/gcc/arm-none-eabi/9.3.1/../../../../arm-none-eabi/lib/thumb/v7e-m+fp/hard\libc_nano.a(lib_a-strlen.o)
                0x000000000800017c                strlen
 *(.text*)
 .text.APPD_EnableCPU2
                0x000000000800018c       0x38 ./Core/Src/app_debug.o
                0x000000000800018c                APPD_EnableCPU2
 .text.LL_PWR_SMPS_Enable
                0x00000000080001c4       0x20 ./Core/Src/app_entry.o
 .text.LL_PWR_SMPS_SetStartupCurrent
                0x00000000080001e4       0x28 ./Core/Src/app_entry.o
 .text.LL_PWR_SMPS_SetOutputVoltageLevel
                0x000000000800020c       0x74 ./Core/Src/app_entry.o
 .text.LL_C2_PWR_SetPowerMode
                0x0000000008000280       0x2c ./Core/Src/app_entry.o
 .text.LL_EXTI_EnableIT_32_63
                0x00000000080002ac       0x28 ./Core/Src/app_entry.o
 .text.LL_RCC_HSE_SetCapacitorTuning
                0x00000000080002d4       0x3c ./Core/Src/app_entry.o
 .text.LL_RCC_SetClkAfterWakeFromStop
                0x0000000008000310       0x28 ./Core/Src/app_entry.o
 .text.LL_RCC_ForceBackupDomainReset
                0x0000000008000338       0x22 ./Core/Src/app_entry.o
 .text.LL_RCC_ReleaseBackupDomainReset
                0x000000000800035a       0x22 ./Core/Src/app_entry.o
 .text.LL_RCC_IsActiveFlag_PINRST
                0x000000000800037c       0x26 ./Core/Src/app_entry.o
 .text.LL_RCC_IsActiveFlag_SFTRST
                0x00000000080003a2       0x26 ./Core/Src/app_entry.o
 .text.LL_AHB3_GRP1_EnableClock
                0x00000000080003c8       0x32 ./Core/Src/app_entry.o
 *fill*         0x00000000080003fa        0x2 
 .text.LL_DBGMCU_GetRevisionID
                0x00000000080003fc       0x1c ./Core/Src/app_entry.o
 .text.LL_C1_IPCC_DisableTransmitChannel
                0x0000000008000418       0x24 ./Core/Src/app_entry.o
 .text.LL_C1_IPCC_DisableReceiveChannel
                0x000000000800043c       0x22 ./Core/Src/app_entry.o
 .text.LL_C2_IPCC_DisableTransmitChannel
                0x000000000800045e       0x24 ./Core/Src/app_entry.o
 .text.LL_C2_IPCC_DisableReceiveChannel
                0x0000000008000482       0x22 ./Core/Src/app_entry.o
 .text.LL_C1_IPCC_ClearFlag_CHx
                0x00000000080004a4       0x1c ./Core/Src/app_entry.o
 .text.LL_C2_IPCC_ClearFlag_CHx
                0x00000000080004c0       0x1c ./Core/Src/app_entry.o
 .text.LL_RTC_EnableWriteProtection
                0x00000000080004dc       0x1a ./Core/Src/app_entry.o
 .text.LL_RTC_DisableWriteProtection
                0x00000000080004f6       0x20 ./Core/Src/app_entry.o
 .text.LL_RTC_WAKEUP_SetClock
                0x0000000008000516       0x26 ./Core/Src/app_entry.o
 .text.MX_APPE_Config
                0x000000000800053c       0x1c ./Core/Src/app_entry.o
                0x000000000800053c                MX_APPE_Config
 .text.MX_APPE_Init
                0x0000000008000558       0x20 ./Core/Src/app_entry.o
                0x0000000008000558                MX_APPE_Init
 .text.Init_Smps
                0x0000000008000578       0x18 ./Core/Src/app_entry.o
                0x0000000008000578                Init_Smps
 .text.Init_Exti
                0x0000000008000590        0xe ./Core/Src/app_entry.o
                0x0000000008000590                Init_Exti
 .text.Reset_Device
                0x000000000800059e       0x10 ./Core/Src/app_entry.o
 .text.Reset_BackupDomain
                0x00000000080005ae       0x2e ./Core/Src/app_entry.o
 .text.Reset_IPCC
                0x00000000080005dc       0x44 ./Core/Src/app_entry.o
 .text.Config_HSE
                0x0000000008000620       0x28 ./Core/Src/app_entry.o
 .text.System_Init
                0x0000000008000648       0x14 ./Core/Src/app_entry.o
 .text.Init_Rtc
                0x000000000800065c       0x20 ./Core/Src/app_entry.o
 .text.SystemPower_Config
                0x000000000800067c       0x1a ./Core/Src/app_entry.o
 *fill*         0x0000000008000696        0x2 
 .text.appe_Tl_Init
                0x0000000008000698       0x6c ./Core/Src/app_entry.o
 .text.APPE_SysStatusNot
                0x0000000008000704       0x16 ./Core/Src/app_entry.o
 *fill*         0x000000000800071a        0x2 
 .text.APPE_SysUserEvtRx
                0x000000000800071c       0x6c ./Core/Src/app_entry.o
 .text.APPE_SysEvtError
                0x0000000008000788       0x22 ./Core/Src/app_entry.o
 .text.APPE_SysEvtReadyProcessing
                0x00000000080007aa       0x78 ./Core/Src/app_entry.o
 .text.MX_APPE_Process
                0x0000000008000822       0x10 ./Core/Src/app_entry.o
                0x0000000008000822                MX_APPE_Process
 .text.UTIL_SEQ_Idle
                0x0000000008000832        0xc ./Core/Src/app_entry.o
                0x0000000008000832                UTIL_SEQ_Idle
 .text.UTIL_SEQ_EvtIdle
                0x000000000800083e       0x1a ./Core/Src/app_entry.o
                0x000000000800083e                UTIL_SEQ_EvtIdle
 .text.shci_notify_asynch_evt
                0x0000000008000858       0x18 ./Core/Src/app_entry.o
                0x0000000008000858                shci_notify_asynch_evt
 .text.shci_cmd_resp_release
                0x0000000008000870       0x16 ./Core/Src/app_entry.o
                0x0000000008000870                shci_cmd_resp_release
 .text.shci_cmd_resp_wait
                0x0000000008000886       0x16 ./Core/Src/app_entry.o
                0x0000000008000886                shci_cmd_resp_wait
 .text.LL_EXTI_EnableIT_0_31
                0x000000000800089c       0x28 ./Core/Src/hw_timerserver.o
 .text.LL_EXTI_EnableRisingTrig_0_31
                0x00000000080008c4       0x24 ./Core/Src/hw_timerserver.o
 .text.ReadRtcSsrValue
                0x00000000080008e8       0x40 ./Core/Src/hw_timerserver.o
 .text.LinkTimerAfter
                0x0000000008000928       0x8c ./Core/Src/hw_timerserver.o
 .text.LinkTimerBefore
                0x00000000080009b4       0xc0 ./Core/Src/hw_timerserver.o
 .text.linkTimer
                0x0000000008000a74      0x154 ./Core/Src/hw_timerserver.o
 .text.UnlinkTimer
                0x0000000008000bc8      0x108 ./Core/Src/hw_timerserver.o
 .text.ReturnTimeElapsed
                0x0000000008000cd0       0x80 ./Core/Src/hw_timerserver.o
 .text.RestartWakeupCounter
                0x0000000008000d50       0xbc ./Core/Src/hw_timerserver.o
 .text.RescheduleTimerList
                0x0000000008000e0c      0x13c ./Core/Src/hw_timerserver.o
 .text.HW_TS_Init
                0x0000000008000f48      0x1cc ./Core/Src/hw_timerserver.o
                0x0000000008000f48                HW_TS_Init
 .text.HW_TS_Create
                0x0000000008001114       0xf4 ./Core/Src/hw_timerserver.o
                0x0000000008001114                HW_TS_Create
 .text.HW_TS_Stop
                0x0000000008001208      0x118 ./Core/Src/hw_timerserver.o
                0x0000000008001208                HW_TS_Stop
 .text.HW_TS_Start
                0x0000000008001320      0x110 ./Core/Src/hw_timerserver.o
                0x0000000008001320                HW_TS_Start
 .text.LL_RCC_LSE_SetDriveCapability
                0x0000000008001430       0x2c ./Core/Src/main.o
 .text.LL_AHB2_GRP1_EnableClock
                0x000000000800145c       0x32 ./Core/Src/main.o
 .text.main     0x000000000800148e       0x2e ./Core/Src/main.o
                0x000000000800148e                main
 .text.SystemClock_Config
                0x00000000080014bc       0xb8 ./Core/Src/main.o
                0x00000000080014bc                SystemClock_Config
 .text.PeriphCommonClock_Config
                0x0000000008001574       0x40 ./Core/Src/main.o
                0x0000000008001574                PeriphCommonClock_Config
 .text.MX_IPCC_Init
                0x00000000080015b4       0x28 ./Core/Src/main.o
 .text.MX_RF_Init
                0x00000000080015dc        0xe ./Core/Src/main.o
 *fill*         0x00000000080015ea        0x2 
 .text.MX_RTC_Init
                0x00000000080015ec       0x54 ./Core/Src/main.o
 .text.MX_GPIO_Init
                0x0000000008001640       0x4c ./Core/Src/main.o
 .text.Error_Handler
                0x000000000800168c        0xa ./Core/Src/main.o
                0x000000000800168c                Error_Handler
 *fill*         0x0000000008001696        0x2 
 .text.LL_PWR_SetPowerMode
                0x0000000008001698       0x28 ./Core/Src/stm32_lpm_if.o
 .text.LL_PWR_ClearFlag_WU
                0x00000000080016c0       0x18 ./Core/Src/stm32_lpm_if.o
 .text.LL_PWR_IsActiveFlag_C2SB
                0x00000000080016d8       0x28 ./Core/Src/stm32_lpm_if.o
 .text.LL_PWR_IsActiveFlag_C2DS
                0x0000000008001700       0x28 ./Core/Src/stm32_lpm_if.o
 .text.LL_RCC_HSI_Enable
                0x0000000008001728       0x1e ./Core/Src/stm32_lpm_if.o
 .text.LL_RCC_HSI_IsReady
                0x0000000008001746       0x24 ./Core/Src/stm32_lpm_if.o
 .text.LL_RCC_SetSysClkSource
                0x000000000800176a       0x28 ./Core/Src/stm32_lpm_if.o
 .text.LL_RCC_GetSysClkSource
                0x0000000008001792       0x18 ./Core/Src/stm32_lpm_if.o
 .text.LL_RCC_SetSMPSClockSource
                0x00000000080017aa       0x28 ./Core/Src/stm32_lpm_if.o
 *fill*         0x00000000080017d2        0x2 
 .text.LL_LPM_EnableSleep
                0x00000000080017d4       0x20 ./Core/Src/stm32_lpm_if.o
 .text.LL_LPM_EnableDeepSleep
                0x00000000080017f4       0x20 ./Core/Src/stm32_lpm_if.o
 .text.LL_HSEM_1StepLock
                0x0000000008001814       0x30 ./Core/Src/stm32_lpm_if.o
 .text.LL_HSEM_ReleaseLock
                0x0000000008001844       0x26 ./Core/Src/stm32_lpm_if.o
 .text.PWR_EnterOffMode
                0x000000000800186a       0x20 ./Core/Src/stm32_lpm_if.o
                0x000000000800186a                PWR_EnterOffMode
 .text.PWR_ExitOffMode
                0x000000000800188a        0xc ./Core/Src/stm32_lpm_if.o
                0x000000000800188a                PWR_ExitOffMode
 .text.PWR_EnterStopMode
                0x0000000008001896       0x1c ./Core/Src/stm32_lpm_if.o
                0x0000000008001896                PWR_EnterStopMode
 .text.PWR_ExitStopMode
                0x00000000080018b2       0x10 ./Core/Src/stm32_lpm_if.o
                0x00000000080018b2                PWR_ExitStopMode
 .text.PWR_EnterSleepMode
                0x00000000080018c2       0x12 ./Core/Src/stm32_lpm_if.o
                0x00000000080018c2                PWR_EnterSleepMode
 .text.PWR_ExitSleepMode
                0x00000000080018d4        0xc ./Core/Src/stm32_lpm_if.o
                0x00000000080018d4                PWR_ExitSleepMode
 .text.EnterLowPower
                0x00000000080018e0       0x5c ./Core/Src/stm32_lpm_if.o
 .text.ExitLowPower
                0x000000000800193c       0x34 ./Core/Src/stm32_lpm_if.o
 .text.Switch_On_HSI
                0x0000000008001970       0x30 ./Core/Src/stm32_lpm_if.o
 .text.LL_RCC_EnableRTC
                0x00000000080019a0       0x22 ./Core/Src/stm32wbxx_hal_msp.o
 .text.LL_AHB3_GRP1_EnableClock
                0x00000000080019c2       0x32 ./Core/Src/stm32wbxx_hal_msp.o
 .text.LL_APB1_GRP1_EnableClock
                0x00000000080019f4       0x32 ./Core/Src/stm32wbxx_hal_msp.o
 .text.HAL_MspInit
                0x0000000008001a26       0x20 ./Core/Src/stm32wbxx_hal_msp.o
                0x0000000008001a26                HAL_MspInit
 *fill*         0x0000000008001a46        0x2 
 .text.HAL_IPCC_MspInit
                0x0000000008001a48       0x28 ./Core/Src/stm32wbxx_hal_msp.o
                0x0000000008001a48                HAL_IPCC_MspInit
 .text.HAL_RTC_MspInit
                0x0000000008001a70       0x58 ./Core/Src/stm32wbxx_hal_msp.o
                0x0000000008001a70                HAL_RTC_MspInit
 .text.NMI_Handler
                0x0000000008001ac8        0x6 ./Core/Src/stm32wbxx_it.o
                0x0000000008001ac8                NMI_Handler
 .text.HardFault_Handler
                0x0000000008001ace        0x6 ./Core/Src/stm32wbxx_it.o
                0x0000000008001ace                HardFault_Handler
 .text.MemManage_Handler
                0x0000000008001ad4        0x6 ./Core/Src/stm32wbxx_it.o
                0x0000000008001ad4                MemManage_Handler
 .text.BusFault_Handler
                0x0000000008001ada        0x6 ./Core/Src/stm32wbxx_it.o
                0x0000000008001ada                BusFault_Handler
 .text.UsageFault_Handler
                0x0000000008001ae0        0x6 ./Core/Src/stm32wbxx_it.o
                0x0000000008001ae0                UsageFault_Handler
 .text.SVC_Handler
                0x0000000008001ae6        0xe ./Core/Src/stm32wbxx_it.o
                0x0000000008001ae6                SVC_Handler
 .text.DebugMon_Handler
                0x0000000008001af4        0xe ./Core/Src/stm32wbxx_it.o
                0x0000000008001af4                DebugMon_Handler
 .text.PendSV_Handler
                0x0000000008001b02        0xe ./Core/Src/stm32wbxx_it.o
                0x0000000008001b02                PendSV_Handler
 .text.SysTick_Handler
                0x0000000008001b10        0xc ./Core/Src/stm32wbxx_it.o
                0x0000000008001b10                SysTick_Handler
 .text.HSEM_IRQHandler
                0x0000000008001b1c        0xc ./Core/Src/stm32wbxx_it.o
                0x0000000008001b1c                HSEM_IRQHandler
 .text.SystemInit
                0x0000000008001b28       0xa4 ./Core/Src/system_stm32wbxx.o
                0x0000000008001b28                SystemInit
 .text.data_initializers
                0x0000000008001bcc       0x18 ./Core/Startup/startup_stm32wb5mmghx.o
 .text.Reset_Handler
                0x0000000008001be4       0x54 ./Core/Startup/startup_stm32wb5mmghx.o
                0x0000000008001be4                Reset_Handler
 .text.Default_Handler
                0x0000000008001c38        0x2 ./Core/Startup/startup_stm32wb5mmghx.o
                0x0000000008001c38                RTC_Alarm_IRQHandler
                0x0000000008001c38                EXTI2_IRQHandler
                0x0000000008001c38                TIM1_CC_IRQHandler
                0x0000000008001c38                TSC_IRQHandler
                0x0000000008001c38                USB_HP_IRQHandler
                0x0000000008001c38                EXTI3_IRQHandler
                0x0000000008001c38                LPTIM2_IRQHandler
                0x0000000008001c38                I2C3_ER_IRQHandler
                0x0000000008001c38                EXTI0_IRQHandler
                0x0000000008001c38                FPU_IRQHandler
                0x0000000008001c38                TIM1_UP_TIM16_IRQHandler
                0x0000000008001c38                AES1_IRQHandler
                0x0000000008001c38                SPI1_IRQHandler
                0x0000000008001c38                PWR_SOTF_BLEACT_802ACT_RFPHASE_IRQHandler
                0x0000000008001c38                DMA2_Channel2_IRQHandler
                0x0000000008001c38                DMA1_Channel4_IRQHandler
                0x0000000008001c38                ADC1_IRQHandler
                0x0000000008001c38                PKA_IRQHandler
                0x0000000008001c38                DMA1_Channel7_IRQHandler
                0x0000000008001c38                LCD_IRQHandler
                0x0000000008001c38                IPCC_C1_TX_IRQHandler
                0x0000000008001c38                DMA2_Channel1_IRQHandler
                0x0000000008001c38                QUADSPI_IRQHandler
                0x0000000008001c38                I2C1_EV_IRQHandler
                0x0000000008001c38                DMAMUX1_OVR_IRQHandler
                0x0000000008001c38                DMA1_Channel6_IRQHandler
                0x0000000008001c38                DMA2_Channel4_IRQHandler
                0x0000000008001c38                RCC_IRQHandler
                0x0000000008001c38                DMA1_Channel1_IRQHandler
                0x0000000008001c38                Default_Handler
                0x0000000008001c38                DMA2_Channel7_IRQHandler
                0x0000000008001c38                EXTI15_10_IRQHandler
                0x0000000008001c38                IPCC_C1_RX_IRQHandler
                0x0000000008001c38                C2SEV_PWR_C2H_IRQHandler
                0x0000000008001c38                AES2_IRQHandler
                0x0000000008001c38                I2C3_EV_IRQHandler
                0x0000000008001c38                EXTI9_5_IRQHandler
                0x0000000008001c38                RTC_WKUP_IRQHandler
                0x0000000008001c38                PVD_PVM_IRQHandler
                0x0000000008001c38                SPI2_IRQHandler
                0x0000000008001c38                DMA2_Channel5_IRQHandler
                0x0000000008001c38                CRS_IRQHandler
                0x0000000008001c38                DMA1_Channel5_IRQHandler
                0x0000000008001c38                USB_LP_IRQHandler
                0x0000000008001c38                EXTI4_IRQHandler
                0x0000000008001c38                RNG_IRQHandler
                0x0000000008001c38                TIM1_TRG_COM_TIM17_IRQHandler
                0x0000000008001c38                TAMP_STAMP_LSECSS_IRQHandler
                0x0000000008001c38                DMA1_Channel3_IRQHandler
                0x0000000008001c38                COMP_IRQHandler
                0x0000000008001c38                WWDG_IRQHandler
                0x0000000008001c38                LPUART1_IRQHandler
                0x0000000008001c38                DMA2_Channel6_IRQHandler
                0x0000000008001c38                TIM2_IRQHandler
                0x0000000008001c38                TIM1_BRK_IRQHandler
                0x0000000008001c38                EXTI1_IRQHandler
                0x0000000008001c38                DMA1_Channel2_IRQHandler
                0x0000000008001c38                FLASH_IRQHandler
                0x0000000008001c38                USART1_IRQHandler
                0x0000000008001c38                I2C1_ER_IRQHandler
                0x0000000008001c38                LPTIM1_IRQHandler
                0x0000000008001c38                SAI1_IRQHandler
                0x0000000008001c38                DMA2_Channel3_IRQHandler
 *fill*         0x0000000008001c3a        0x2 
 .text.HAL_Init
                0x0000000008001c3c       0x40 ./Drivers/STM32WBxx_HAL_Driver/Src/stm32wbxx_hal.o
                0x0000000008001c3c                HAL_Init
 .text.HAL_InitTick
                0x0000000008001c7c       0x74 ./Drivers/STM32WBxx_HAL_Driver/Src/stm32wbxx_hal.o
                0x0000000008001c7c                HAL_InitTick
 .text.HAL_IncTick
                0x0000000008001cf0       0x28 ./Drivers/STM32WBxx_HAL_Driver/Src/stm32wbxx_hal.o
                0x0000000008001cf0                HAL_IncTick
 .text.HAL_GetTick
                0x0000000008001d18       0x18 ./Drivers/STM32WBxx_HAL_Driver/Src/stm32wbxx_hal.o
                0x0000000008001d18                HAL_GetTick
 .text.HAL_GetTickPrio
                0x0000000008001d30       0x18 ./Drivers/STM32WBxx_HAL_Driver/Src/stm32wbxx_hal.o
                0x0000000008001d30                HAL_GetTickPrio
 .text.HAL_SuspendTick
                0x0000000008001d48       0x20 ./Drivers/STM32WBxx_HAL_Driver/Src/stm32wbxx_hal.o
                0x0000000008001d48                HAL_SuspendTick
 .text.HAL_ResumeTick
                0x0000000008001d68       0x20 ./Drivers/STM32WBxx_HAL_Driver/Src/stm32wbxx_hal.o
                0x0000000008001d68                HAL_ResumeTick
 .text.__NVIC_SetPriorityGrouping
                0x0000000008001d88       0x48 ./Drivers/STM32WBxx_HAL_Driver/Src/stm32wbxx_hal_cortex.o
 .text.__NVIC_GetPriorityGrouping
                0x0000000008001dd0       0x1c ./Drivers/STM32WBxx_HAL_Driver/Src/stm32wbxx_hal_cortex.o
 .text.__NVIC_EnableIRQ
                0x0000000008001dec       0x3c ./Drivers/STM32WBxx_HAL_Driver/Src/stm32wbxx_hal_cortex.o
 .text.__NVIC_DisableIRQ
                0x0000000008001e28       0x48 ./Drivers/STM32WBxx_HAL_Driver/Src/stm32wbxx_hal_cortex.o
 .text.__NVIC_SetPendingIRQ
                0x0000000008001e70       0x3c ./Drivers/STM32WBxx_HAL_Driver/Src/stm32wbxx_hal_cortex.o
 .text.__NVIC_ClearPendingIRQ
                0x0000000008001eac       0x3c ./Drivers/STM32WBxx_HAL_Driver/Src/stm32wbxx_hal_cortex.o
 .text.__NVIC_SetPriority
                0x0000000008001ee8       0x54 ./Drivers/STM32WBxx_HAL_Driver/Src/stm32wbxx_hal_cortex.o
 .text.NVIC_EncodePriority
                0x0000000008001f3c       0x66 ./Drivers/STM32WBxx_HAL_Driver/Src/stm32wbxx_hal_cortex.o
 *fill*         0x0000000008001fa2        0x2 
 .text.SysTick_Config
                0x0000000008001fa4       0x44 ./Drivers/STM32WBxx_HAL_Driver/Src/stm32wbxx_hal_cortex.o
 .text.HAL_NVIC_SetPriorityGrouping
                0x0000000008001fe8       0x16 ./Drivers/STM32WBxx_HAL_Driver/Src/stm32wbxx_hal_cortex.o
                0x0000000008001fe8                HAL_NVIC_SetPriorityGrouping
 .text.HAL_NVIC_SetPriority
                0x0000000008001ffe       0x34 ./Drivers/STM32WBxx_HAL_Driver/Src/stm32wbxx_hal_cortex.o
                0x0000000008001ffe                HAL_NVIC_SetPriority
 .text.HAL_NVIC_EnableIRQ
                0x0000000008002032       0x1c ./Drivers/STM32WBxx_HAL_Driver/Src/stm32wbxx_hal_cortex.o
                0x0000000008002032                HAL_NVIC_EnableIRQ
 .text.HAL_NVIC_DisableIRQ
                0x000000000800204e       0x1c ./Drivers/STM32WBxx_HAL_Driver/Src/stm32wbxx_hal_cortex.o
                0x000000000800204e                HAL_NVIC_DisableIRQ
 .text.HAL_SYSTICK_Config
                0x000000000800206a       0x18 ./Drivers/STM32WBxx_HAL_Driver/Src/stm32wbxx_hal_cortex.o
                0x000000000800206a                HAL_SYSTICK_Config
 .text.HAL_NVIC_SetPendingIRQ
                0x0000000008002082       0x1c ./Drivers/STM32WBxx_HAL_Driver/Src/stm32wbxx_hal_cortex.o
                0x0000000008002082                HAL_NVIC_SetPendingIRQ
 .text.HAL_NVIC_ClearPendingIRQ
                0x000000000800209e       0x1c ./Drivers/STM32WBxx_HAL_Driver/Src/stm32wbxx_hal_cortex.o
                0x000000000800209e                HAL_NVIC_ClearPendingIRQ
 *fill*         0x00000000080020ba        0x2 
 .text.HAL_GPIO_Init
                0x00000000080020bc      0x2e0 ./Drivers/STM32WBxx_HAL_Driver/Src/stm32wbxx_hal_gpio.o
                0x00000000080020bc                HAL_GPIO_Init
 .text.HAL_GPIO_WritePin
                0x000000000800239c       0x30 ./Drivers/STM32WBxx_HAL_Driver/Src/stm32wbxx_hal_gpio.o
                0x000000000800239c                HAL_GPIO_WritePin
 .text.HAL_HSEM_IRQHandler
                0x00000000080023cc       0x34 ./Drivers/STM32WBxx_HAL_Driver/Src/stm32wbxx_hal_hsem.o
                0x00000000080023cc                HAL_HSEM_IRQHandler
 .text.HAL_HSEM_FreeCallback
                0x0000000008002400       0x14 ./Drivers/STM32WBxx_HAL_Driver/Src/stm32wbxx_hal_hsem.o
                0x0000000008002400                HAL_HSEM_FreeCallback
 .text.HAL_IPCC_Init
                0x0000000008002414       0x64 ./Drivers/STM32WBxx_HAL_Driver/Src/stm32wbxx_hal_ipcc.o
                0x0000000008002414                HAL_IPCC_Init
 .text.HAL_IPCC_RxCallback
                0x0000000008002478       0x1a ./Drivers/STM32WBxx_HAL_Driver/Src/stm32wbxx_hal_ipcc.o
                0x0000000008002478                HAL_IPCC_RxCallback
 .text.HAL_IPCC_TxCallback
                0x0000000008002492       0x1a ./Drivers/STM32WBxx_HAL_Driver/Src/stm32wbxx_hal_ipcc.o
                0x0000000008002492                HAL_IPCC_TxCallback
 .text.IPCC_SetDefaultCallbacks
                0x00000000080024ac       0x4c ./Drivers/STM32WBxx_HAL_Driver/Src/stm32wbxx_hal_ipcc.o
                0x00000000080024ac                IPCC_SetDefaultCallbacks
 .text.IPCC_Reset_Register
                0x00000000080024f8       0x28 ./Drivers/STM32WBxx_HAL_Driver/Src/stm32wbxx_hal_ipcc.o
                0x00000000080024f8                IPCC_Reset_Register
 .text.HAL_PWR_EnableBkUpAccess
                0x0000000008002520       0x20 ./Drivers/STM32WBxx_HAL_Driver/Src/stm32wbxx_hal_pwr.o
                0x0000000008002520                HAL_PWR_EnableBkUpAccess
 .text.HAL_PWREx_GetVoltageRange
                0x0000000008002540       0x1c ./Drivers/STM32WBxx_HAL_Driver/Src/stm32wbxx_hal_pwr_ex.o
                0x0000000008002540                HAL_PWREx_GetVoltageRange
 .text.LL_RCC_HSE_IsEnabledDiv2
                0x000000000800255c       0x24 ./Drivers/STM32WBxx_HAL_Driver/Src/stm32wbxx_hal_rcc.o
 .text.LL_RCC_HSE_Enable
                0x0000000008002580       0x1e ./Drivers/STM32WBxx_HAL_Driver/Src/stm32wbxx_hal_rcc.o
 .text.LL_RCC_HSE_Disable
                0x000000000800259e       0x1e ./Drivers/STM32WBxx_HAL_Driver/Src/stm32wbxx_hal_rcc.o
 .text.LL_RCC_HSE_IsReady
                0x00000000080025bc       0x24 ./Drivers/STM32WBxx_HAL_Driver/Src/stm32wbxx_hal_rcc.o
 .text.LL_RCC_HSI_Enable
                0x00000000080025e0       0x1e ./Drivers/STM32WBxx_HAL_Driver/Src/stm32wbxx_hal_rcc.o
 .text.LL_RCC_HSI_Disable
                0x00000000080025fe       0x1e ./Drivers/STM32WBxx_HAL_Driver/Src/stm32wbxx_hal_rcc.o
 .text.LL_RCC_HSI_IsReady
                0x000000000800261c       0x24 ./Drivers/STM32WBxx_HAL_Driver/Src/stm32wbxx_hal_rcc.o
 .text.LL_RCC_HSI_SetCalibTrimming
                0x0000000008002640       0x2a ./Drivers/STM32WBxx_HAL_Driver/Src/stm32wbxx_hal_rcc.o
 .text.LL_RCC_HSI48_Enable
                0x000000000800266a       0x22 ./Drivers/STM32WBxx_HAL_Driver/Src/stm32wbxx_hal_rcc.o
 .text.LL_RCC_HSI48_Disable
                0x000000000800268c       0x22 ./Drivers/STM32WBxx_HAL_Driver/Src/stm32wbxx_hal_rcc.o
 .text.LL_RCC_HSI48_IsReady
                0x00000000080026ae       0x24 ./Drivers/STM32WBxx_HAL_Driver/Src/stm32wbxx_hal_rcc.o
 .text.LL_RCC_LSE_Enable
                0x00000000080026d2       0x22 ./Drivers/STM32WBxx_HAL_Driver/Src/stm32wbxx_hal_rcc.o
 .text.LL_RCC_LSE_Disable
                0x00000000080026f4       0x22 ./Drivers/STM32WBxx_HAL_Driver/Src/stm32wbxx_hal_rcc.o
 .text.LL_RCC_LSE_EnableBypass
                0x0000000008002716       0x22 ./Drivers/STM32WBxx_HAL_Driver/Src/stm32wbxx_hal_rcc.o
 .text.LL_RCC_LSE_DisableBypass
                0x0000000008002738       0x22 ./Drivers/STM32WBxx_HAL_Driver/Src/stm32wbxx_hal_rcc.o
 .text.LL_RCC_LSE_IsReady
                0x000000000800275a       0x24 ./Drivers/STM32WBxx_HAL_Driver/Src/stm32wbxx_hal_rcc.o
 .text.LL_RCC_LSI1_Enable
                0x000000000800277e       0x22 ./Drivers/STM32WBxx_HAL_Driver/Src/stm32wbxx_hal_rcc.o
 .text.LL_RCC_LSI1_Disable
                0x00000000080027a0       0x22 ./Drivers/STM32WBxx_HAL_Driver/Src/stm32wbxx_hal_rcc.o
 .text.LL_RCC_LSI1_IsReady
                0x00000000080027c2       0x24 ./Drivers/STM32WBxx_HAL_Driver/Src/stm32wbxx_hal_rcc.o
 .text.LL_RCC_LSI2_Enable
                0x00000000080027e6       0x22 ./Drivers/STM32WBxx_HAL_Driver/Src/stm32wbxx_hal_rcc.o
 .text.LL_RCC_LSI2_Disable
                0x0000000008002808       0x22 ./Drivers/STM32WBxx_HAL_Driver/Src/stm32wbxx_hal_rcc.o
 .text.LL_RCC_LSI2_IsReady
                0x000000000800282a       0x24 ./Drivers/STM32WBxx_HAL_Driver/Src/stm32wbxx_hal_rcc.o
 .text.LL_RCC_LSI2_SetTrimming
                0x000000000800284e       0x2e ./Drivers/STM32WBxx_HAL_Driver/Src/stm32wbxx_hal_rcc.o
 .text.LL_RCC_MSI_Enable
                0x000000000800287c       0x1e ./Drivers/STM32WBxx_HAL_Driver/Src/stm32wbxx_hal_rcc.o
 .text.LL_RCC_MSI_Disable
                0x000000000800289a       0x1e ./Drivers/STM32WBxx_HAL_Driver/Src/stm32wbxx_hal_rcc.o
 .text.LL_RCC_MSI_IsReady
                0x00000000080028b8       0x22 ./Drivers/STM32WBxx_HAL_Driver/Src/stm32wbxx_hal_rcc.o
 .text.LL_RCC_MSI_SetRange
                0x00000000080028da       0x28 ./Drivers/STM32WBxx_HAL_Driver/Src/stm32wbxx_hal_rcc.o
 .text.LL_RCC_MSI_GetRange
                0x0000000008002902       0x2a ./Drivers/STM32WBxx_HAL_Driver/Src/stm32wbxx_hal_rcc.o
 .text.LL_RCC_MSI_SetCalibTrimming
                0x000000000800292c       0x2a ./Drivers/STM32WBxx_HAL_Driver/Src/stm32wbxx_hal_rcc.o
 .text.LL_RCC_SetSysClkSource
                0x0000000008002956       0x28 ./Drivers/STM32WBxx_HAL_Driver/Src/stm32wbxx_hal_rcc.o
 .text.LL_RCC_GetSysClkSource
                0x000000000800297e       0x18 ./Drivers/STM32WBxx_HAL_Driver/Src/stm32wbxx_hal_rcc.o
 .text.LL_RCC_SetAHBPrescaler
                0x0000000008002996       0x28 ./Drivers/STM32WBxx_HAL_Driver/Src/stm32wbxx_hal_rcc.o
 .text.LL_C2_RCC_SetAHBPrescaler
                0x00000000080029be       0x2c ./Drivers/STM32WBxx_HAL_Driver/Src/stm32wbxx_hal_rcc.o
 .text.LL_RCC_SetAHB4Prescaler
                0x00000000080029ea       0x2e ./Drivers/STM32WBxx_HAL_Driver/Src/stm32wbxx_hal_rcc.o
 .text.LL_RCC_SetAPB1Prescaler
                0x0000000008002a18       0x28 ./Drivers/STM32WBxx_HAL_Driver/Src/stm32wbxx_hal_rcc.o
 .text.LL_RCC_SetAPB2Prescaler
                0x0000000008002a40       0x28 ./Drivers/STM32WBxx_HAL_Driver/Src/stm32wbxx_hal_rcc.o
 .text.LL_RCC_GetAHBPrescaler
                0x0000000008002a68       0x18 ./Drivers/STM32WBxx_HAL_Driver/Src/stm32wbxx_hal_rcc.o
 .text.LL_RCC_GetAHB4Prescaler
                0x0000000008002a80       0x1c ./Drivers/STM32WBxx_HAL_Driver/Src/stm32wbxx_hal_rcc.o
 .text.LL_RCC_PLL_Enable
                0x0000000008002a9c       0x1e ./Drivers/STM32WBxx_HAL_Driver/Src/stm32wbxx_hal_rcc.o
 .text.LL_RCC_PLL_Disable
                0x0000000008002aba       0x1e ./Drivers/STM32WBxx_HAL_Driver/Src/stm32wbxx_hal_rcc.o
 .text.LL_RCC_PLL_IsReady
                0x0000000008002ad8       0x24 ./Drivers/STM32WBxx_HAL_Driver/Src/stm32wbxx_hal_rcc.o
 .text.LL_RCC_PLL_GetN
                0x0000000008002afc       0x1a ./Drivers/STM32WBxx_HAL_Driver/Src/stm32wbxx_hal_rcc.o
 .text.LL_RCC_PLL_GetR
                0x0000000008002b16       0x18 ./Drivers/STM32WBxx_HAL_Driver/Src/stm32wbxx_hal_rcc.o
 .text.LL_RCC_PLL_GetDivider
                0x0000000008002b2e       0x18 ./Drivers/STM32WBxx_HAL_Driver/Src/stm32wbxx_hal_rcc.o
 .text.LL_RCC_PLL_GetMainSource
                0x0000000008002b46       0x18 ./Drivers/STM32WBxx_HAL_Driver/Src/stm32wbxx_hal_rcc.o
 .text.LL_RCC_IsActiveFlag_HPRE
                0x0000000008002b5e       0x24 ./Drivers/STM32WBxx_HAL_Driver/Src/stm32wbxx_hal_rcc.o
 .text.LL_RCC_IsActiveFlag_C2HPRE
                0x0000000008002b82       0x26 ./Drivers/STM32WBxx_HAL_Driver/Src/stm32wbxx_hal_rcc.o
 .text.LL_RCC_IsActiveFlag_SHDHPRE
                0x0000000008002ba8       0x26 ./Drivers/STM32WBxx_HAL_Driver/Src/stm32wbxx_hal_rcc.o
 .text.LL_RCC_IsActiveFlag_PPRE1
                0x0000000008002bce       0x24 ./Drivers/STM32WBxx_HAL_Driver/Src/stm32wbxx_hal_rcc.o
 .text.LL_RCC_IsActiveFlag_PPRE2
                0x0000000008002bf2       0x24 ./Drivers/STM32WBxx_HAL_Driver/Src/stm32wbxx_hal_rcc.o
 *fill*         0x0000000008002c16        0x2 
 .text.HAL_RCC_OscConfig
                0x0000000008002c18      0x718 ./Drivers/STM32WBxx_HAL_Driver/Src/stm32wbxx_hal_rcc.o
                0x0000000008002c18                HAL_RCC_OscConfig
 .text.HAL_RCC_ClockConfig
                0x0000000008003330      0x280 ./Drivers/STM32WBxx_HAL_Driver/Src/stm32wbxx_hal_rcc.o
                0x0000000008003330                HAL_RCC_ClockConfig
 .text.HAL_RCC_GetSysClockFreq
                0x00000000080035b0       0xd8 ./Drivers/STM32WBxx_HAL_Driver/Src/stm32wbxx_hal_rcc.o
                0x00000000080035b0                HAL_RCC_GetSysClockFreq
 .text.HAL_RCC_GetHCLKFreq
                0x0000000008003688       0x28 ./Drivers/STM32WBxx_HAL_Driver/Src/stm32wbxx_hal_rcc.o
                0x0000000008003688                HAL_RCC_GetHCLKFreq
 .text.RCC_SetFlashLatencyFromMSIRange
                0x00000000080036b0       0x70 ./Drivers/STM32WBxx_HAL_Driver/Src/stm32wbxx_hal_rcc.o
 .text.RCC_SetFlashLatency
                0x0000000008003720      0x100 ./Drivers/STM32WBxx_HAL_Driver/Src/stm32wbxx_hal_rcc.o
 .text.LL_RCC_LSE_IsEnabled
                0x0000000008003820       0x24 ./Drivers/STM32WBxx_HAL_Driver/Src/stm32wbxx_hal_rcc_ex.o
 .text.LL_RCC_LSE_IsReady
                0x0000000008003844       0x24 ./Drivers/STM32WBxx_HAL_Driver/Src/stm32wbxx_hal_rcc_ex.o
 .text.LL_RCC_SetRFWKPClockSource
                0x0000000008003868       0x2c ./Drivers/STM32WBxx_HAL_Driver/Src/stm32wbxx_hal_rcc_ex.o
 .text.LL_RCC_SetSMPSClockSource
                0x0000000008003894       0x28 ./Drivers/STM32WBxx_HAL_Driver/Src/stm32wbxx_hal_rcc_ex.o
 .text.LL_RCC_SetSMPSPrescaler
                0x00000000080038bc       0x28 ./Drivers/STM32WBxx_HAL_Driver/Src/stm32wbxx_hal_rcc_ex.o
 .text.LL_RCC_SetUSARTClockSource
                0x00000000080038e4       0x2c ./Drivers/STM32WBxx_HAL_Driver/Src/stm32wbxx_hal_rcc_ex.o
 .text.LL_RCC_SetLPUARTClockSource
                0x0000000008003910       0x2c ./Drivers/STM32WBxx_HAL_Driver/Src/stm32wbxx_hal_rcc_ex.o
 .text.LL_RCC_SetI2CClockSource
                0x000000000800393c       0x3a ./Drivers/STM32WBxx_HAL_Driver/Src/stm32wbxx_hal_rcc_ex.o
 .text.LL_RCC_SetLPTIMClockSource
                0x0000000008003976       0x34 ./Drivers/STM32WBxx_HAL_Driver/Src/stm32wbxx_hal_rcc_ex.o
 .text.LL_RCC_SetSAIClockSource
                0x00000000080039aa       0x2c ./Drivers/STM32WBxx_HAL_Driver/Src/stm32wbxx_hal_rcc_ex.o
 .text.LL_RCC_SetRNGClockSource
                0x00000000080039d6       0x2c ./Drivers/STM32WBxx_HAL_Driver/Src/stm32wbxx_hal_rcc_ex.o
 .text.LL_RCC_SetCLK48ClockSource
                0x0000000008003a02       0x2c ./Drivers/STM32WBxx_HAL_Driver/Src/stm32wbxx_hal_rcc_ex.o
 .text.LL_RCC_SetUSBClockSource
                0x0000000008003a2e       0x16 ./Drivers/STM32WBxx_HAL_Driver/Src/stm32wbxx_hal_rcc_ex.o
 .text.LL_RCC_SetADCClockSource
                0x0000000008003a44       0x2c ./Drivers/STM32WBxx_HAL_Driver/Src/stm32wbxx_hal_rcc_ex.o
 .text.LL_RCC_SetRTCClockSource
                0x0000000008003a70       0x2c ./Drivers/STM32WBxx_HAL_Driver/Src/stm32wbxx_hal_rcc_ex.o
 .text.LL_RCC_GetRTCClockSource
                0x0000000008003a9c       0x1a ./Drivers/STM32WBxx_HAL_Driver/Src/stm32wbxx_hal_rcc_ex.o
 .text.LL_RCC_ForceBackupDomainReset
                0x0000000008003ab6       0x22 ./Drivers/STM32WBxx_HAL_Driver/Src/stm32wbxx_hal_rcc_ex.o
 .text.LL_RCC_ReleaseBackupDomainReset
                0x0000000008003ad8       0x22 ./Drivers/STM32WBxx_HAL_Driver/Src/stm32wbxx_hal_rcc_ex.o
 .text.LL_RCC_PLLSAI1_Enable
                0x0000000008003afa       0x1e ./Drivers/STM32WBxx_HAL_Driver/Src/stm32wbxx_hal_rcc_ex.o
 .text.LL_RCC_PLLSAI1_Disable
                0x0000000008003b18       0x1e ./Drivers/STM32WBxx_HAL_Driver/Src/stm32wbxx_hal_rcc_ex.o
 .text.LL_RCC_PLLSAI1_IsReady
                0x0000000008003b36       0x24 ./Drivers/STM32WBxx_HAL_Driver/Src/stm32wbxx_hal_rcc_ex.o
 .text.HAL_RCCEx_PeriphCLKConfig
                0x0000000008003b5a      0x2ec ./Drivers/STM32WBxx_HAL_Driver/Src/stm32wbxx_hal_rcc_ex.o
                0x0000000008003b5a                HAL_RCCEx_PeriphCLKConfig
 .text.RCCEx_PLLSAI1_ConfigNP
                0x0000000008003e46       0xb6 ./Drivers/STM32WBxx_HAL_Driver/Src/stm32wbxx_hal_rcc_ex.o
 .text.RCCEx_PLLSAI1_ConfigNQ
                0x0000000008003efc       0xb6 ./Drivers/STM32WBxx_HAL_Driver/Src/stm32wbxx_hal_rcc_ex.o
 .text.RCCEx_PLLSAI1_ConfigNR
                0x0000000008003fb2       0xb6 ./Drivers/STM32WBxx_HAL_Driver/Src/stm32wbxx_hal_rcc_ex.o
 .text.HAL_RTC_Init
                0x0000000008004068      0x13c ./Drivers/STM32WBxx_HAL_Driver/Src/stm32wbxx_hal_rtc.o
                0x0000000008004068                HAL_RTC_Init
 .text.HAL_RTC_WaitForSynchro
                0x00000000080041a4       0x4c ./Drivers/STM32WBxx_HAL_Driver/Src/stm32wbxx_hal_rtc.o
                0x00000000080041a4                HAL_RTC_WaitForSynchro
 .text.RTC_EnterInitMode
                0x00000000080041f0       0x54 ./Drivers/STM32WBxx_HAL_Driver/Src/stm32wbxx_hal_rtc.o
                0x00000000080041f0                RTC_EnterInitMode
 .text.aci_gap_set_non_discoverable
                0x0000000008004244       0x48 ./Middlewares/ST/STM32_WPAN/ble/core/auto/ble_gap_aci.o
                0x0000000008004244                aci_gap_set_non_discoverable
 .text.aci_gap_set_discoverable
                0x000000000800428c      0x1bc ./Middlewares/ST/STM32_WPAN/ble/core/auto/ble_gap_aci.o
                0x000000000800428c                aci_gap_set_discoverable
 .text.aci_gap_set_io_capability
                0x0000000008004448       0x94 ./Middlewares/ST/STM32_WPAN/ble/core/auto/ble_gap_aci.o
                0x0000000008004448                aci_gap_set_io_capability
 .text.aci_gap_set_authentication_requirement
                0x00000000080044dc      0x150 ./Middlewares/ST/STM32_WPAN/ble/core/auto/ble_gap_aci.o
                0x00000000080044dc                aci_gap_set_authentication_requirement
 .text.aci_gap_init
                0x000000000800462c      0x116 ./Middlewares/ST/STM32_WPAN/ble/core/auto/ble_gap_aci.o
                0x000000000800462c                aci_gap_init
 .text.aci_gap_update_adv_data
                0x0000000008004742       0xb8 ./Middlewares/ST/STM32_WPAN/ble/core/auto/ble_gap_aci.o
                0x0000000008004742                aci_gap_update_adv_data
 .text.aci_gap_configure_whitelist
                0x00000000080047fa       0x48 ./Middlewares/ST/STM32_WPAN/ble/core/auto/ble_gap_aci.o
                0x00000000080047fa                aci_gap_configure_whitelist
 .text.aci_gatt_init
                0x0000000008004842       0x4a ./Middlewares/ST/STM32_WPAN/ble/core/auto/ble_gatt_aci.o
                0x0000000008004842                aci_gatt_init
 .text.aci_gatt_add_service
                0x000000000800488c      0x15e ./Middlewares/ST/STM32_WPAN/ble/core/auto/ble_gatt_aci.o
                0x000000000800488c                aci_gatt_add_service
 .text.aci_gatt_add_char
                0x00000000080049ea      0x1d4 ./Middlewares/ST/STM32_WPAN/ble/core/auto/ble_gatt_aci.o
                0x00000000080049ea                aci_gatt_add_char
 .text.aci_gatt_update_char_value
                0x0000000008004bbe      0x10e ./Middlewares/ST/STM32_WPAN/ble/core/auto/ble_gatt_aci.o
                0x0000000008004bbe                aci_gatt_update_char_value
 .text.aci_hal_write_config_data
                0x0000000008004ccc       0xd2 ./Middlewares/ST/STM32_WPAN/ble/core/auto/ble_hal_aci.o
                0x0000000008004ccc                aci_hal_write_config_data
 .text.aci_hal_set_tx_power_level
                0x0000000008004d9e       0xae ./Middlewares/ST/STM32_WPAN/ble/core/auto/ble_hal_aci.o
                0x0000000008004d9e                aci_hal_set_tx_power_level
 .text.aci_hal_set_radio_activity_mask
                0x0000000008004e4c       0x94 ./Middlewares/ST/STM32_WPAN/ble/core/auto/ble_hal_aci.o
                0x0000000008004e4c                aci_hal_set_radio_activity_mask
 .text.hci_reset
                0x0000000008004ee0       0x48 ./Middlewares/ST/STM32_WPAN/ble/core/auto/ble_hci_le.o
                0x0000000008004ee0                hci_reset
 .text.hci_le_read_phy
                0x0000000008004f28       0xd0 ./Middlewares/ST/STM32_WPAN/ble/core/auto/ble_hci_le.o
                0x0000000008004f28                hci_le_read_phy
 .text.hci_le_set_default_phy
                0x0000000008004ff8       0xce ./Middlewares/ST/STM32_WPAN/ble/core/auto/ble_hci_le.o
                0x0000000008004ff8                hci_le_set_default_phy
 .text.Osal_MemCpy
                0x00000000080050c6       0x20 ./Middlewares/ST/STM32_WPAN/ble/core/template/osal.o
                0x00000000080050c6                Osal_MemCpy
 .text.Osal_MemSet
                0x00000000080050e6       0x20 ./Middlewares/ST/STM32_WPAN/ble/core/template/osal.o
                0x00000000080050e6                Osal_MemSet
 *fill*         0x0000000008005106        0x2 
 .text.PeerToPeer_Event_Handler
                0x0000000008005108       0xc8 ./Middlewares/ST/STM32_WPAN/ble/svc/Src/p2p_stm.o
 .text.P2PS_STM_Init
                0x00000000080051d0      0x140 ./Middlewares/ST/STM32_WPAN/ble/svc/Src/p2p_stm.o
                0x00000000080051d0                P2PS_STM_Init
 .text.BAS_Init
                0x0000000008005310        0xe ./Middlewares/ST/STM32_WPAN/ble/svc/Src/svc_ctl.o
                0x0000000008005310                BAS_Init
 .text.BLS_Init
                0x000000000800531e        0xe ./Middlewares/ST/STM32_WPAN/ble/svc/Src/svc_ctl.o
                0x000000000800531e                BLS_Init
 .text.CRS_STM_Init
                0x000000000800532c        0xe ./Middlewares/ST/STM32_WPAN/ble/svc/Src/svc_ctl.o
                0x000000000800532c                CRS_STM_Init
 .text.DIS_Init
                0x000000000800533a        0xe ./Middlewares/ST/STM32_WPAN/ble/svc/Src/svc_ctl.o
                0x000000000800533a                DIS_Init
 .text.EDS_STM_Init
                0x0000000008005348        0xe ./Middlewares/ST/STM32_WPAN/ble/svc/Src/svc_ctl.o
                0x0000000008005348                EDS_STM_Init
 .text.HIDS_Init
                0x0000000008005356        0xe ./Middlewares/ST/STM32_WPAN/ble/svc/Src/svc_ctl.o
                0x0000000008005356                HIDS_Init
 .text.HRS_Init
                0x0000000008005364        0xe ./Middlewares/ST/STM32_WPAN/ble/svc/Src/svc_ctl.o
                0x0000000008005364                HRS_Init
 .text.HTS_Init
                0x0000000008005372        0xe ./Middlewares/ST/STM32_WPAN/ble/svc/Src/svc_ctl.o
                0x0000000008005372                HTS_Init
 .text.IAS_Init
                0x0000000008005380        0xe ./Middlewares/ST/STM32_WPAN/ble/svc/Src/svc_ctl.o
                0x0000000008005380                IAS_Init
 .text.LLS_Init
                0x000000000800538e        0xe ./Middlewares/ST/STM32_WPAN/ble/svc/Src/svc_ctl.o
                0x000000000800538e                LLS_Init
 .text.TPS_Init
                0x000000000800539c        0xe ./Middlewares/ST/STM32_WPAN/ble/svc/Src/svc_ctl.o
                0x000000000800539c                TPS_Init
 .text.MOTENV_STM_Init
                0x00000000080053aa        0xe ./Middlewares/ST/STM32_WPAN/ble/svc/Src/svc_ctl.o
                0x00000000080053aa                MOTENV_STM_Init
 .text.ZDD_STM_Init
                0x00000000080053b8        0xe ./Middlewares/ST/STM32_WPAN/ble/svc/Src/svc_ctl.o
                0x00000000080053b8                ZDD_STM_Init
 .text.OTAS_STM_Init
                0x00000000080053c6        0xe ./Middlewares/ST/STM32_WPAN/ble/svc/Src/svc_ctl.o
                0x00000000080053c6                OTAS_STM_Init
 .text.MESH_Init
                0x00000000080053d4        0xe ./Middlewares/ST/STM32_WPAN/ble/svc/Src/svc_ctl.o
                0x00000000080053d4                MESH_Init
 .text.BVOPUS_STM_Init
                0x00000000080053e2        0xe ./Middlewares/ST/STM32_WPAN/ble/svc/Src/svc_ctl.o
                0x00000000080053e2                BVOPUS_STM_Init
 .text.SVCCTL_InitCustomSvc
                0x00000000080053f0        0xe ./Middlewares/ST/STM32_WPAN/ble/svc/Src/svc_ctl.o
                0x00000000080053f0                SVCCTL_InitCustomSvc
 *fill*         0x00000000080053fe        0x2 
 .text.SVCCTL_Init
                0x0000000008005400       0x20 ./Middlewares/ST/STM32_WPAN/ble/svc/Src/svc_ctl.o
                0x0000000008005400                SVCCTL_Init
 .text.SVCCTL_SvcInit
                0x0000000008005420       0x50 ./Middlewares/ST/STM32_WPAN/ble/svc/Src/svc_ctl.o
                0x0000000008005420                SVCCTL_SvcInit
 .text.SVCCTL_RegisterSvcHandler
                0x0000000008005470       0x34 ./Middlewares/ST/STM32_WPAN/ble/svc/Src/svc_ctl.o
                0x0000000008005470                SVCCTL_RegisterSvcHandler
 .text.SVCCTL_UserEvtRx
                0x00000000080054a4       0xa8 ./Middlewares/ST/STM32_WPAN/ble/svc/Src/svc_ctl.o
                0x00000000080054a4                SVCCTL_UserEvtRx
 .text.SHCI_C2_BLE_Init
                0x000000000800554c       0x2e ./Middlewares/ST/STM32_WPAN/interface/patterns/ble_thread/shci/shci.o
                0x000000000800554c                SHCI_C2_BLE_Init
 .text.SHCI_C2_DEBUG_Init
                0x000000000800557a       0x2e ./Middlewares/ST/STM32_WPAN/interface/patterns/ble_thread/shci/shci.o
                0x000000000800557a                SHCI_C2_DEBUG_Init
 .text.SHCI_C2_Config
                0x00000000080055a8       0x2a ./Middlewares/ST/STM32_WPAN/interface/patterns/ble_thread/shci/shci.o
                0x00000000080055a8                SHCI_C2_Config
 *fill*         0x00000000080055d2        0x2 
 .text.SHCI_GetWirelessFwInfo
                0x00000000080055d4      0x15c ./Middlewares/ST/STM32_WPAN/interface/patterns/ble_thread/shci/shci.o
                0x00000000080055d4                SHCI_GetWirelessFwInfo
 .text.hci_init
                0x0000000008005730       0x38 ./Middlewares/ST/STM32_WPAN/interface/patterns/ble_thread/tl/hci_tl.o
                0x0000000008005730                hci_init
 .text.hci_user_evt_proc
                0x0000000008005768       0x9c ./Middlewares/ST/STM32_WPAN/interface/patterns/ble_thread/tl/hci_tl.o
                0x0000000008005768                hci_user_evt_proc
 .text.hci_send_req
                0x0000000008005804       0xfc ./Middlewares/ST/STM32_WPAN/interface/patterns/ble_thread/tl/hci_tl.o
                0x0000000008005804                hci_send_req
 .text.TlInit   0x0000000008005900       0x60 ./Middlewares/ST/STM32_WPAN/interface/patterns/ble_thread/tl/hci_tl.o
 .text.SendCmd  0x0000000008005960       0x4c ./Middlewares/ST/STM32_WPAN/interface/patterns/ble_thread/tl/hci_tl.o
 .text.NotifyCmdStatus
                0x00000000080059ac       0x40 ./Middlewares/ST/STM32_WPAN/interface/patterns/ble_thread/tl/hci_tl.o
 .text.TlEvtReceived
                0x00000000080059ec       0x48 ./Middlewares/ST/STM32_WPAN/interface/patterns/ble_thread/tl/hci_tl.o
 .text.hci_register_io_bus
                0x0000000008005a34       0x28 ./Middlewares/ST/STM32_WPAN/interface/patterns/ble_thread/tl/hci_tl_if.o
                0x0000000008005a34                hci_register_io_bus
 .text.shci_init
                0x0000000008005a5c       0x38 ./Middlewares/ST/STM32_WPAN/interface/patterns/ble_thread/tl/shci_tl.o
                0x0000000008005a5c                shci_init
 .text.shci_user_evt_proc
                0x0000000008005a94       0x9c ./Middlewares/ST/STM32_WPAN/interface/patterns/ble_thread/tl/shci_tl.o
                0x0000000008005a94                shci_user_evt_proc
 .text.shci_send
                0x0000000008005b30       0x7c ./Middlewares/ST/STM32_WPAN/interface/patterns/ble_thread/tl/shci_tl.o
                0x0000000008005b30                shci_send
 .text.TlInit   0x0000000008005bac       0x64 ./Middlewares/ST/STM32_WPAN/interface/patterns/ble_thread/tl/shci_tl.o
 .text.Cmd_SetStatus
                0x0000000008005c10       0x50 ./Middlewares/ST/STM32_WPAN/interface/patterns/ble_thread/tl/shci_tl.o
 .text.TlCmdEvtReceived
                0x0000000008005c60       0x16 ./Middlewares/ST/STM32_WPAN/interface/patterns/ble_thread/tl/shci_tl.o
 *fill*         0x0000000008005c76        0x2 
 .text.TlUserEvtReceived
                0x0000000008005c78       0x24 ./Middlewares/ST/STM32_WPAN/interface/patterns/ble_thread/tl/shci_tl.o
 .text.shci_register_io_bus
                0x0000000008005c9c       0x28 ./Middlewares/ST/STM32_WPAN/interface/patterns/ble_thread/tl/shci_tl_if.o
                0x0000000008005c9c                shci_register_io_bus
 .text.TL_Enable
                0x0000000008005cc4        0xc ./Middlewares/ST/STM32_WPAN/interface/patterns/ble_thread/tl/tl_mbox.o
                0x0000000008005cc4                TL_Enable
 .text.TL_Init  0x0000000008005cd0       0x74 ./Middlewares/ST/STM32_WPAN/interface/patterns/ble_thread/tl/tl_mbox.o
                0x0000000008005cd0                TL_Init
 .text.TL_BLE_Init
                0x0000000008005d44       0x68 ./Middlewares/ST/STM32_WPAN/interface/patterns/ble_thread/tl/tl_mbox.o
                0x0000000008005d44                TL_BLE_Init
 .text.TL_BLE_SendCmd
                0x0000000008005dac       0x38 ./Middlewares/ST/STM32_WPAN/interface/patterns/ble_thread/tl/tl_mbox.o
                0x0000000008005dac                TL_BLE_SendCmd
 .text.TL_SYS_Init
                0x0000000008005de4       0x54 ./Middlewares/ST/STM32_WPAN/interface/patterns/ble_thread/tl/tl_mbox.o
                0x0000000008005de4                TL_SYS_Init
 .text.TL_SYS_SendCmd
                0x0000000008005e38       0x38 ./Middlewares/ST/STM32_WPAN/interface/patterns/ble_thread/tl/tl_mbox.o
                0x0000000008005e38                TL_SYS_SendCmd
 .text.TL_MM_Init
                0x0000000008005e70       0x78 ./Middlewares/ST/STM32_WPAN/interface/patterns/ble_thread/tl/tl_mbox.o
                0x0000000008005e70                TL_MM_Init
 .text.TL_MM_EvtDone
                0x0000000008005ee8       0x30 ./Middlewares/ST/STM32_WPAN/interface/patterns/ble_thread/tl/tl_mbox.o
                0x0000000008005ee8                TL_MM_EvtDone
 .text.SendFreeBuf
                0x0000000008005f18       0x40 ./Middlewares/ST/STM32_WPAN/interface/patterns/ble_thread/tl/tl_mbox.o
 .text.TL_TRACES_Init
                0x0000000008005f58       0x24 ./Middlewares/ST/STM32_WPAN/interface/patterns/ble_thread/tl/tl_mbox.o
                0x0000000008005f58                TL_TRACES_Init
 .text.OutputDbgTrace
                0x0000000008005f7c       0xac ./Middlewares/ST/STM32_WPAN/interface/patterns/ble_thread/tl/tl_mbox.o
 .text.OTP_Read
                0x0000000008006028       0x50 ./Middlewares/ST/STM32_WPAN/utilities/otp.o
                0x0000000008006028                OTP_Read
 .text.LST_init_head
                0x0000000008006078       0x20 ./Middlewares/ST/STM32_WPAN/utilities/stm_list.o
                0x0000000008006078                LST_init_head
 .text.LST_is_empty
                0x0000000008006098       0x44 ./Middlewares/ST/STM32_WPAN/utilities/stm_list.o
                0x0000000008006098                LST_is_empty
 .text.LST_insert_head
                0x00000000080060dc       0x4c ./Middlewares/ST/STM32_WPAN/utilities/stm_list.o
                0x00000000080060dc                LST_insert_head
 .text.LST_insert_tail
                0x0000000008006128       0x4c ./Middlewares/ST/STM32_WPAN/utilities/stm_list.o
                0x0000000008006128                LST_insert_tail
 .text.LST_remove_node
                0x0000000008006174       0x42 ./Middlewares/ST/STM32_WPAN/utilities/stm_list.o
                0x0000000008006174                LST_remove_node
 .text.LST_remove_head
                0x00000000080061b6       0x3e ./Middlewares/ST/STM32_WPAN/utilities/stm_list.o
                0x00000000080061b6                LST_remove_head
 .text.LL_FLASH_GetUDN
                0x00000000080061f4       0x18 ./STM32_WPAN/App/app_ble.o
 .text.LL_FLASH_GetDeviceID
                0x000000000800620c       0x18 ./STM32_WPAN/App/app_ble.o
 .text.LL_FLASH_GetSTCompanyID
                0x0000000008006224       0x18 ./STM32_WPAN/App/app_ble.o
 .text.APP_BLE_Init
                0x000000000800623c       0xd8 ./STM32_WPAN/App/app_ble.o
                0x000000000800623c                APP_BLE_Init
 .text.SVCCTL_App_Notification
                0x0000000008006314      0x150 ./STM32_WPAN/App/app_ble.o
                0x0000000008006314                SVCCTL_App_Notification
 .text.Ble_Tl_Init
                0x0000000008006464       0x2c ./STM32_WPAN/App/app_ble.o
 .text.Ble_Hci_Gap_Gatt_Init
                0x0000000008006490      0x168 ./STM32_WPAN/App/app_ble.o
 .text.Adv_Request
                0x00000000080065f8       0xe0 ./STM32_WPAN/App/app_ble.o
 .text.BleGetBdAddress
                0x00000000080066d8       0x88 ./STM32_WPAN/App/app_ble.o
 .text.Adv_Cancel
                0x0000000008006760       0x34 ./STM32_WPAN/App/app_ble.o
 .text.Adv_Cancel_Req
                0x0000000008006794       0x10 ./STM32_WPAN/App/app_ble.o
 .text.Switch_OFF_GPIO
                0x00000000080067a4        0xe ./STM32_WPAN/App/app_ble.o
 .text.hci_notify_asynch_evt
                0x00000000080067b2       0x18 ./STM32_WPAN/App/app_ble.o
                0x00000000080067b2                hci_notify_asynch_evt
 .text.hci_cmd_resp_release
                0x00000000080067ca       0x16 ./STM32_WPAN/App/app_ble.o
                0x00000000080067ca                hci_cmd_resp_release
 .text.hci_cmd_resp_wait
                0x00000000080067e0       0x16 ./STM32_WPAN/App/app_ble.o
                0x00000000080067e0                hci_cmd_resp_wait
 .text.BLE_UserEvtRx
                0x00000000080067f6       0x38 ./STM32_WPAN/App/app_ble.o
 .text.BLE_StatusNot
                0x000000000800682e       0x36 ./STM32_WPAN/App/app_ble.o
 .text.P2PS_STM_App_Notification
                0x0000000008006864       0x38 ./STM32_WPAN/App/p2p_server_app.o
                0x0000000008006864                P2PS_STM_App_Notification
 .text.P2PS_APP_Notification
                0x000000000800689c       0x28 ./STM32_WPAN/App/p2p_server_app.o
                0x000000000800689c                P2PS_APP_Notification
 .text.P2PS_APP_Init
                0x00000000080068c4        0xe ./STM32_WPAN/App/p2p_server_app.o
                0x00000000080068c4                P2PS_APP_Init
 *fill*         0x00000000080068d2        0x2 
 .text.LL_PWR_EnableBootC2
                0x00000000080068d4       0x20 ./STM32_WPAN/Target/hw_ipcc.o
 .text.LL_C2_EXTI_EnableEvent_32_63
                0x00000000080068f4       0x28 ./STM32_WPAN/Target/hw_ipcc.o
 .text.LL_EXTI_EnableRisingTrig_32_63
                0x000000000800691c       0x24 ./STM32_WPAN/Target/hw_ipcc.o
 .text.LL_AHB3_GRP1_EnableClock
                0x0000000008006940       0x32 ./STM32_WPAN/Target/hw_ipcc.o
 .text.LL_C2_AHB3_GRP1_EnableClock
                0x0000000008006972       0x38 ./STM32_WPAN/Target/hw_ipcc.o
 .text.LL_C1_IPCC_EnableIT_TXF
                0x00000000080069aa       0x20 ./STM32_WPAN/Target/hw_ipcc.o
 .text.LL_C1_IPCC_EnableIT_RXO
                0x00000000080069ca       0x20 ./STM32_WPAN/Target/hw_ipcc.o
 .text.LL_C1_IPCC_EnableTransmitChannel
                0x00000000080069ea       0x26 ./STM32_WPAN/Target/hw_ipcc.o
 .text.LL_C1_IPCC_EnableReceiveChannel
                0x0000000008006a10       0x24 ./STM32_WPAN/Target/hw_ipcc.o
 .text.LL_C1_IPCC_SetFlag_CHx
                0x0000000008006a34       0x1e ./STM32_WPAN/Target/hw_ipcc.o
 .text.LL_C1_IPCC_IsActiveFlag_CHx
                0x0000000008006a52       0x2a ./STM32_WPAN/Target/hw_ipcc.o
 .text.HW_IPCC_Enable
                0x0000000008006a7c       0x28 ./STM32_WPAN/Target/hw_ipcc.o
                0x0000000008006a7c                HW_IPCC_Enable
 .text.HW_IPCC_Init
                0x0000000008006aa4       0x2c ./STM32_WPAN/Target/hw_ipcc.o
                0x0000000008006aa4                HW_IPCC_Init
 .text.HW_IPCC_BLE_Init
                0x0000000008006ad0       0x14 ./STM32_WPAN/Target/hw_ipcc.o
                0x0000000008006ad0                HW_IPCC_BLE_Init
 .text.HW_IPCC_BLE_SendCmd
                0x0000000008006ae4       0x14 ./STM32_WPAN/Target/hw_ipcc.o
                0x0000000008006ae4                HW_IPCC_BLE_SendCmd
 .text.HW_IPCC_SYS_Init
                0x0000000008006af8       0x14 ./STM32_WPAN/Target/hw_ipcc.o
                0x0000000008006af8                HW_IPCC_SYS_Init
 .text.HW_IPCC_SYS_SendCmd
                0x0000000008006b0c       0x1c ./STM32_WPAN/Target/hw_ipcc.o
                0x0000000008006b0c                HW_IPCC_SYS_SendCmd
 .text.HW_IPCC_MM_SendFreeBuf
                0x0000000008006b28       0x44 ./STM32_WPAN/Target/hw_ipcc.o
                0x0000000008006b28                HW_IPCC_MM_SendFreeBuf
 .text.HW_IPCC_TRACES_Init
                0x0000000008006b6c       0x14 ./STM32_WPAN/Target/hw_ipcc.o
                0x0000000008006b6c                HW_IPCC_TRACES_Init
 .text.UTIL_LPM_Init
                0x0000000008006b80       0x24 ./Utilities/lpm/tiny_lpm/stm32_lpm.o
                0x0000000008006b80                UTIL_LPM_Init
 .text.UTIL_LPM_SetOffMode
                0x0000000008006ba4       0x60 ./Utilities/lpm/tiny_lpm/stm32_lpm.o
                0x0000000008006ba4                UTIL_LPM_SetOffMode
 .text.UTIL_LPM_EnterLowPower
                0x0000000008006c04       0x6c ./Utilities/lpm/tiny_lpm/stm32_lpm.o
                0x0000000008006c04                UTIL_LPM_EnterLowPower
 .text.UTIL_SEQ_Run
                0x0000000008006c70      0x1d4 ./Utilities/sequencer/stm32_seq.o
                0x0000000008006c70                UTIL_SEQ_Run
 .text.UTIL_SEQ_RegTask
                0x0000000008006e44       0x44 ./Utilities/sequencer/stm32_seq.o
                0x0000000008006e44                UTIL_SEQ_RegTask
 .text.UTIL_SEQ_SetTask
                0x0000000008006e88       0x58 ./Utilities/sequencer/stm32_seq.o
                0x0000000008006e88                UTIL_SEQ_SetTask
 .text.UTIL_SEQ_PauseTask
                0x0000000008006ee0       0x40 ./Utilities/sequencer/stm32_seq.o
                0x0000000008006ee0                UTIL_SEQ_PauseTask
 .text.UTIL_SEQ_ResumeTask
                0x0000000008006f20       0x40 ./Utilities/sequencer/stm32_seq.o
                0x0000000008006f20                UTIL_SEQ_ResumeTask
 .text.UTIL_SEQ_SetEvt
                0x0000000008006f60       0x40 ./Utilities/sequencer/stm32_seq.o
                0x0000000008006f60                UTIL_SEQ_SetEvt
 .text.UTIL_SEQ_WaitEvt
                0x0000000008006fa0       0x9c ./Utilities/sequencer/stm32_seq.o
                0x0000000008006fa0                UTIL_SEQ_WaitEvt
 .text.UTIL_SEQ_PreIdle
                0x000000000800703c        0xe ./Utilities/sequencer/stm32_seq.o
                0x000000000800703c                UTIL_SEQ_PreIdle
 .text.UTIL_SEQ_PostIdle
                0x000000000800704a        0xe ./Utilities/sequencer/stm32_seq.o
                0x000000000800704a                UTIL_SEQ_PostIdle
 .text.SEQ_BitPosition
                0x0000000008007058       0x74 ./Utilities/sequencer/stm32_seq.o
                0x0000000008007058                SEQ_BitPosition
 .text.__libc_init_array
                0x00000000080070cc       0x48 c:/st/stm32cubeide_1.8.0/stm32cubeide/plugins/com.st.stm32cube.ide.mcu.externaltools.gnu-tools-for-stm32.9-2020-q2-update.win32_2.0.0.202105311346/tools/bin/../lib/gcc/arm-none-eabi/9.3.1/../../../../arm-none-eabi/lib/thumb/v7e-m+fp/hard\libc_nano.a(lib_a-init.o)
                0x00000000080070cc                __libc_init_array
 .text.memcpy   0x0000000008007114       0x1c c:/st/stm32cubeide_1.8.0/stm32cubeide/plugins/com.st.stm32cube.ide.mcu.externaltools.gnu-tools-for-stm32.9-2020-q2-update.win32_2.0.0.202105311346/tools/bin/../lib/gcc/arm-none-eabi/9.3.1/../../../../arm-none-eabi/lib/thumb/v7e-m+fp/hard\libc_nano.a(lib_a-memcpy-stub.o)
                0x0000000008007114                memcpy
 .text.memset   0x0000000008007130       0x10 c:/st/stm32cubeide_1.8.0/stm32cubeide/plugins/com.st.stm32cube.ide.mcu.externaltools.gnu-tools-for-stm32.9-2020-q2-update.win32_2.0.0.202105311346/tools/bin/../lib/gcc/arm-none-eabi/9.3.1/../../../../arm-none-eabi/lib/thumb/v7e-m+fp/hard\libc_nano.a(lib_a-memset.o)
                0x0000000008007130                memset
 *(.glue_7)
 .glue_7        0x0000000008007140        0x0 linker stubs
 *(.glue_7t)
 .glue_7t       0x0000000008007140        0x0 linker stubs
 *(.eh_frame)
 .eh_frame      0x0000000008007140        0x0 c:/st/stm32cubeide_1.8.0/stm32cubeide/plugins/com.st.stm32cube.ide.mcu.externaltools.gnu-tools-for-stm32.9-2020-q2-update.win32_2.0.0.202105311346/tools/bin/../lib/gcc/arm-none-eabi/9.3.1/thumb/v7e-m+fp/hard/crtbegin.o
 *(.init)
 .init          0x0000000008007140        0x4 c:/st/stm32cubeide_1.8.0/stm32cubeide/plugins/com.st.stm32cube.ide.mcu.externaltools.gnu-tools-for-stm32.9-2020-q2-update.win32_2.0.0.202105311346/tools/bin/../lib/gcc/arm-none-eabi/9.3.1/thumb/v7e-m+fp/hard/crti.o
                0x0000000008007140                _init
 .init          0x0000000008007144        0x8 c:/st/stm32cubeide_1.8.0/stm32cubeide/plugins/com.st.stm32cube.ide.mcu.externaltools.gnu-tools-for-stm32.9-2020-q2-update.win32_2.0.0.202105311346/tools/bin/../lib/gcc/arm-none-eabi/9.3.1/thumb/v7e-m+fp/hard/crtn.o
 *(.fini)
 .fini          0x000000000800714c        0x4 c:/st/stm32cubeide_1.8.0/stm32cubeide/plugins/com.st.stm32cube.ide.mcu.externaltools.gnu-tools-for-stm32.9-2020-q2-update.win32_2.0.0.202105311346/tools/bin/../lib/gcc/arm-none-eabi/9.3.1/thumb/v7e-m+fp/hard/crti.o
                0x000000000800714c                _fini
 .fini          0x0000000008007150        0x8 c:/st/stm32cubeide_1.8.0/stm32cubeide/plugins/com.st.stm32cube.ide.mcu.externaltools.gnu-tools-for-stm32.9-2020-q2-update.win32_2.0.0.202105311346/tools/bin/../lib/gcc/arm-none-eabi/9.3.1/thumb/v7e-m+fp/hard/crtn.o
                0x0000000008007158                . = ALIGN (0x4)
                0x0000000008007158                _etext = .

.vfp11_veneer   0x0000000008007158        0x0
 .vfp11_veneer  0x0000000008007158        0x0 linker stubs

.v4_bx          0x0000000008007158        0x0
 .v4_bx         0x0000000008007158        0x0 linker stubs

.iplt           0x0000000008007158        0x0
 .iplt          0x0000000008007158        0x0 c:/st/stm32cubeide_1.8.0/stm32cubeide/plugins/com.st.stm32cube.ide.mcu.externaltools.gnu-tools-for-stm32.9-2020-q2-update.win32_2.0.0.202105311346/tools/bin/../lib/gcc/arm-none-eabi/9.3.1/thumb/v7e-m+fp/hard/crtbegin.o

.rodata         0x0000000008007158      0x28c
                0x0000000008007158                . = ALIGN (0x4)
 *(.rodata)
 .rodata        0x0000000008007158       0x1b ./Core/Src/app_debug.o
 *fill*         0x0000000008007173        0x1 
 .rodata        0x0000000008007174       0x2c ./Drivers/STM32WBxx_HAL_Driver/Src/stm32wbxx_hal_rcc.o
 .rodata        0x00000000080071a0       0x3c ./STM32_WPAN/App/app_ble.o
 *(.rodata*)
 .rodata.aGpioConfigList
                0x00000000080071dc      0x130 ./Core/Src/app_debug.o
 .rodata.UTIL_PowerDriver
                0x000000000800730c       0x18 ./Core/Src/stm32_lpm_if.o
                0x000000000800730c                UTIL_PowerDriver
 .rodata.AHBPrescTable
                0x0000000008007324       0x40 ./Core/Src/system_stm32wbxx.o
                0x0000000008007324                AHBPrescTable
 .rodata.MSIRangeTable
                0x0000000008007364       0x40 ./Core/Src/system_stm32wbxx.o
                0x0000000008007364                MSIRangeTable
 .rodata.M_bd_addr
                0x00000000080073a4        0x6 ./STM32_WPAN/App/app_ble.o
 *fill*         0x00000000080073aa        0x2 
 .rodata.BLE_CFG_IR_VALUE
                0x00000000080073ac       0x10 ./STM32_WPAN/App/app_ble.o
 .rodata.BLE_CFG_ER_VALUE
                0x00000000080073bc       0x10 ./STM32_WPAN/App/app_ble.o
 .rodata.local_name
                0x00000000080073cc        0x8 ./STM32_WPAN/App/app_ble.o
 .rodata.SEQ_clz_table_4bit
                0x00000000080073d4       0x10 ./Utilities/sequencer/stm32_seq.o
                0x00000000080073e4                . = ALIGN (0x4)

.rel.dyn        0x00000000080073e4        0x0
 .rel.iplt      0x00000000080073e4        0x0 c:/st/stm32cubeide_1.8.0/stm32cubeide/plugins/com.st.stm32cube.ide.mcu.externaltools.gnu-tools-for-stm32.9-2020-q2-update.win32_2.0.0.202105311346/tools/bin/../lib/gcc/arm-none-eabi/9.3.1/thumb/v7e-m+fp/hard/crtbegin.o

.ARM.extab
 *(.ARM.extab* .gnu.linkonce.armextab.*)

.ARM            0x00000000080073e4        0x0
                0x00000000080073e4                __exidx_start = .
 *(.ARM.exidx*)
                0x00000000080073e4                __exidx_end = .

.preinit_array  0x00000000080073e4        0x0
                0x00000000080073e4                PROVIDE (__preinit_array_start = .)
 *(.preinit_array*)
                0x00000000080073e4                PROVIDE (__preinit_array_end = .)

.init_array     0x00000000080073e4        0x4
                0x00000000080073e4                PROVIDE (__init_array_start = .)
 *(SORT_BY_NAME(.init_array.*))
 *(.init_array*)
 .init_array    0x00000000080073e4        0x4 c:/st/stm32cubeide_1.8.0/stm32cubeide/plugins/com.st.stm32cube.ide.mcu.externaltools.gnu-tools-for-stm32.9-2020-q2-update.win32_2.0.0.202105311346/tools/bin/../lib/gcc/arm-none-eabi/9.3.1/thumb/v7e-m+fp/hard/crtbegin.o
                0x00000000080073e8                PROVIDE (__init_array_end = .)

.fini_array     0x00000000080073e8        0x4
                [!provide]                        PROVIDE (__fini_array_start = .)
 *(SORT_BY_NAME(.fini_array.*))
 *(.fini_array*)
 .fini_array    0x00000000080073e8        0x4 c:/st/stm32cubeide_1.8.0/stm32cubeide/plugins/com.st.stm32cube.ide.mcu.externaltools.gnu-tools-for-stm32.9-2020-q2-update.win32_2.0.0.202105311346/tools/bin/../lib/gcc/arm-none-eabi/9.3.1/thumb/v7e-m+fp/hard/crtbegin.o
                [!provide]                        PROVIDE (__fini_array_end = .)
                0x00000000080073ec                _sidata = LOADADDR (.data)

.data           0x0000000020000004       0x24 load address 0x00000000080073ec
                0x0000000020000004                . = ALIGN (0x4)
                0x0000000020000004                _sdata = .
 *(.data)
 *(.data*)
 .data.SystemCoreClock
                0x0000000020000004        0x4 ./Core/Src/system_stm32wbxx.o
                0x0000000020000004                SystemCoreClock
 .data.uwTickPrio
                0x0000000020000008        0x4 ./Drivers/STM32WBxx_HAL_Driver/Src/stm32wbxx_hal.o
                0x0000000020000008                uwTickPrio
 .data.uwTickFreq
                0x000000002000000c        0x1 ./Drivers/STM32WBxx_HAL_Driver/Src/stm32wbxx_hal.o
                0x000000002000000c                uwTickFreq
 *fill*         0x000000002000000d        0x3 
 .data.manuf_data
                0x0000000020000010        0xe ./STM32_WPAN/App/app_ble.o
                0x0000000020000010                manuf_data
 *fill*         0x000000002000001e        0x2 
 .data.TaskMask
                0x0000000020000020        0x4 ./Utilities/sequencer/stm32_seq.o
 .data.SuperMask
                0x0000000020000024        0x4 ./Utilities/sequencer/stm32_seq.o
 *(.RamFunc)
 *(.RamFunc*)
                0x0000000020000028                . = ALIGN (0x4)
                0x0000000020000028                _edata = .

.igot.plt       0x0000000020000028        0x0 load address 0x0000000008007410
 .igot.plt      0x0000000020000028        0x0 c:/st/stm32cubeide_1.8.0/stm32cubeide/plugins/com.st.stm32cube.ide.mcu.externaltools.gnu-tools-for-stm32.9-2020-q2-update.win32_2.0.0.202105311346/tools/bin/../lib/gcc/arm-none-eabi/9.3.1/thumb/v7e-m+fp/hard/crtbegin.o

TIMERSERVER_CONTEXT
                0x0000000020000028       0x99 load address 0x0000000008007410
 TIMERSERVER_CONTEXT
                0x0000000020000028       0x99 ./Core/Src/hw_timerserver.o

BLE_DRIVER_CONTEXT
                0x00000000200000c4       0x3d load address 0x00000000080074a9
 BLE_DRIVER_CONTEXT
                0x00000000200000c4        0x6 ./Middlewares/ST/STM32_WPAN/ble/svc/Src/p2p_stm.o
 *fill*         0x00000000200000ca        0x2 
 BLE_DRIVER_CONTEXT
                0x00000000200000cc       0x21 ./Middlewares/ST/STM32_WPAN/ble/svc/Src/svc_ctl.o
                0x00000000200000cc                SVCCTL_EvtHandler
                0x00000000200000ec                SVCCTL_CltHandler
 *fill*         0x00000000200000ed        0x3 
 BLE_DRIVER_CONTEXT
                0x00000000200000f0       0x11 ./Middlewares/ST/STM32_WPAN/interface/patterns/ble_thread/tl/hci_tl.o
                0x0000000020000100                UserEventFlow

SYSTEM_DRIVER_CONTEXT
                0x0000000020000104       0x11 load address 0x00000000080074e6
 SYSTEM_DRIVER_CONTEXT
                0x0000000020000104       0x11 ./Middlewares/ST/STM32_WPAN/interface/patterns/ble_thread/tl/shci_tl.o
                0x0000000020000114                SHCI_TL_UserEventFlow

BLE_APP_CONTEXT
                0x0000000020000118       0x88 load address 0x00000000080074f7
 BLE_APP_CONTEXT
                0x0000000020000118       0x88 ./STM32_WPAN/App/app_ble.o
                0x00000000200001a0                . = ALIGN (0x4)

.bss            0x00000000200001a0      0x1b0 load address 0x000000000800757f
                0x00000000200001a0                _sbss = .
                0x00000000200001a0                __bss_start__ = _sbss
 *(.bss)
 .bss           0x00000000200001a0       0x1c c:/st/stm32cubeide_1.8.0/stm32cubeide/plugins/com.st.stm32cube.ide.mcu.externaltools.gnu-tools-for-stm32.9-2020-q2-update.win32_2.0.0.202105311346/tools/bin/../lib/gcc/arm-none-eabi/9.3.1/thumb/v7e-m+fp/hard/crtbegin.o
 *(.bss*)
 .bss.phrtc     0x00000000200001bc        0x4 ./Core/Src/hw_timerserver.o
 .bss.WakeupTimerDivider
                0x00000000200001c0        0x1 ./Core/Src/hw_timerserver.o
 .bss.AsynchPrescalerUserConfig
                0x00000000200001c1        0x1 ./Core/Src/hw_timerserver.o
 .bss.SynchPrescalerUserConfig
                0x00000000200001c2        0x2 ./Core/Src/hw_timerserver.o
 .bss.MaxWakeupTimerSetup
                0x00000000200001c4        0x2 ./Core/Src/hw_timerserver.o
 *fill*         0x00000000200001c6        0x2 
 .bss.hciContext
                0x00000000200001c8       0x20 ./Middlewares/ST/STM32_WPAN/interface/patterns/ble_thread/tl/hci_tl.o
 .bss.HciCmdEventQueue
                0x00000000200001e8        0x8 ./Middlewares/ST/STM32_WPAN/interface/patterns/ble_thread/tl/hci_tl.o
 .bss.StatusNotCallBackFunction
                0x00000000200001f0        0x4 ./Middlewares/ST/STM32_WPAN/interface/patterns/ble_thread/tl/hci_tl.o
 .bss.shciContext
                0x00000000200001f4       0x20 ./Middlewares/ST/STM32_WPAN/interface/patterns/ble_thread/tl/shci_tl.o
 .bss.StatusNotCallBackFunction
                0x0000000020000214        0x4 ./Middlewares/ST/STM32_WPAN/interface/patterns/ble_thread/tl/shci_tl.o
 .bss.LocalFreeBufQueue
                0x0000000020000218        0x8 ./Middlewares/ST/STM32_WPAN/interface/patterns/ble_thread/tl/tl_mbox.o
 .bss.BLE_IoBusEvtCallBackFunction
                0x0000000020000220        0x4 ./Middlewares/ST/STM32_WPAN/interface/patterns/ble_thread/tl/tl_mbox.o
 .bss.BLE_IoBusAclDataTxAck
                0x0000000020000224        0x4 ./Middlewares/ST/STM32_WPAN/interface/patterns/ble_thread/tl/tl_mbox.o
 .bss.SYS_CMD_IoBusCallBackFunction
                0x0000000020000228        0x4 ./Middlewares/ST/STM32_WPAN/interface/patterns/ble_thread/tl/tl_mbox.o
 .bss.SYS_EVT_IoBusCallBackFunction
                0x000000002000022c        0x4 ./Middlewares/ST/STM32_WPAN/interface/patterns/ble_thread/tl/tl_mbox.o
 .bss.p_mem_manager_table.14159
                0x0000000020000230        0x4 ./Middlewares/ST/STM32_WPAN/interface/patterns/ble_thread/tl/tl_mbox.o
 .bss.bd_addr_udn
                0x0000000020000234        0x6 ./STM32_WPAN/App/app_ble.o
 *fill*         0x000000002000023a        0x2 
 .bss.FreeBufCb
                0x000000002000023c        0x4 ./STM32_WPAN/Target/hw_ipcc.o
 .bss.StopModeDisable
                0x0000000020000240        0x4 ./Utilities/lpm/tiny_lpm/stm32_lpm.o
 .bss.OffModeDisable
                0x0000000020000244        0x4 ./Utilities/lpm/tiny_lpm/stm32_lpm.o
 .bss.TaskSet   0x0000000020000248        0x4 ./Utilities/sequencer/stm32_seq.o
 .bss.EvtSet    0x000000002000024c        0x4 ./Utilities/sequencer/stm32_seq.o
 .bss.EvtWaited
                0x0000000020000250        0x4 ./Utilities/sequencer/stm32_seq.o
 .bss.CurrentTaskIdx
                0x0000000020000254        0x4 ./Utilities/sequencer/stm32_seq.o
 .bss.TaskCb    0x0000000020000258       0x80 ./Utilities/sequencer/stm32_seq.o
 .bss.TaskPrio  0x00000000200002d8       0x10 ./Utilities/sequencer/stm32_seq.o
 *(COMMON)
 COMMON         0x00000000200002e8       0x60 ./Core/Src/main.o
                0x00000000200002e8                hipcc
                0x0000000020000324                hrtc
 COMMON         0x0000000020000348        0x4 ./Drivers/STM32WBxx_HAL_Driver/Src/stm32wbxx_hal.o
                0x0000000020000348                uwTick
 COMMON         0x000000002000034c        0x4 ./STM32_WPAN/App/app_ble.o
                0x000000002000034c                handleNotification
                0x0000000020000350                . = ALIGN (0x4)
                0x0000000020000350                _ebss = .
                0x0000000020000350                __bss_end__ = _ebss

._user_heap_stack
                0x0000000020000350      0x600 load address 0x000000000800757f
                0x0000000020000350                . = ALIGN (0x8)
                [!provide]                        PROVIDE (end = .)
                0x0000000020000350                PROVIDE (_end = .)
                0x0000000020000550                . = (. + _Min_Heap_Size)
 *fill*         0x0000000020000350      0x200 
                0x0000000020000950                . = (. + _Min_Stack_Size)
 *fill*         0x0000000020000550      0x400 
                0x0000000020000950                . = ALIGN (0x8)

/DISCARD/
 libc.a(*)
 libm.a(*)
 libgcc.a(*)

.ARM.attributes
                0x0000000000000000       0x30
 *(.ARM.attributes)
 .ARM.attributes
                0x0000000000000000       0x1e c:/st/stm32cubeide_1.8.0/stm32cubeide/plugins/com.st.stm32cube.ide.mcu.externaltools.gnu-tools-for-stm32.9-2020-q2-update.win32_2.0.0.202105311346/tools/bin/../lib/gcc/arm-none-eabi/9.3.1/thumb/v7e-m+fp/hard/crti.o
 .ARM.attributes
                0x000000000000001e       0x34 c:/st/stm32cubeide_1.8.0/stm32cubeide/plugins/com.st.stm32cube.ide.mcu.externaltools.gnu-tools-for-stm32.9-2020-q2-update.win32_2.0.0.202105311346/tools/bin/../lib/gcc/arm-none-eabi/9.3.1/thumb/v7e-m+fp/hard/crtbegin.o
 .ARM.attributes
                0x0000000000000052       0x34 ./Core/Src/app_debug.o
 .ARM.attributes
                0x0000000000000086       0x34 ./Core/Src/app_entry.o
 .ARM.attributes
                0x00000000000000ba       0x34 ./Core/Src/hw_timerserver.o
 .ARM.attributes
                0x00000000000000ee       0x34 ./Core/Src/main.o
 .ARM.attributes
                0x0000000000000122       0x34 ./Core/Src/stm32_lpm_if.o
 .ARM.attributes
                0x0000000000000156       0x34 ./Core/Src/stm32wbxx_hal_msp.o
 .ARM.attributes
                0x000000000000018a       0x34 ./Core/Src/stm32wbxx_it.o
 .ARM.attributes
                0x00000000000001be       0x34 ./Core/Src/system_stm32wbxx.o
 .ARM.attributes
                0x00000000000001f2       0x21 ./Core/Startup/startup_stm32wb5mmghx.o
 .ARM.attributes
                0x0000000000000213       0x34 ./Drivers/STM32WBxx_HAL_Driver/Src/stm32wbxx_hal.o
 .ARM.attributes
                0x0000000000000247       0x34 ./Drivers/STM32WBxx_HAL_Driver/Src/stm32wbxx_hal_cortex.o
 .ARM.attributes
                0x000000000000027b       0x34 ./Drivers/STM32WBxx_HAL_Driver/Src/stm32wbxx_hal_gpio.o
 .ARM.attributes
                0x00000000000002af       0x34 ./Drivers/STM32WBxx_HAL_Driver/Src/stm32wbxx_hal_hsem.o
 .ARM.attributes
                0x00000000000002e3       0x34 ./Drivers/STM32WBxx_HAL_Driver/Src/stm32wbxx_hal_ipcc.o
 .ARM.attributes
                0x0000000000000317       0x34 ./Drivers/STM32WBxx_HAL_Driver/Src/stm32wbxx_hal_pwr.o
 .ARM.attributes
                0x000000000000034b       0x34 ./Drivers/STM32WBxx_HAL_Driver/Src/stm32wbxx_hal_pwr_ex.o
 .ARM.attributes
                0x000000000000037f       0x34 ./Drivers/STM32WBxx_HAL_Driver/Src/stm32wbxx_hal_rcc.o
 .ARM.attributes
                0x00000000000003b3       0x34 ./Drivers/STM32WBxx_HAL_Driver/Src/stm32wbxx_hal_rcc_ex.o
 .ARM.attributes
                0x00000000000003e7       0x34 ./Drivers/STM32WBxx_HAL_Driver/Src/stm32wbxx_hal_rtc.o
 .ARM.attributes
                0x000000000000041b       0x34 ./Middlewares/ST/STM32_WPAN/ble/core/auto/ble_gap_aci.o
 .ARM.attributes
                0x000000000000044f       0x34 ./Middlewares/ST/STM32_WPAN/ble/core/auto/ble_gatt_aci.o
 .ARM.attributes
                0x0000000000000483       0x34 ./Middlewares/ST/STM32_WPAN/ble/core/auto/ble_hal_aci.o
 .ARM.attributes
                0x00000000000004b7       0x34 ./Middlewares/ST/STM32_WPAN/ble/core/auto/ble_hci_le.o
 .ARM.attributes
                0x00000000000004eb       0x34 ./Middlewares/ST/STM32_WPAN/ble/core/template/osal.o
 .ARM.attributes
                0x000000000000051f       0x34 ./Middlewares/ST/STM32_WPAN/ble/svc/Src/p2p_stm.o
 .ARM.attributes
                0x0000000000000553       0x34 ./Middlewares/ST/STM32_WPAN/ble/svc/Src/svc_ctl.o
 .ARM.attributes
                0x0000000000000587       0x34 ./Middlewares/ST/STM32_WPAN/interface/patterns/ble_thread/shci/shci.o
 .ARM.attributes
                0x00000000000005bb       0x34 ./Middlewares/ST/STM32_WPAN/interface/patterns/ble_thread/tl/hci_tl.o
 .ARM.attributes
                0x00000000000005ef       0x34 ./Middlewares/ST/STM32_WPAN/interface/patterns/ble_thread/tl/hci_tl_if.o
 .ARM.attributes
                0x0000000000000623       0x34 ./Middlewares/ST/STM32_WPAN/interface/patterns/ble_thread/tl/shci_tl.o
 .ARM.attributes
                0x0000000000000657       0x34 ./Middlewares/ST/STM32_WPAN/interface/patterns/ble_thread/tl/shci_tl_if.o
 .ARM.attributes
                0x000000000000068b       0x34 ./Middlewares/ST/STM32_WPAN/interface/patterns/ble_thread/tl/tl_mbox.o
 .ARM.attributes
                0x00000000000006bf       0x34 ./Middlewares/ST/STM32_WPAN/utilities/otp.o
 .ARM.attributes
                0x00000000000006f3       0x34 ./Middlewares/ST/STM32_WPAN/utilities/stm_list.o
 .ARM.attributes
                0x0000000000000727       0x34 ./STM32_WPAN/App/app_ble.o
 .ARM.attributes
                0x000000000000075b       0x34 ./STM32_WPAN/App/p2p_server_app.o
 .ARM.attributes
                0x000000000000078f       0x34 ./STM32_WPAN/Target/hw_ipcc.o
 .ARM.attributes
                0x00000000000007c3       0x34 ./Utilities/lpm/tiny_lpm/stm32_lpm.o
 .ARM.attributes
                0x00000000000007f7       0x34 ./Utilities/sequencer/stm32_seq.o
 .ARM.attributes
                0x000000000000082b       0x34 c:/st/stm32cubeide_1.8.0/stm32cubeide/plugins/com.st.stm32cube.ide.mcu.externaltools.gnu-tools-for-stm32.9-2020-q2-update.win32_2.0.0.202105311346/tools/bin/../lib/gcc/arm-none-eabi/9.3.1/../../../../arm-none-eabi/lib/thumb/v7e-m+fp/hard\libc_nano.a(lib_a-init.o)
 .ARM.attributes
                0x000000000000085f       0x34 c:/st/stm32cubeide_1.8.0/stm32cubeide/plugins/com.st.stm32cube.ide.mcu.externaltools.gnu-tools-for-stm32.9-2020-q2-update.win32_2.0.0.202105311346/tools/bin/../lib/gcc/arm-none-eabi/9.3.1/../../../../arm-none-eabi/lib/thumb/v7e-m+fp/hard\libc_nano.a(lib_a-memcpy-stub.o)
 .ARM.attributes
                0x0000000000000893       0x34 c:/st/stm32cubeide_1.8.0/stm32cubeide/plugins/com.st.stm32cube.ide.mcu.externaltools.gnu-tools-for-stm32.9-2020-q2-update.win32_2.0.0.202105311346/tools/bin/../lib/gcc/arm-none-eabi/9.3.1/../../../../arm-none-eabi/lib/thumb/v7e-m+fp/hard\libc_nano.a(lib_a-memset.o)
 .ARM.attributes
                0x00000000000008c7       0x17 c:/st/stm32cubeide_1.8.0/stm32cubeide/plugins/com.st.stm32cube.ide.mcu.externaltools.gnu-tools-for-stm32.9-2020-q2-update.win32_2.0.0.202105311346/tools/bin/../lib/gcc/arm-none-eabi/9.3.1/../../../../arm-none-eabi/lib/thumb/v7e-m+fp/hard\libc_nano.a(lib_a-strlen.o)
 .ARM.attributes
                0x00000000000008de       0x1e c:/st/stm32cubeide_1.8.0/stm32cubeide/plugins/com.st.stm32cube.ide.mcu.externaltools.gnu-tools-for-stm32.9-2020-q2-update.win32_2.0.0.202105311346/tools/bin/../lib/gcc/arm-none-eabi/9.3.1/thumb/v7e-m+fp/hard/crtn.o

MAPPING_TABLE   0x0000000020030000       0x28
 *(MAPPING_TABLE)
 MAPPING_TABLE  0x0000000020030000       0x28 ./Middlewares/ST/STM32_WPAN/interface/patterns/ble_thread/tl/tl_mbox.o

MB_MEM1         0x0000000020030028      0x1b7
 *(MB_MEM1)
 MB_MEM1        0x0000000020030028       0xac ./Middlewares/ST/STM32_WPAN/interface/patterns/ble_thread/tl/tl_mbox.o
 MB_MEM1        0x00000000200300d4      0x10b ./STM32_WPAN/App/app_ble.o

MB_MEM2         0x00000000200301e0      0x877
                0x00000000200301e0                _sMB_MEM2 = .
 *(MB_MEM2)
 MB_MEM2        0x00000000200301e0        0x8 ./Core/Src/app_debug.o
 MB_MEM2        0x00000000200301e8      0x85e ./Core/Src/app_entry.o
 *fill*         0x0000000020030a46        0x2 
 MB_MEM2        0x0000000020030a48        0xf ./Middlewares/ST/STM32_WPAN/interface/patterns/ble_thread/tl/tl_mbox.o
                0x0000000020030a57                _eMB_MEM2 = .
OUTPUT(TestProject.elf elf32-littlearm)
LOAD linker stubs
LOAD c:/st/stm32cubeide_1.8.0/stm32cubeide/plugins/com.st.stm32cube.ide.mcu.externaltools.gnu-tools-for-stm32.9-2020-q2-update.win32_2.0.0.202105311346/tools/bin/../lib/gcc/arm-none-eabi/9.3.1/../../../../arm-none-eabi/lib/thumb/v7e-m+fp/hard\libc.a
LOAD c:/st/stm32cubeide_1.8.0/stm32cubeide/plugins/com.st.stm32cube.ide.mcu.externaltools.gnu-tools-for-stm32.9-2020-q2-update.win32_2.0.0.202105311346/tools/bin/../lib/gcc/arm-none-eabi/9.3.1/../../../../arm-none-eabi/lib/thumb/v7e-m+fp/hard\libm.a
LOAD c:/st/stm32cubeide_1.8.0/stm32cubeide/plugins/com.st.stm32cube.ide.mcu.externaltools.gnu-tools-for-stm32.9-2020-q2-update.win32_2.0.0.202105311346/tools/bin/../lib/gcc/arm-none-eabi/9.3.1/thumb/v7e-m+fp/hard\libgcc.a

.debug_info     0x0000000000000000    0x33d49
 .debug_info    0x0000000000000000     0x14e0 ./Core/Src/app_debug.o
 .debug_info    0x00000000000014e0     0x2895 ./Core/Src/app_entry.o
 .debug_info    0x0000000000003d75     0x1c59 ./Core/Src/hw_timerserver.o
 .debug_info    0x00000000000059ce     0x1ae9 ./Core/Src/main.o
 .debug_info    0x00000000000074b7      0xcf7 ./Core/Src/stm32_lpm_if.o
 .debug_info    0x00000000000081ae     0x1807 ./Core/Src/stm32wbxx_hal_msp.o
 .debug_info    0x00000000000099b5      0xb98 ./Core/Src/stm32wbxx_it.o
 .debug_info    0x000000000000a54d      0x85d ./Core/Src/system_stm32wbxx.o
 .debug_info    0x000000000000adaa       0x22 ./Core/Startup/startup_stm32wb5mmghx.o
 .debug_info    0x000000000000adcc     0x1461 ./Drivers/STM32WBxx_HAL_Driver/Src/stm32wbxx_hal.o
 .debug_info    0x000000000000c22d      0xecb ./Drivers/STM32WBxx_HAL_Driver/Src/stm32wbxx_hal_cortex.o
 .debug_info    0x000000000000d0f8      0x891 ./Drivers/STM32WBxx_HAL_Driver/Src/stm32wbxx_hal_gpio.o
 .debug_info    0x000000000000d989      0x587 ./Drivers/STM32WBxx_HAL_Driver/Src/stm32wbxx_hal_hsem.o
 .debug_info    0x000000000000df10      0x9cd ./Drivers/STM32WBxx_HAL_Driver/Src/stm32wbxx_hal_ipcc.o
 .debug_info    0x000000000000e8dd      0xa9f ./Drivers/STM32WBxx_HAL_Driver/Src/stm32wbxx_hal_pwr.o
 .debug_info    0x000000000000f37c     0x1257 ./Drivers/STM32WBxx_HAL_Driver/Src/stm32wbxx_hal_pwr_ex.o
 .debug_info    0x00000000000105d3     0x16c0 ./Drivers/STM32WBxx_HAL_Driver/Src/stm32wbxx_hal_rcc.o
 .debug_info    0x0000000000011c93     0x1e49 ./Drivers/STM32WBxx_HAL_Driver/Src/stm32wbxx_hal_rcc_ex.o
 .debug_info    0x0000000000013adc      0xf2c ./Drivers/STM32WBxx_HAL_Driver/Src/stm32wbxx_hal_rtc.o
 .debug_info    0x0000000000014a08     0x3f8e ./Middlewares/ST/STM32_WPAN/ble/core/auto/ble_gap_aci.o
 .debug_info    0x0000000000018996     0x3acc ./Middlewares/ST/STM32_WPAN/ble/core/auto/ble_gatt_aci.o
 .debug_info    0x000000000001c462     0x1617 ./Middlewares/ST/STM32_WPAN/ble/core/auto/ble_hal_aci.o
 .debug_info    0x000000000001da79     0x498e ./Middlewares/ST/STM32_WPAN/ble/core/auto/ble_hci_le.o
 .debug_info    0x0000000000022407      0x9f2 ./Middlewares/ST/STM32_WPAN/ble/core/template/osal.o
 .debug_info    0x0000000000022df9      0xfd2 ./Middlewares/ST/STM32_WPAN/ble/svc/Src/p2p_stm.o
 .debug_info    0x0000000000023dcb      0xfd4 ./Middlewares/ST/STM32_WPAN/ble/svc/Src/svc_ctl.o
 .debug_info    0x0000000000024d9f     0x23e6 ./Middlewares/ST/STM32_WPAN/interface/patterns/ble_thread/shci/shci.o
 .debug_info    0x0000000000027185     0x1312 ./Middlewares/ST/STM32_WPAN/interface/patterns/ble_thread/tl/hci_tl.o
 .debug_info    0x0000000000028497      0xa6a ./Middlewares/ST/STM32_WPAN/interface/patterns/ble_thread/tl/hci_tl_if.o
 .debug_info    0x0000000000028f01      0xfe9 ./Middlewares/ST/STM32_WPAN/interface/patterns/ble_thread/tl/shci_tl.o
 .debug_info    0x0000000000029eea      0xa6a ./Middlewares/ST/STM32_WPAN/interface/patterns/ble_thread/tl/shci_tl_if.o
 .debug_info    0x000000000002a954     0x177b ./Middlewares/ST/STM32_WPAN/interface/patterns/ble_thread/tl/tl_mbox.o
 .debug_info    0x000000000002c0cf      0xb3a ./Middlewares/ST/STM32_WPAN/utilities/otp.o
 .debug_info    0x000000000002cc09     0x11a3 ./Middlewares/ST/STM32_WPAN/utilities/stm_list.o
 .debug_info    0x000000000002ddac     0x1b72 ./STM32_WPAN/App/app_ble.o
 .debug_info    0x000000000002f91e      0xd42 ./STM32_WPAN/App/p2p_server_app.o
 .debug_info    0x0000000000030660     0x189a ./STM32_WPAN/Target/hw_ipcc.o
 .debug_info    0x0000000000031efa      0xc8a ./Utilities/lpm/tiny_lpm/stm32_lpm.o
 .debug_info    0x0000000000032b84     0x11c5 ./Utilities/sequencer/stm32_seq.o

.debug_abbrev   0x0000000000000000     0x5eb2
 .debug_abbrev  0x0000000000000000      0x2c0 ./Core/Src/app_debug.o
 .debug_abbrev  0x00000000000002c0      0x347 ./Core/Src/app_entry.o
 .debug_abbrev  0x0000000000000607      0x3ad ./Core/Src/hw_timerserver.o
 .debug_abbrev  0x00000000000009b4      0x308 ./Core/Src/main.o
 .debug_abbrev  0x0000000000000cbc      0x260 ./Core/Src/stm32_lpm_if.o
 .debug_abbrev  0x0000000000000f1c      0x281 ./Core/Src/stm32wbxx_hal_msp.o
 .debug_abbrev  0x000000000000119d      0x1d1 ./Core/Src/stm32wbxx_it.o
 .debug_abbrev  0x000000000000136e      0x185 ./Core/Src/system_stm32wbxx.o