../Drivers/SharpMemLCD/LS013B7DH03.c:44:16:LCD_Power	8	static
../Drivers/SharpMemLCD/LS013B7DH03.c:78:6:lcd_SetCursor	16	static
../Drivers/SharpMemLCD/LS013B7DH03.c:83:6:lcd_SetFont	16	static
../Drivers/SharpMemLCD/LS013B7DH03.c:87:9:lcd_writeChar	40	static
../Drivers/SharpMemLCD/LS013B7DH03.c:114:6:lcd_print	24	static
../Drivers/SharpMemLCD/LS013B7DH03.c:121:6:lcd_print_char	16	static
../Drivers/SharpMemLCD/LS013B7DH03.c:125:6:lcd_drawPixel	24	static
../Drivers/SharpMemLCD/LS013B7DH03.c:138:6:lcd_drawLine	32	static
../Drivers/SharpMemLCD/LS013B7DH03.c:154:6:lcd_rect	32	static
../Drivers/SharpMemLCD/LS013B7DH03.c:162:6:lcd_fillRect	40	static
../Drivers/SharpMemLCD/LS013B7DH03.c:168:6:lcd_clearLines	24	static
../Drivers/SharpMemLCD/LS013B7DH03.c:179:6:lcd_setRotation	16	static
../Drivers/SharpMemLCD/LS013B7DH03.c:184:6:lcd_clear	24	static
../Drivers/SharpMemLCD/LS013B7DH03.c:204:16:lcd_draw	8	static
../Drivers/SharpMemLCD/LS013B7DH03.c:218:13:lcd_hasData	16	static
../Drivers/SharpMemLCD/LS013B7DH03.c:228:13:lcd_DoTX	8	static
../Drivers/SharpMemLCD/LS013B7DH03.c:252:6:HAL_SPI_TxCpltCallback	16	static
