../Drivers/SharpMemLCD/LS013B7DH03.c:45:16:LCD_Power	8	static
../Drivers/SharpMemLCD/LS013B7DH03.c:79:6:lcd_SetCursor	16	static
../Drivers/SharpMemLCD/LS013B7DH03.c:84:6:lcd_SetFont	16	static
../Drivers/SharpMemLCD/LS013B7DH03.c:88:9:lcd_writeChar	40	static
../Drivers/SharpMemLCD/LS013B7DH03.c:115:6:lcd_print	24	static
../Drivers/SharpMemLCD/LS013B7DH03.c:122:6:lcd_print_char	16	static
../Drivers/SharpMemLCD/LS013B7DH03.c:126:6:lcd_drawPixel	24	static
../Drivers/SharpMemLCD/LS013B7DH03.c:139:6:lcd_drawLine	32	static
../Drivers/SharpMemLCD/LS013B7DH03.c:155:6:lcd_rect	32	static
../Drivers/SharpMemLCD/LS013B7DH03.c:163:6:lcd_fillRect	40	static
../Drivers/SharpMemLCD/LS013B7DH03.c:169:6:lcd_clearLines	24	static
../Drivers/SharpMemLCD/LS013B7DH03.c:180:6:lcd_setRotation	16	static
../Drivers/SharpMemLCD/LS013B7DH03.c:185:6:lcd_clear	24	static
../Drivers/SharpMemLCD/LS013B7DH03.c:205:16:lcd_draw	8	static
../Drivers/SharpMemLCD/LS013B7DH03.c:219:13:lcd_hasData	16	static
../Drivers/SharpMemLCD/LS013B7DH03.c:229:13:lcd_DoTX	8	static
../Drivers/SharpMemLCD/LS013B7DH03.c:253:6:HAL_SPI_TxCpltCallback	16	static
