../Drivers/SharpMemLCD/LS013B7DH03.c:43:6:lcd_init	8	static
../Drivers/SharpMemLCD/LS013B7DH03.c:48:16:LCD_Power	8	static
../Drivers/SharpMemLCD/LS013B7DH03.c:87:6:lcd_SetCursor	16	static
../Drivers/SharpMemLCD/LS013B7DH03.c:92:6:lcd_SetFont	16	static
../Drivers/SharpMemLCD/LS013B7DH03.c:96:9:lcd_writeChar	40	static
../Drivers/SharpMemLCD/LS013B7DH03.c:123:6:lcd_print	24	static
../Drivers/SharpMemLCD/LS013B7DH03.c:130:6:lcd_print_char	16	static
../Drivers/SharpMemLCD/LS013B7DH03.c:134:6:lcd_drawPixel	24	static
../Drivers/SharpMemLCD/LS013B7DH03.c:147:6:lcd_drawLine	32	static
../Drivers/SharpMemLCD/LS013B7DH03.c:163:6:lcd_rect	32	static
../Drivers/SharpMemLCD/LS013B7DH03.c:171:6:lcd_fillRect	40	static
../Drivers/SharpMemLCD/LS013B7DH03.c:177:6:lcd_clearLines	24	static
../Drivers/SharpMemLCD/LS013B7DH03.c:188:6:lcd_setRotation	16	static
../Drivers/SharpMemLCD/LS013B7DH03.c:193:6:lcd_clear	24	static
../Drivers/SharpMemLCD/LS013B7DH03.c:216:16:lcd_draw	8	static
../Drivers/SharpMemLCD/LS013B7DH03.c:227:13:lcd_hasData	16	static
../Drivers/SharpMemLCD/LS013B7DH03.c:237:13:lcd_DoTX	8	static
../Drivers/SharpMemLCD/LS013B7DH03.c:261:6:HAL_SPI_TxCpltCallback	16	static
