Archive member included to satisfy reference by file (symbol)

c:/st/stm32cubeide_1.8.0/stm32cubeide/plugins/com.st.stm32cube.ide.mcu.externaltools.gnu-tools-for-stm32.10.3-2021.10.win32_1.0.200.202301161003/tools/bin/../lib/gcc/arm-none-eabi/10.3.1/../../../../arm-none-eabi/lib/thumb/v7e-m+fp/hard\libc_nano.a(lib_a-errno.o)
                              ./Core/Src/syscalls.o (__errno)
c:/st/stm32cubeide_1.8.0/stm32cubeide/plugins/com.st.stm32cube.ide.mcu.externaltools.gnu-tools-for-stm32.10.3-2021.10.win32_1.0.200.202301161003/tools/bin/../lib/gcc/arm-none-eabi/10.3.1/../../../../arm-none-eabi/lib/thumb/v7e-m+fp/hard\libc_nano.a(lib_a-exit.o)
                              c:/st/stm32cubeide_1.8.0/stm32cubeide/plugins/com.st.stm32cube.ide.mcu.externaltools.gnu-tools-for-stm32.10.3-2021.10.win32_1.0.200.202301161003/tools/bin/../lib/gcc/arm-none-eabi/10.3.1/../../../../arm-none-eabi/lib/thumb/v7e-m+fp/hard/crt0.o (exit)
c:/st/stm32cubeide_1.8.0/stm32cubeide/plugins/com.st.stm32cube.ide.mcu.externaltools.gnu-tools-for-stm32.10.3-2021.10.win32_1.0.200.202301161003/tools/bin/../lib/gcc/arm-none-eabi/10.3.1/../../../../arm-none-eabi/lib/thumb/v7e-m+fp/hard\libc_nano.a(lib_a-impure.o)
                              c:/st/stm32cubeide_1.8.0/stm32cubeide/plugins/com.st.stm32cube.ide.mcu.externaltools.gnu-tools-for-stm32.10.3-2021.10.win32_1.0.200.202301161003/tools/bin/../lib/gcc/arm-none-eabi/10.3.1/../../../../arm-none-eabi/lib/thumb/v7e-m+fp/hard\libc_nano.a(lib_a-exit.o) (_global_impure_ptr)
c:/st/stm32cubeide_1.8.0/stm32cubeide/plugins/com.st.stm32cube.ide.mcu.externaltools.gnu-tools-for-stm32.10.3-2021.10.win32_1.0.200.202301161003/tools/bin/../lib/gcc/arm-none-eabi/10.3.1/../../../../arm-none-eabi/lib/thumb/v7e-m+fp/hard\libc_nano.a(lib_a-init.o)
                              c:/st/stm32cubeide_1.8.0/stm32cubeide/plugins/com.st.stm32cube.ide.mcu.externaltools.gnu-tools-for-stm32.10.3-2021.10.win32_1.0.200.202301161003/tools/bin/../lib/gcc/arm-none-eabi/10.3.1/../../../../arm-none-eabi/lib/thumb/v7e-m+fp/hard/crt0.o (__libc_init_array)
c:/st/stm32cubeide_1.8.0/stm32cubeide/plugins/com.st.stm32cube.ide.mcu.externaltools.gnu-tools-for-stm32.10.3-2021.10.win32_1.0.200.202301161003/tools/bin/../lib/gcc/arm-none-eabi/10.3.1/../../../../arm-none-eabi/lib/thumb/v7e-m+fp/hard\libc_nano.a(lib_a-memcpy-stub.o)
                              ./Drivers/GNSSPVT/GNSSPVT.o (memcpy)
c:/st/stm32cubeide_1.8.0/stm32cubeide/plugins/com.st.stm32cube.ide.mcu.externaltools.gnu-tools-for-stm32.10.3-2021.10.win32_1.0.200.202301161003/tools/bin/../lib/gcc/arm-none-eabi/10.3.1/../../../../arm-none-eabi/lib/thumb/v7e-m+fp/hard\libc_nano.a(lib_a-memset.o)
                              c:/st/stm32cubeide_1.8.0/stm32cubeide/plugins/com.st.stm32cube.ide.mcu.externaltools.gnu-tools-for-stm32.10.3-2021.10.win32_1.0.200.202301161003/tools/bin/../lib/gcc/arm-none-eabi/10.3.1/../../../../arm-none-eabi/lib/thumb/v7e-m+fp/hard/crt0.o (memset)
c:/st/stm32cubeide_1.8.0/stm32cubeide/plugins/com.st.stm32cube.ide.mcu.externaltools.gnu-tools-for-stm32.10.3-2021.10.win32_1.0.200.202301161003/tools/bin/../lib/gcc/arm-none-eabi/10.3.1/../../../../arm-none-eabi/lib/thumb/v7e-m+fp/hard\libc_nano.a(lib_a-nano-vfprintf_float.o)
                              (_printf_float)
c:/st/stm32cubeide_1.8.0/stm32cubeide/plugins/com.st.stm32cube.ide.mcu.externaltools.gnu-tools-for-stm32.10.3-2021.10.win32_1.0.200.202301161003/tools/bin/../lib/gcc/arm-none-eabi/10.3.1/../../../../arm-none-eabi/lib/thumb/v7e-m+fp/hard\libc_nano.a(lib_a-nano-vfprintf_i.o)
                              c:/st/stm32cubeide_1.8.0/stm32cubeide/plugins/com.st.stm32cube.ide.mcu.externaltools.gnu-tools-for-stm32.10.3-2021.10.win32_1.0.200.202301161003/tools/bin/../lib/gcc/arm-none-eabi/10.3.1/../../../../arm-none-eabi/lib/thumb/v7e-m+fp/hard\libc_nano.a(lib_a-nano-vfprintf_float.o) (_printf_common)
c:/st/stm32cubeide_1.8.0/stm32cubeide/plugins/com.st.stm32cube.ide.mcu.externaltools.gnu-tools-for-stm32.10.3-2021.10.win32_1.0.200.202301161003/tools/bin/../lib/gcc/arm-none-eabi/10.3.1/../../../../arm-none-eabi/lib/thumb/v7e-m+fp/hard\libc_nano.a(lib_a-strlen.o)
                              c:/st/stm32cubeide_1.8.0/stm32cubeide/plugins/com.st.stm32cube.ide.mcu.externaltools.gnu-tools-for-stm32.10.3-2021.10.win32_1.0.200.202301161003/tools/bin/../lib/gcc/arm-none-eabi/10.3.1/../../../../arm-none-eabi/lib/thumb/v7e-m+fp/hard\libc_nano.a(lib_a-nano-vfprintf_float.o) (strlen)
c:/st/stm32cubeide_1.8.0/stm32cubeide/plugins/com.st.stm32cube.ide.mcu.externaltools.gnu-tools-for-stm32.10.3-2021.10.win32_1.0.200.202301161003/tools/bin/../lib/gcc/arm-none-eabi/10.3.1/../../../../arm-none-eabi/lib/thumb/v7e-m+fp/hard\libc_nano.a(lib_a-dtoa.o)
[...]
Memory Configuration

Name             Origin             Length             Attributes
RAM              0x0000000020000000 0x0000000000010000 xrw
RAM2             0x0000000010000000 0x0000000000004000 xrw
FLASH            0x0000000008000000 0x0000000000040000 xr
*default*        0x0000000000000000 0xffffffffffffffff

Linker script and memory map

LOAD c:/st/stm32cubeide_1.8.0/stm32cubeide/plugins/com.st.stm32cube.ide.mcu.externaltools.gnu-tools-for-stm32.10.3-2021.10.win32_1.0.200.202301161003/tools/bin/../lib/gcc/arm-none-eabi/10.3.1/thumb/v7e-m+fp/hard/crti.o
LOAD c:/st/stm32cubeide_1.8.0/stm32cubeide/plugins/com.st.stm32cube.ide.mcu.externaltools.gnu-tools-for-stm32.10.3-2021.10.win32_1.0.200.202301161003/tools/bin/../lib/gcc/arm-none-eabi/10.3.1/thumb/v7e-m+fp/hard/crtbegin.o
LOAD c:/st/stm32cubeide_1.8.0/stm32cubeide/plugins/com.st.stm32cube.ide.mcu.externaltools.gnu-tools-for-stm32.10.3-2021.10.win32_1.0.200.202301161003/tools/bin/../lib/gcc/arm-none-eabi/10.3.1/../../../../arm-none-eabi/lib/thumb/v7e-m+fp/hard/crt0.o
LOAD ./Core/Src/main.o
LOAD ./Core/Src/myApp.o
LOAD ./Core/Src/stm32l4xx_hal_msp.o
LOAD ./Core/Src/stm32l4xx_it.o
LOAD ./Core/Src/syscalls.o
LOAD ./Core/Src/sysmem.o
LOAD ./Core/Src/system_stm32l4xx.o
LOAD ./Core/Startup/startup_stm32l432kcux.o
LOAD ./Drivers/GNSSPVT/GNSSPVT.o
LOAD ./Drivers/STM32L4xx_HAL_Driver/Src/stm32l4xx_hal.o
LOAD ./Drivers/STM32L4xx_HAL_Driver/Src/stm32l4xx_hal_adc.o
LOAD ./Drivers/STM32L4xx_HAL_Driver/Src/stm32l4xx_hal_adc_ex.o
LOAD ./Drivers/STM32L4xx_HAL_Driver/Src/stm32l4xx_hal_cortex.o
LOAD ./Drivers/STM32L4xx_HAL_Driver/Src/stm32l4xx_hal_dma.o
LOAD ./Drivers/STM32L4xx_HAL_Driver/Src/stm32l4xx_hal_dma_ex.o
LOAD ./Drivers/STM32L4xx_HAL_Driver/Src/stm32l4xx_hal_exti.o
LOAD ./Drivers/STM32L4xx_HAL_Driver/Src/stm32l4xx_hal_flash.o
LOAD ./Drivers/STM32L4xx_HAL_Driver/Src/stm32l4xx_hal_flash_ex.o
LOAD ./Drivers/STM32L4xx_HAL_Driver/Src/stm32l4xx_hal_flash_ramfunc.o
LOAD ./Drivers/STM32L4xx_HAL_Driver/Src/stm32l4xx_hal_gpio.o
LOAD ./Drivers/STM32L4xx_HAL_Driver/Src/stm32l4xx_hal_pwr.o
LOAD ./Drivers/STM32L4xx_HAL_Driver/Src/stm32l4xx_hal_pwr_ex.o
LOAD ./Drivers/STM32L4xx_HAL_Driver/Src/stm32l4xx_hal_rcc.o
LOAD ./Drivers/STM32L4xx_HAL_Driver/Src/stm32l4xx_hal_rcc_ex.o
LOAD ./Drivers/STM32L4xx_HAL_Driver/Src/stm32l4xx_hal_rtc.o
LOAD ./Drivers/STM32L4xx_HAL_Driver/Src/stm32l4xx_hal_rtc_ex.o
LOAD ./Drivers/STM32L4xx_HAL_Driver/Src/stm32l4xx_hal_spi.o
LOAD ./Drivers/STM32L4xx_HAL_Driver/Src/stm32l4xx_hal_spi_ex.o
LOAD ./Drivers/STM32L4xx_HAL_Driver/Src/stm32l4xx_hal_tim.o
LOAD ./Drivers/STM32L4xx_HAL_Driver/Src/stm32l4xx_hal_tim_ex.o
LOAD ./Drivers/STM32L4xx_HAL_Driver/Src/stm32l4xx_ll_dma.o
LOAD ./Drivers/STM32L4xx_HAL_Driver/Src/stm32l4xx_ll_exti.o
LOAD ./Drivers/STM32L4xx_HAL_Driver/Src/stm32l4xx_ll_gpio.o
LOAD ./Drivers/STM32L4xx_HAL_Driver/Src/stm32l4xx_ll_lpuart.o
LOAD ./Drivers/STM32L4xx_HAL_Driver/Src/stm32l4xx_ll_rcc.o
LOAD ./Drivers/STM32L4xx_HAL_Driver/Src/stm32l4xx_ll_utils.o
LOAD ./Drivers/SharpMemLCD/LS013B7DH03.o
START GROUP
LOAD c:/st/stm32cubeide_1.8.0/stm32cubeide/plugins/com.st.stm32cube.ide.mcu.externaltools.gnu-tools-for-stm32.10.3-2021.10.win32_1.0.200.202301161003/tools/bin/../lib/gcc/arm-none-eabi/10.3.1/../../../../arm-none-eabi/lib/thumb/v7e-m+fp/hard\libc_nano.a
LOAD c:/st/stm32cubeide_1.8.0/stm32cubeide/plugins/com.st.stm32cube.ide.mcu.externaltools.gnu-tools-for-stm32.10.3-2021.10.win32_1.0.200.202301161003/tools/bin/../lib/gcc/arm-none-eabi/10.3.1/../../../../arm-none-eabi/lib/thumb/v7e-m+fp/hard\libm.a
END GROUP
START GROUP
LOAD c:/st/stm32cubeide_1.8.0/stm32cubeide/plugins/com.st.stm32cube.ide.mcu.externaltools.gnu-tools-for-stm32.10.3-2021.10.win32_1.0.200.202301161003/tools/bin/../lib/gcc/arm-none-eabi/10.3.1/thumb/v7e-m+fp/hard\libgcc.a
LOAD c:/st/stm32cubeide_1.8.0/stm32cubeide/plugins/com.st.stm32cube.ide.mcu.externaltools.gnu-tools-for-stm32.10.3-2021.10.win32_1.0.200.202301161003/tools/bin/../lib/gcc/arm-none-eabi/10.3.1/../../../../arm-none-eabi/lib/thumb/v7e-m+fp/hard\libc_nano.a
END GROUP
START GROUP
LOAD c:/st/stm32cubeide_1.8.0/stm32cubeide/plugins/com.st.stm32cube.ide.mcu.externaltools.gnu-tools-for-stm32.10.3-2021.10.win32_1.0.200.202301161003/tools/bin/../lib/gcc/arm-none-eabi/10.3.1/thumb/v7e-m+fp/hard\libgcc.a
LOAD c:/st/stm32cubeide_1.8.0/stm32cubeide/plugins/com.st.stm32cube.ide.mcu.externaltools.gnu-tools-for-stm32.10.3-2021.10.win32_1.0.200.202301161003/tools/bin/../lib/gcc/arm-none-eabi/10.3.1/../../../../arm-none-eabi/lib/thumb/v7e-m+fp/hard\libc_nano.a
LOAD c:/st/stm32cubeide_1.8.0/stm32cubeide/plugins/com.st.stm32cube.ide.mcu.externaltools.gnu-tools-for-stm32.10.3-2021.10.win32_1.0.200.202301161003/tools/bin/../lib/gcc/arm-none-eabi/10.3.1/../../../../arm-none-eabi/lib/thumb/v7e-m+fp/hard\libnosys.a
END GROUP
START GROUP
LOAD c:/st/stm32cubeide_1.8.0/stm32cubeide/plugins/com.st.stm32cube.ide.mcu.externaltools.gnu-tools-for-stm32.10.3-2021.10.win32_1.0.200.202301161003/tools/bin/../lib/gcc/arm-none-eabi/10.3.1/thumb/v7e-m+fp/hard\libgcc.a
LOAD c:/st/stm32cubeide_1.8.0/stm32cubeide/plugins/com.st.stm32cube.ide.mcu.externaltools.gnu-tools-for-stm32.10.3-2021.10.win32_1.0.200.202301161003/tools/bin/../lib/gcc/arm-none-eabi/10.3.1/../../../../arm-none-eabi/lib/thumb/v7e-m+fp/hard\libc_nano.a
LOAD c:/st/stm32cubeide_1.8.0/stm32cubeide/plugins/com.st.stm32cube.ide.mcu.externaltools.gnu-tools-for-stm32.10.3-2021.10.win32_1.0.200.202301161003/tools/bin/../lib/gcc/arm-none-eabi/10.3.1/../../../../arm-none-eabi/lib/thumb/v7e-m+fp/hard\libnosys.a
END GROUP
LOAD c:/st/stm32cubeide_1.8.0/stm32cubeide/plugins/com.st.stm32cube.ide.mcu.externaltools.gnu-tools-for-stm32.10.3-2021.10.win32_1.0.200.202301161003/tools/bin/../lib/gcc/arm-none-eabi/10.3.1/thumb/v7e-m+fp/hard/crtend.o
LOAD c:/st/stm32cubeide_1.8.0/stm32cubeide/plugins/com.st.stm32cube.ide.mcu.externaltools.gnu-tools-for-stm32.10.3-2021.10.win32_1.0.200.202301161003/tools/bin/../lib/gcc/arm-none-eabi/10.3.1/thumb/v7e-m+fp/hard/crtn.o
                0x0000000020010000                _estack = (ORIGIN (RAM) + LENGTH (RAM))
                0x0000000000000200                _Min_Heap_Size = 0x200
                0x0000000000000400                _Min_Stack_Size = 0x400

.isr_vector     0x0000000008000000      0x18c
                0x0000000008000000                . = ALIGN (0x4)
 *(.isr_vector)
 .isr_vector    0x0000000008000000      0x18c ./Core/Startup/startup_stm32l432kcux.o
                0x0000000008000000                g_pfnVectors
                0x000000000800018c                . = ALIGN (0x4)

.text           0x0000000008000190     0xc4cc
                0x0000000008000190                . = ALIGN (0x4)
 *(.text)
 .text          0x0000000008000190       0x40 c:/st/stm32cubeide_1.8.0/stm32cubeide/plugins/com.st.stm32cube.ide.mcu.externaltools.gnu-tools-for-stm32.10.3-2021.10.win32_1.0.200.202301161003/tools/bin/../lib/gcc/arm-none-eabi/10.3.1/thumb/v7e-m+fp/hard/crtbegin.o
 .text          0x00000000080001d0       0x10 c:/st/stm32cubeide_1.8.0/stm32cubeide/plugins/com.st.stm32cube.ide.mcu.externaltools.gnu-tools-for-stm32.10.3-2021.10.win32_1.0.200.202301161003/tools/bin/../lib/gcc/arm-none-eabi/10.3.1/../../../../arm-none-eabi/lib/thumb/v7e-m+fp/hard\libc_nano.a(lib_a-strlen.o)
                0x00000000080001d0                strlen
 .text          0x00000000080001e0       0xa0 c:/st/stm32cubeide_1.8.0/stm32cubeide/plugins/com.st.stm32cube.ide.mcu.externaltools.gnu-tools-for-stm32.10.3-2021.10.win32_1.0.200.202301161003/tools/bin/../lib/gcc/arm-none-eabi/10.3.1/../../../../arm-none-eabi/lib/thumb/v7e-m+fp/hard\libc_nano.a(lib_a-memchr.o)
                0x00000000080001e0                memchr
 .text          0x0000000008000280      0x378 c:/st/stm32cubeide_1.8.0/stm32cubeide/plugins/com.st.stm32cube.ide.mcu.externaltools.gnu-tools-for-stm32.10.3-2021.10.win32_1.0.200.202301161003/tools/bin/../lib/gcc/arm-none-eabi/10.3.1/thumb/v7e-m+fp/hard\libgcc.a(_arm_addsubdf3.o)
                0x0000000008000280                __aeabi_drsub
                0x0000000008000288                __aeabi_dsub
                0x0000000008000288                __subdf3
                0x000000000800028c                __aeabi_dadd
                0x000000000800028c                __adddf3
                0x0000000008000504                __floatunsidf
                0x0000000008000504                __aeabi_ui2d
                0x0000000008000524                __floatsidf
                0x0000000008000524                __aeabi_i2d
                0x0000000008000548                __aeabi_f2d
                0x0000000008000548                __extendsfdf2
                0x000000000800058c                __floatundidf
                0x000000000800058c                __aeabi_ul2d
                0x000000000800059c                __floatdidf
                0x000000000800059c                __aeabi_l2d
 .text          0x00000000080005f8      0x424 c:/st/stm32cubeide_1.8.0/stm32cubeide/plugins/com.st.stm32cube.ide.mcu.externaltools.gnu-tools-for-stm32.10.3-2021.10.win32_1.0.200.202301161003/tools/bin/../lib/gcc/arm-none-eabi/10.3.1/thumb/v7e-m+fp/hard\libgcc.a(_arm_muldivdf3.o)
                0x00000000080005f8                __aeabi_dmul
                0x00000000080005f8                __muldf3
                0x000000000800084c                __divdf3
                0x000000000800084c                __aeabi_ddiv
 .text          0x0000000008000a1c      0x110 c:/st/stm32cubeide_1.8.0/stm32cubeide/plugins/com.st.stm32cube.ide.mcu.externaltools.gnu-tools-for-stm32.10.3-2021.10.win32_1.0.200.202301161003/tools/bin/../lib/gcc/arm-none-eabi/10.3.1/thumb/v7e-m+fp/hard\libgcc.a(_arm_cmpdf2.o)
                0x0000000008000a1c                __gtdf2
                0x0000000008000a1c                __gedf2
                0x0000000008000a24                __ltdf2
                0x0000000008000a24                __ledf2
                0x0000000008000a2c                __nedf2
                0x0000000008000a2c                __eqdf2
                0x0000000008000a2c                __cmpdf2
                0x0000000008000aa8                __aeabi_cdrcmple
                0x0000000008000ab8                __aeabi_cdcmpeq
                0x0000000008000ab8                __aeabi_cdcmple
                0x0000000008000ac8                __aeabi_dcmpeq
                0x0000000008000adc                __aeabi_dcmplt
                0x0000000008000af0                __aeabi_dcmple
                0x0000000008000b04                __aeabi_dcmpge
                0x0000000008000b18                __aeabi_dcmpgt
 .text          0x0000000008000b2c       0x2c c:/st/stm32cubeide_1.8.0/stm32cubeide/plugins/com.st.stm32cube.ide.mcu.externaltools.gnu-tools-for-stm32.10.3-2021.10.win32_1.0.200.202301161003/tools/bin/../lib/gcc/arm-none-eabi/10.3.1/thumb/v7e-m+fp/hard\libgcc.a(_arm_unorddf2.o)
                0x0000000008000b2c                __unorddf2
                0x0000000008000b2c                __aeabi_dcmpun
 .text          0x0000000008000b58       0x50 c:/st/stm32cubeide_1.8.0/stm32cubeide/plugins/com.st.stm32cube.ide.mcu.externaltools.gnu-tools-for-stm32.10.3-2021.10.win32_1.0.200.202301161003/tools/bin/../lib/gcc/arm-none-eabi/10.3.1/thumb/v7e-m+fp/hard\libgcc.a(_arm_fixdfsi.o)
                0x0000000008000b58                __aeabi_d2iz
                0x0000000008000b58                __fixdfsi
 .text          0x0000000008000ba8       0xa0 c:/st/stm32cubeide_1.8.0/stm32cubeide/plugins/com.st.stm32cube.ide.mcu.externaltools.gnu-tools-for-stm32.10.3-2021.10.win32_1.0.200.202301161003/tools/bin/../lib/gcc/arm-none-eabi/10.3.1/thumb/v7e-m+fp/hard\libgcc.a(_arm_truncdfsf2.o)
                0x0000000008000ba8                __truncdfsf2
                0x0000000008000ba8                __aeabi_d2f
 .text          0x0000000008000c48       0x30 c:/st/stm32cubeide_1.8.0/stm32cubeide/plugins/com.st.stm32cube.ide.mcu.externaltools.gnu-tools-for-stm32.10.3-2021.10.win32_1.0.200.202301161003/tools/bin/../lib/gcc/arm-none-eabi/10.3.1/thumb/v7e-m+fp/hard\libgcc.a(_aeabi_uldivmod.o)
                0x0000000008000c48                __aeabi_uldivmod
 .text          0x0000000008000c78      0x2d0 c:/st/stm32cubeide_1.8.0/stm32cubeide/plugins/com.st.stm32cube.ide.mcu.externaltools.gnu-tools-for-stm32.10.3-2021.10.win32_1.0.200.202301161003/tools/bin/../lib/gcc/arm-none-eabi/10.3.1/thumb/v7e-m+fp/hard\libgcc.a(_udivmoddi4.o)
                0x0000000008000c78                __udivmoddi4
 .text          0x0000000008000f48        0x4 c:/st/stm32cubeide_1.8.0/stm32cubeide/plugins/com.st.stm32cube.ide.mcu.externaltools.gnu-tools-for-stm32.10.3-2021.10.win32_1.0.200.202301161003/tools/bin/../lib/gcc/arm-none-eabi/10.3.1/thumb/v7e-m+fp/hard\libgcc.a(_dvmd_tls.o)
                0x0000000008000f48                __aeabi_idiv0
                0x0000000008000f48                __aeabi_ldiv0
 *(.text*)
 .text.__NVIC_GetPriorityGrouping
                0x0000000008000f4c       0x1c ./Core/Src/main.o
 .text.__NVIC_EnableIRQ
                0x0000000008000f68       0x3c ./Core/Src/main.o
 .text.__NVIC_SetPriority
                0x0000000008000fa4       0x54 ./Core/Src/main.o
 .text.NVIC_EncodePriority
                0x0000000008000ff8       0x66 ./Core/Src/main.o
 .text.LL_LPUART_Enable
                0x000000000800105e       0x20 ./Core/Src/main.o
 .text.LL_LPUART_EnableClockInStopMode
                0x000000000800107e       0x46 ./Core/Src/main.o
 .text.LL_LPUART_DisableOverrunDetect
                0x00000000080010c4       0x20 ./Core/Src/main.o
 .text.LL_LPUART_SetWKUPType
                0x00000000080010e4       0x26 ./Core/Src/main.o
 .text.LL_LPUART_EnableIT_RXNE
                0x000000000800110a       0x42 ./Core/Src/main.o
 .text.LL_AHB2_GRP1_EnableClock
                0x000000000800114c       0x30 ./Core/Src/main.o
 .text.LL_APB1_GRP2_EnableClock
                0x000000000800117c       0x30 ./Core/Src/main.o
 .text.main     0x00000000080011ac       0x2a ./Core/Src/main.o
                0x00000000080011ac                main
 *fill*         0x00000000080011d6        0x2 
 .text.SystemClock_Config
                0x00000000080011d8       0xb0 ./Core/Src/main.o
                0x00000000080011d8                SystemClock_Config
 .text.MX_ADC1_Init
                0x0000000008001288      0x114 ./Core/Src/main.o
 .text.MX_LPUART1_UART_Init
                0x000000000800139c       0xfc ./Core/Src/main.o
 .text.MX_RTC_Init
                0x0000000008001498       0xd0 ./Core/Src/main.o
 .text.MX_SPI1_Init
                0x0000000008001568       0x7c ./Core/Src/main.o
 .text.MX_DMA_Init
                0x00000000080015e4       0x4c ./Core/Src/main.o
 .text.MX_GPIO_Init
                0x0000000008001630      0x134 ./Core/Src/main.o
 .text.HAL_Delay
                0x0000000008001764       0x48 ./Core/Src/main.o
                0x0000000008001764                HAL_Delay
 .text.USER_LPUART1_UART_Init
                0x00000000080017ac        0xc ./Core/Src/main.o
                0x00000000080017ac                USER_LPUART1_UART_Init
 .text.USER_LPUART1_UART_DeInit
                0x00000000080017b8       0x40 ./Core/Src/main.o
                0x00000000080017b8                USER_LPUART1_UART_DeInit
 .text.Error_Handler
                0x00000000080017f8        0xa ./Core/Src/main.o
                0x00000000080017f8                Error_Handler
 .text.LL_LPUART_DisableIT_WKUP
                0x0000000008001802       0x46 ./Core/Src/myApp.o
 .text.npf_min  0x0000000008001848       0x20 ./Core/Src/myApp.o
 .text.npf_max  0x0000000008001868       0x20 ./Core/Src/myApp.o
 .text.npf_parse_format_spec
                0x0000000008001888      0x3fc ./Core/Src/myApp.o
 .text.npf_itoa_rev
                0x0000000008001c84       0x7c ./Core/Src/myApp.o
 .text.npf_utoa_rev
                0x0000000008001d00       0x70 ./Core/Src/myApp.o
 .text.npf_fsplit_abs
                0x0000000008001d70      0x330 ./Core/Src/myApp.o
 .text.npf_ftoa_rev
                0x00000000080020a0      0x1c0 ./Core/Src/myApp.o
 .text.npf_bufputc
                0x0000000008002260       0x3c ./Core/Src/myApp.o
 .text.npf_bufputc_nop
                0x000000000800229c       0x16 ./Core/Src/myApp.o
 .text.npf_putc_cnt
                0x00000000080022b2       0x2e ./Core/Src/myApp.o
 .text.npf_vpprintf
                0x00000000080022e0      0x780 ./Core/Src/myApp.o
                0x00000000080022e0                npf_vpprintf
 .text.npf_snprintf
                0x0000000008002a60       0x30 ./Core/Src/myApp.o
                0x0000000008002a60                npf_snprintf
 .text.npf_vsnprintf
                0x0000000008002a90       0x58 ./Core/Src/myApp.o
                0x0000000008002a90                npf_vsnprintf
 .text.myApp_init
                0x0000000008002ae8       0x54 ./Core/Src/myApp.o
                0x0000000008002ae8                myApp_init
 .text.myApp_loop
                0x0000000008002b3c       0x4c ./Core/Src/myApp.o
                0x0000000008002b3c                myApp_loop
 .text.goToIdle
                0x0000000008002b88       0x10 ./Core/Src/myApp.o
 .text.goToSleep
                0x0000000008002b98       0x70 ./Core/Src/myApp.o
 .text.drawHeader
                0x0000000008002c08       0xe4 ./Core/Src/myApp.o
 .text.printDateTime
                0x0000000008002cec       0x88 ./Core/Src/myApp.o
 *fill*         0x0000000008002d74        0x4 
 .text.drawGNSS
                0x0000000008002d78      0x23c ./Core/Src/myApp.o
 .text.setTimeGNSS
                0x0000000008002fb4       0x64 ./Core/Src/myApp.o
                0x0000000008002fb4                setTimeGNSS
 .text.startADC
                0x0000000008003018       0x5c ./Core/Src/myApp.o
 .text.HAL_ADC_ConvCpltCallback
                0x0000000008003074       0xbc ./Core/Src/myApp.o
                0x0000000008003074                HAL_ADC_ConvCpltCallback
 .text.HAL_RTCEx_WakeUpTimerEventCallback
                0x0000000008003130       0x30 ./Core/Src/myApp.o
                0x0000000008003130                HAL_RTCEx_WakeUpTimerEventCallback
 .text.HAL_MspInit
                0x0000000008003160       0x48 ./Core/Src/stm32l4xx_hal_msp.o
                0x0000000008003160                HAL_MspInit
 .text.HAL_ADC_MspInit
                0x00000000080031a8      0x108 ./Core/Src/stm32l4xx_hal_msp.o
                0x00000000080031a8                HAL_ADC_MspInit
 .text.HAL_RTC_MspInit
                0x00000000080032b0       0x70 ./Core/Src/stm32l4xx_hal_msp.o
                0x00000000080032b0                HAL_RTC_MspInit
 .text.HAL_SPI_MspInit
                0x0000000008003320       0xf0 ./Core/Src/stm32l4xx_hal_msp.o
                0x0000000008003320                HAL_SPI_MspInit
 .text.LL_LPUART_IsActiveFlag_ORE
                0x0000000008003410       0x26 ./Core/Src/stm32l4xx_it.o
 .text.LL_LPUART_IsActiveFlag_WKUP
                0x0000000008003436       0x28 ./Core/Src/stm32l4xx_it.o
 .text.LL_LPUART_ClearFlag_ORE
                0x000000000800345e       0x1a ./Core/Src/stm32l4xx_it.o
 .text.LL_LPUART_ClearFlag_WKUP
                0x0000000008003478       0x1c ./Core/Src/stm32l4xx_it.o
 .text.LL_LPUART_IsEnabledIT_WKUP
                0x0000000008003494       0x28 ./Core/Src/stm32l4xx_it.o
 .text.NMI_Handler
                0x00000000080034bc        0x6 ./Core/Src/stm32l4xx_it.o
                0x00000000080034bc                NMI_Handler
 .text.HardFault_Handler
                0x00000000080034c2        0x6 ./Core/Src/stm32l4xx_it.o
                0x00000000080034c2                HardFault_Handler
 .text.MemManage_Handler
                0x00000000080034c8        0x6 ./Core/Src/stm32l4xx_it.o
                0x00000000080034c8                MemManage_Handler
 .text.BusFault_Handler
                0x00000000080034ce        0x6 ./Core/Src/stm32l4xx_it.o
                0x00000000080034ce                BusFault_Handler
 .text.UsageFault_Handler
                0x00000000080034d4        0x6 ./Core/Src/stm32l4xx_it.o
                0x00000000080034d4                UsageFault_Handler
 .text.SVC_Handler
                0x00000000080034da        0xe ./Core/Src/stm32l4xx_it.o
                0x00000000080034da                SVC_Handler
 .text.DebugMon_Handler
                0x00000000080034e8        0xe ./Core/Src/stm32l4xx_it.o
                0x00000000080034e8                DebugMon_Handler
 .text.PendSV_Handler
                0x00000000080034f6        0xe ./Core/Src/stm32l4xx_it.o
                0x00000000080034f6                PendSV_Handler
 .text.SysTick_Handler
                0x0000000008003504        0xc ./Core/Src/stm32l4xx_it.o
                0x0000000008003504                SysTick_Handler
 .text.RTC_WKUP_IRQHandler
                0x0000000008003510       0x1c ./Core/Src/stm32l4xx_it.o
                0x0000000008003510                RTC_WKUP_IRQHandler
 .text.DMA1_Channel1_IRQHandler
                0x000000000800352c       0x14 ./Core/Src/stm32l4xx_it.o
                0x000000000800352c                DMA1_Channel1_IRQHandler
 .text.DMA1_Channel3_IRQHandler
                0x0000000008003540       0x14 ./Core/Src/stm32l4xx_it.o
                0x0000000008003540                DMA1_Channel3_IRQHandler
 .text.SPI1_IRQHandler
                0x0000000008003554       0x14 ./Core/Src/stm32l4xx_it.o
                0x0000000008003554                SPI1_IRQHandler
 .text.LPUART1_IRQHandler
                0x0000000008003568       0x4c ./Core/Src/stm32l4xx_it.o
                0x0000000008003568                LPUART1_IRQHandler
 .text._getpid  0x00000000080035b4       0x10 ./Core/Src/syscalls.o
                0x00000000080035b4                _getpid
 .text._kill    0x00000000080035c4       0x20 ./Core/Src/syscalls.o
                0x00000000080035c4                _kill
 .text._exit    0x00000000080035e4       0x14 ./Core/Src/syscalls.o
                0x00000000080035e4                _exit
 .text._read    0x00000000080035f8       0x3a ./Core/Src/syscalls.o
                0x00000000080035f8                _read
 .text._write   0x0000000008003632       0x38 ./Core/Src/syscalls.o
                0x0000000008003632                _write
 .text._close   0x000000000800366a       0x18 ./Core/Src/syscalls.o
                0x000000000800366a                _close
 .text._fstat   0x0000000008003682       0x20 ./Core/Src/syscalls.o
                0x0000000008003682                _fstat
 .text._isatty  0x00000000080036a2       0x16 ./Core/Src/syscalls.o
                0x00000000080036a2                _isatty
 .text._lseek   0x00000000080036b8       0x1a ./Core/Src/syscalls.o
                0x00000000080036b8                _lseek
 *fill*         0x00000000080036d2        0x2 
 .text._sbrk    0x00000000080036d4       0x6c ./Core/Src/sysmem.o
                0x00000000080036d4                _sbrk
 .text.SystemInit
                0x0000000008003740       0x24 ./Core/Src/system_stm32l4xx.o
                0x0000000008003740                SystemInit
 .text.Reset_Handler
                0x0000000008003764       0x50 ./Core/Startup/startup_stm32l432kcux.o
                0x0000000008003764                Reset_Handler
 .text.Default_Handler
                0x00000000080037b4        0x2 ./Core/Startup/startup_stm32l432kcux.o
                0x00000000080037b4                RTC_Alarm_IRQHandler
                0x00000000080037b4                EXTI2_IRQHandler
                0x00000000080037b4                TIM1_CC_IRQHandler
                0x00000000080037b4                TSC_IRQHandler
                0x00000000080037b4                TAMP_STAMP_IRQHandler
                0x00000000080037b4                EXTI3_IRQHandler
                0x00000000080037b4                LPTIM2_IRQHandler
                0x00000000080037b4                I2C3_ER_IRQHandler
                0x00000000080037b4                EXTI0_IRQHandler
                0x00000000080037b4                CAN1_RX0_IRQHandler
                0x00000000080037b4                FPU_IRQHandler
                0x00000000080037b4                TIM1_UP_TIM16_IRQHandler
                0x00000000080037b4                TIM6_DAC_IRQHandler
                0x00000000080037b4                DMA2_Channel2_IRQHandler
                0x00000000080037b4                DMA1_Channel4_IRQHandler
                0x00000000080037b4                ADC1_IRQHandler
                0x00000000080037b4                DMA1_Channel7_IRQHandler
                0x00000000080037b4                CAN1_RX1_IRQHandler
                0x00000000080037b4                DMA2_Channel1_IRQHandler
                0x00000000080037b4                QUADSPI_IRQHandler
                0x00000000080037b4                I2C1_EV_IRQHandler
                0x00000000080037b4                DMA1_Channel6_IRQHandler
                0x00000000080037b4                DMA2_Channel4_IRQHandler
                0x00000000080037b4                RCC_IRQHandler
                0x00000000080037b4                TIM1_TRG_COM_IRQHandler
                0x00000000080037b4                Default_Handler
                0x00000000080037b4                DMA2_Channel7_IRQHandler
                0x00000000080037b4                EXTI15_10_IRQHandler
                0x00000000080037b4                TIM7_IRQHandler
                0x00000000080037b4                I2C3_EV_IRQHandler
                0x00000000080037b4                USB_IRQHandler
                0x00000000080037b4                EXTI9_5_IRQHandler
                0x00000000080037b4                PVD_PVM_IRQHandler
                0x00000000080037b4                CAN1_TX_IRQHandler
                0x00000000080037b4                DMA2_Channel5_IRQHandler
                0x00000000080037b4                CRS_IRQHandler
                0x00000000080037b4                DMA1_Channel5_IRQHandler
                0x00000000080037b4                EXTI4_IRQHandler
                0x00000000080037b4                RNG_IRQHandler
                0x00000000080037b4                COMP_IRQHandler
                0x00000000080037b4                WWDG_IRQHandler
                0x00000000080037b4                DMA2_Channel6_IRQHandler
                0x00000000080037b4                TIM2_IRQHandler
                0x00000000080037b4                EXTI1_IRQHandler
                0x00000000080037b4                USART2_IRQHandler
                0x00000000080037b4                DMA1_Channel2_IRQHandler
                0x00000000080037b4                CAN1_SCE_IRQHandler
                0x00000000080037b4                FLASH_IRQHandler
                0x00000000080037b4                USART1_IRQHandler
                0x00000000080037b4                SPI3_IRQHandler
                0x00000000080037b4                I2C1_ER_IRQHandler
                0x00000000080037b4                SWPMI1_IRQHandler
                0x00000000080037b4                LPTIM1_IRQHandler
                0x00000000080037b4                SAI1_IRQHandler
                0x00000000080037b4                DMA2_Channel3_IRQHandler
                0x00000000080037b4                TIM1_BRK_TIM15_IRQHandler
 .text.LL_LPUART_IsEnabled
                0x00000000080037b6       0x26 ./Drivers/GNSSPVT/GNSSPVT.o
 .text.LL_LPUART_EnableInStopMode
                0x00000000080037dc       0x42 ./Drivers/GNSSPVT/GNSSPVT.o
 .text.LL_LPUART_IsActiveFlag_RXNE
                0x000000000800381e       0x26 ./Drivers/GNSSPVT/GNSSPVT.o
 .text.LL_LPUART_IsActiveFlag_TC
                0x0000000008003844       0x26 ./Drivers/GNSSPVT/GNSSPVT.o
 .text.LL_LPUART_IsActiveFlag_TXE
                0x000000000800386a       0x26 ./Drivers/GNSSPVT/GNSSPVT.o
 .text.LL_LPUART_IsActiveFlag_REACK
                0x0000000008003890       0x28 ./Drivers/GNSSPVT/GNSSPVT.o
 .text.LL_LPUART_ClearFlag_ORE
                0x00000000080038b8       0x1a ./Drivers/GNSSPVT/GNSSPVT.o
 .text.LL_LPUART_ClearFlag_WKUP
                0x00000000080038d2       0x1c ./Drivers/GNSSPVT/GNSSPVT.o
 .text.LL_LPUART_EnableIT_WKUP
                0x00000000080038ee       0x46 ./Drivers/GNSSPVT/GNSSPVT.o
 .text.LL_LPUART_ReceiveData8
                0x0000000008003934       0x1c ./Drivers/GNSSPVT/GNSSPVT.o
 .text.LL_LPUART_TransmitData8
                0x0000000008003950       0x20 ./Drivers/GNSSPVT/GNSSPVT.o
 .text.GNSS_getYear
                0x0000000008003970       0x18 ./Drivers/GNSSPVT/GNSSPVT.o
                0x0000000008003970                GNSS_getYear
 .text.GNSS_getMonth
                0x0000000008003988       0x18 ./Drivers/GNSSPVT/GNSSPVT.o
                0x0000000008003988                GNSS_getMonth
 .text.GNSS_getDay
                0x00000000080039a0       0x18 ./Drivers/GNSSPVT/GNSSPVT.o
                0x00000000080039a0                GNSS_getDay
 .text.GNSS_getHour
                0x00000000080039b8       0x18 ./Drivers/GNSSPVT/GNSSPVT.o
                0x00000000080039b8                GNSS_getHour
 .text.GNSS_getMin
                0x00000000080039d0       0x18 ./Drivers/GNSSPVT/GNSSPVT.o
                0x00000000080039d0                GNSS_getMin
 .text.GNSS_getSec
                0x00000000080039e8       0x18 ./Drivers/GNSSPVT/GNSSPVT.o
                0x00000000080039e8                GNSS_getSec
 .text.getLat   0x0000000008003a00       0x4c ./Drivers/GNSSPVT/GNSSPVT.o
                0x0000000008003a00                getLat
 *fill*         0x0000000008003a4c        0x4 
 .text.getLong  0x0000000008003a50       0x4c ./Drivers/GNSSPVT/GNSSPVT.o
                0x0000000008003a50                getLong
 *fill*         0x0000000008003a9c        0x4 
 .text.getHAcc  0x0000000008003aa0       0x4c ./Drivers/GNSSPVT/GNSSPVT.o
                0x0000000008003aa0                getHAcc
 .text.getGroundSpeed_kph
                0x0000000008003aec       0x3c ./Drivers/GNSSPVT/GNSSPVT.o
                0x0000000008003aec                getGroundSpeed_kph
 .text.getMotionHeading_deg
                0x0000000008003b28       0x3c ./Drivers/GNSSPVT/GNSSPVT.o
                0x0000000008003b28                getMotionHeading_deg
 .text.getNumSatellites
                0x0000000008003b64       0x18 ./Drivers/GNSSPVT/GNSSPVT.o
                0x0000000008003b64                getNumSatellites
 .text.isTimeFullyResolved
                0x0000000008003b7c       0x24 ./Drivers/GNSSPVT/GNSSPVT.o
                0x0000000008003b7c                isTimeFullyResolved
 .text.GNSS_Prep_Stop
                0x0000000008003ba0       0x5c ./Drivers/GNSSPVT/GNSSPVT.o
                0x0000000008003ba0                GNSS_Prep_Stop
 .text.GNSS_Power
                0x0000000008003bfc       0xa4 ./Drivers/GNSSPVT/GNSSPVT.o
                0x0000000008003bfc                GNSS_Power
 .text.GNSS_Set_Power
                0x0000000008003ca0       0x84 ./Drivers/GNSSPVT/GNSSPVT.o
 .text.GNSS_Config_Slow
                0x0000000008003d24       0x58 ./Drivers/GNSSPVT/GNSSPVT.o
                0x0000000008003d24                GNSS_Config_Slow
 .text.GNSS_Config_Fast
                0x0000000008003d7c       0x18 ./Drivers/GNSSPVT/GNSSPVT.o
                0x0000000008003d7c                GNSS_Config_Fast
 .text.Checksum
                0x0000000008003d94       0x74 ./Drivers/GNSSPVT/GNSSPVT.o
                0x0000000008003d94                Checksum
 .text.parse    0x0000000008003e08      0x278 ./Drivers/GNSSPVT/GNSSPVT.o
                0x0000000008003e08                parse
 .text.LPUART_CharReception_Callback
                0x0000000008004080       0x2c ./Drivers/GNSSPVT/GNSSPVT.o
                0x0000000008004080                LPUART_CharReception_Callback
 .text.LPUART_Transmit
                0x00000000080040ac       0x68 ./Drivers/GNSSPVT/GNSSPVT.o
 .text.HAL_Init
                0x0000000008004114       0x30 ./Drivers/STM32L4xx_HAL_Driver/Src/stm32l4xx_hal.o
                0x0000000008004114                HAL_Init
 .text.HAL_InitTick
                0x0000000008004144       0x78 ./Drivers/STM32L4xx_HAL_Driver/Src/stm32l4xx_hal.o
                0x0000000008004144                HAL_InitTick
 .text.HAL_IncTick
                0x00000000080041bc       0x28 ./Drivers/STM32L4xx_HAL_Driver/Src/stm32l4xx_hal.o
                0x00000000080041bc                HAL_IncTick
 .text.HAL_GetTick
                0x00000000080041e4       0x18 ./Drivers/STM32L4xx_HAL_Driver/Src/stm32l4xx_hal.o
                0x00000000080041e4                HAL_GetTick
 .text.HAL_SuspendTick
                0x00000000080041fc       0x20 ./Drivers/STM32L4xx_HAL_Driver/Src/stm32l4xx_hal.o
                0x00000000080041fc                HAL_SuspendTick
 .text.HAL_ResumeTick
                0x000000000800421c       0x20 ./Drivers/STM32L4xx_HAL_Driver/Src/stm32l4xx_hal.o
                0x000000000800421c                HAL_ResumeTick
 .text.LL_ADC_SetCommonClock
                0x000000000800423c       0x26 ./Drivers/STM32L4xx_HAL_Driver/Src/stm32l4xx_hal_adc.o
 .text.LL_ADC_SetCommonPathInternalCh
                0x0000000008004262       0x26 ./Drivers/STM32L4xx_HAL_Driver/Src/stm32l4xx_hal_adc.o
 .text.LL_ADC_GetCommonPathInternalCh
                0x0000000008004288       0x1c ./Drivers/STM32L4xx_HAL_Driver/Src/stm32l4xx_hal_adc.o
 .text.LL_ADC_SetOffset
                0x00000000080042a4       0x48 ./Drivers/STM32L4xx_HAL_Driver/Src/stm32l4xx_hal_adc.o
 .text.LL_ADC_GetOffsetChannel
                0x00000000080042ec       0x2c ./Drivers/STM32L4xx_HAL_Driver/Src/stm32l4xx_hal_adc.o
 .text.LL_ADC_SetOffsetState
                0x0000000008004318       0x36 ./Drivers/STM32L4xx_HAL_Driver/Src/stm32l4xx_hal_adc.o
 .text.LL_ADC_REG_IsTriggerSourceSWStart
                0x000000000800434e       0x26 ./Drivers/STM32L4xx_HAL_Driver/Src/stm32l4xx_hal_adc.o
 .text.LL_ADC_REG_SetSequencerRanks
                0x0000000008004374       0x58 ./Drivers/STM32L4xx_HAL_Driver/Src/stm32l4xx_hal_adc.o
 .text.LL_ADC_SetChannelSamplingTime
                0x00000000080043cc       0x56 ./Drivers/STM32L4xx_HAL_Driver/Src/stm32l4xx_hal_adc.o
 *fill*         0x0000000008004422        0x2 
 .text.LL_ADC_SetChannelSingleDiff
                0x0000000008004424       0x48 ./Drivers/STM32L4xx_HAL_Driver/Src/stm32l4xx_hal_adc.o
 .text.LL_ADC_DisableDeepPowerDown
                0x000000000800446c       0x24 ./Drivers/STM32L4xx_HAL_Driver/Src/stm32l4xx_hal_adc.o
 .text.LL_ADC_IsDeepPowerDownEnabled
                0x0000000008004490       0x28 ./Drivers/STM32L4xx_HAL_Driver/Src/stm32l4xx_hal_adc.o
 .text.LL_ADC_EnableInternalRegulator
                0x00000000080044b8       0x28 ./Drivers/STM32L4xx_HAL_Driver/Src/stm32l4xx_hal_adc.o
 .text.LL_ADC_IsInternalRegulatorEnabled
                0x00000000080044e0       0x28 ./Drivers/STM32L4xx_HAL_Driver/Src/stm32l4xx_hal_adc.o
 .text.LL_ADC_Enable
                0x0000000008004508       0x28 ./Drivers/STM32L4xx_HAL_Driver/Src/stm32l4xx_hal_adc.o
 .text.LL_ADC_Disable
                0x0000000008004530       0x28 ./Drivers/STM32L4xx_HAL_Driver/Src/stm32l4xx_hal_adc.o
 .text.LL_ADC_IsEnabled
                0x0000000008004558       0x26 ./Drivers/STM32L4xx_HAL_Driver/Src/stm32l4xx_hal_adc.o
 .text.LL_ADC_IsDisableOngoing
                0x000000000800457e       0x26 ./Drivers/STM32L4xx_HAL_Driver/Src/stm32l4xx_hal_adc.o
 .text.LL_ADC_REG_StartConversion
                0x00000000080045a4       0x28 ./Drivers/STM32L4xx_HAL_Driver/Src/stm32l4xx_hal_adc.o
 .text.LL_ADC_REG_StopConversion
                0x00000000080045cc       0x28 ./Drivers/STM32L4xx_HAL_Driver/Src/stm32l4xx_hal_adc.o
 .text.LL_ADC_REG_IsConversionOngoing
                0x00000000080045f4       0x26 ./Drivers/STM32L4xx_HAL_Driver/Src/stm32l4xx_hal_adc.o
 .text.LL_ADC_INJ_StopConversion
                0x000000000800461a       0x28 ./Drivers/STM32L4xx_HAL_Driver/Src/stm32l4xx_hal_adc.o
 .text.LL_ADC_INJ_IsConversionOngoing
                0x0000000008004642       0x26 ./Drivers/STM32L4xx_HAL_Driver/Src/stm32l4xx_hal_adc.o
 .text.HAL_ADC_Init
                0x0000000008004668      0x290 ./Drivers/STM32L4xx_HAL_Driver/Src/stm32l4xx_hal_adc.o
                0x0000000008004668                HAL_ADC_Init
 .text.HAL_ADC_Start_DMA
                0x00000000080048f8      0x108 ./Drivers/STM32L4xx_HAL_Driver/Src/stm32l4xx_hal_adc.o
                0x00000000080048f8                HAL_ADC_Start_DMA
 .text.HAL_ADC_Stop_DMA
                0x0000000008004a00       0xc2 ./Drivers/STM32L4xx_HAL_Driver/Src/stm32l4xx_hal_adc.o
                0x0000000008004a00                HAL_ADC_Stop_DMA
 .text.HAL_ADC_ConvHalfCpltCallback
                0x0000000008004ac2       0x14 ./Drivers/STM32L4xx_HAL_Driver/Src/stm32l4xx_hal_adc.o
                0x0000000008004ac2                HAL_ADC_ConvHalfCpltCallback
 .text.HAL_ADC_ErrorCallback
                0x0000000008004ad6       0x14 ./Drivers/STM32L4xx_HAL_Driver/Src/stm32l4xx_hal_adc.o
                0x0000000008004ad6                HAL_ADC_ErrorCallback
 *fill*         0x0000000008004aea        0x2 
 .text.HAL_ADC_ConfigChannel
                0x0000000008004aec      0x7c0 ./Drivers/STM32L4xx_HAL_Driver/Src/stm32l4xx_hal_adc.o
                0x0000000008004aec                HAL_ADC_ConfigChannel
 .text.ADC_ConversionStop
                0x00000000080052ac      0x178 ./Drivers/STM32L4xx_HAL_Driver/Src/stm32l4xx_hal_adc.o
                0x00000000080052ac                ADC_ConversionStop
 .text.ADC_Enable
                0x0000000008005424      0x10c ./Drivers/STM32L4xx_HAL_Driver/Src/stm32l4xx_hal_adc.o
                0x0000000008005424                ADC_Enable
 .text.ADC_Disable
                0x0000000008005530       0xbe ./Drivers/STM32L4xx_HAL_Driver/Src/stm32l4xx_hal_adc.o
                0x0000000008005530                ADC_Disable
 .text.ADC_DMAConvCplt
                0x00000000080055ee       0xd8 ./Drivers/STM32L4xx_HAL_Driver/Src/stm32l4xx_hal_adc.o
                0x00000000080055ee                ADC_DMAConvCplt
 .text.ADC_DMAHalfConvCplt
                0x00000000080056c6       0x1c ./Drivers/STM32L4xx_HAL_Driver/Src/stm32l4xx_hal_adc.o
                0x00000000080056c6                ADC_DMAHalfConvCplt
 .text.ADC_DMAError
                0x00000000080056e2       0x34 ./Drivers/STM32L4xx_HAL_Driver/Src/stm32l4xx_hal_adc.o
                0x00000000080056e2                ADC_DMAError
 .text.LL_ADC_StartCalibration
                0x0000000008005716       0x32 ./Drivers/STM32L4xx_HAL_Driver/Src/stm32l4xx_hal_adc_ex.o
 .text.LL_ADC_IsCalibrationOnGoing
                0x0000000008005748       0x28 ./Drivers/STM32L4xx_HAL_Driver/Src/stm32l4xx_hal_adc_ex.o
 .text.HAL_ADCEx_Calibration_Start
                0x0000000008005770       0xc0 ./Drivers/STM32L4xx_HAL_Driver/Src/stm32l4xx_hal_adc_ex.o
                0x0000000008005770                HAL_ADCEx_Calibration_Start
 .text.__NVIC_SetPriorityGrouping
                0x0000000008005830       0x48 ./Drivers/STM32L4xx_HAL_Driver/Src/stm32l4xx_hal_cortex.o
 .text.__NVIC_GetPriorityGrouping
                0x0000000008005878       0x1c ./Drivers/STM32L4xx_HAL_Driver/Src/stm32l4xx_hal_cortex.o
 .text.__NVIC_EnableIRQ
                0x0000000008005894       0x3c ./Drivers/STM32L4xx_HAL_Driver/Src/stm32l4xx_hal_cortex.o
 .text.__NVIC_SetPriority
                0x00000000080058d0       0x54 ./Drivers/STM32L4xx_HAL_Driver/Src/stm32l4xx_hal_cortex.o
 .text.NVIC_EncodePriority
                0x0000000008005924       0x66 ./Drivers/STM32L4xx_HAL_Driver/Src/stm32l4xx_hal_cortex.o
 *fill*         0x000000000800598a        0x2 
 .text.SysTick_Config
                0x000000000800598c       0x44 ./Drivers/STM32L4xx_HAL_Driver/Src/stm32l4xx_hal_cortex.o
 .text.HAL_NVIC_SetPriorityGrouping
                0x00000000080059d0       0x16 ./Drivers/STM32L4xx_HAL_Driver/Src/stm32l4xx_hal_cortex.o
                0x00000000080059d0                HAL_NVIC_SetPriorityGrouping
 .text.HAL_NVIC_SetPriority
                0x00000000080059e6       0x38 ./Drivers/STM32L4xx_HAL_Driver/Src/stm32l4xx_hal_cortex.o
                0x00000000080059e6                HAL_NVIC_SetPriority
 .text.HAL_NVIC_EnableIRQ
                0x0000000008005a1e       0x1c ./Drivers/STM32L4xx_HAL_Driver/Src/stm32l4xx_hal_cortex.o
                0x0000000008005a1e                HAL_NVIC_EnableIRQ
 .text.HAL_SYSTICK_Config
                0x0000000008005a3a       0x18 ./Drivers/STM32L4xx_HAL_Driver/Src/stm32l4xx_hal_cortex.o
                0x0000000008005a3a                HAL_SYSTICK_Config
 *fill*         0x0000000008005a52        0x2 
 .text.HAL_DMA_Init
                0x0000000008005a54      0x170 ./Drivers/STM32L4xx_HAL_Driver/Src/stm32l4xx_hal_dma.o
                0x0000000008005a54                HAL_DMA_Init
 .text.HAL_DMA_Start_IT
                0x0000000008005bc4       0xc0 ./Drivers/STM32L4xx_HAL_Driver/Src/stm32l4xx_hal_dma.o
                0x0000000008005bc4                HAL_DMA_Start_IT
 .text.HAL_DMA_Abort
                0x0000000008005c84       0x7c ./Drivers/STM32L4xx_HAL_Driver/Src/stm32l4xx_hal_dma.o
                0x0000000008005c84                HAL_DMA_Abort
 .text.HAL_DMA_Abort_IT
                0x0000000008005d00       0x82 ./Drivers/STM32L4xx_HAL_Driver/Src/stm32l4xx_hal_dma.o
                0x0000000008005d00                HAL_DMA_Abort_IT
 .text.HAL_DMA_IRQHandler
                0x0000000008005d82      0x15e ./Drivers/STM32L4xx_HAL_Driver/Src/stm32l4xx_hal_dma.o
                0x0000000008005d82                HAL_DMA_IRQHandler
 .text.DMA_SetConfig
                0x0000000008005ee0       0x60 ./Drivers/STM32L4xx_HAL_Driver/Src/stm32l4xx_hal_dma.o
 .text.HAL_GPIO_Init
                0x0000000008005f40      0x2d4 ./Drivers/STM32L4xx_HAL_Driver/Src/stm32l4xx_hal_gpio.o
                0x0000000008005f40                HAL_GPIO_Init
 .text.HAL_GPIO_ReadPin
                0x0000000008006214       0x30 ./Drivers/STM32L4xx_HAL_Driver/Src/stm32l4xx_hal_gpio.o
                0x0000000008006214                HAL_GPIO_ReadPin
 .text.HAL_GPIO_WritePin
                0x0000000008006244       0x30 ./Drivers/STM32L4xx_HAL_Driver/Src/stm32l4xx_hal_gpio.o
                0x0000000008006244                HAL_GPIO_WritePin
 .text.HAL_PWR_EnableBkUpAccess
                0x0000000008006274       0x20 ./Drivers/STM32L4xx_HAL_Driver/Src/stm32l4xx_hal_pwr.o
                0x0000000008006274                HAL_PWR_EnableBkUpAccess
 .text.HAL_PWR_EnterSLEEPMode
                0x0000000008006294       0x68 ./Drivers/STM32L4xx_HAL_Driver/Src/stm32l4xx_hal_pwr.o
                0x0000000008006294                HAL_PWR_EnterSLEEPMode
 .text.HAL_PWREx_GetVoltageRange
                0x00000000080062fc       0x1c ./Drivers/STM32L4xx_HAL_Driver/Src/stm32l4xx_hal_pwr_ex.o
                0x00000000080062fc                HAL_PWREx_GetVoltageRange
 .text.HAL_PWREx_ControlVoltageScaling
                0x0000000008006318       0xac ./Drivers/STM32L4xx_HAL_Driver/Src/stm32l4xx_hal_pwr_ex.o
                0x0000000008006318                HAL_PWREx_ControlVoltageScaling
 .text.HAL_PWREx_EnableLowPowerRunMode
                0x00000000080063c4       0x20 ./Drivers/STM32L4xx_HAL_Driver/Src/stm32l4xx_hal_pwr_ex.o
                0x00000000080063c4                HAL_PWREx_EnableLowPowerRunMode
 .text.HAL_PWREx_DisableLowPowerRunMode
                0x00000000080063e4       0x70 ./Drivers/STM32L4xx_HAL_Driver/Src/stm32l4xx_hal_pwr_ex.o
                0x00000000080063e4                HAL_PWREx_DisableLowPowerRunMode
 .text.HAL_PWREx_EnterSTOP2Mode
                0x0000000008006454       0x58 ./Drivers/STM32L4xx_HAL_Driver/Src/stm32l4xx_hal_pwr_ex.o
                0x0000000008006454                HAL_PWREx_EnterSTOP2Mode
 .text.HAL_RCC_OscConfig
                0x00000000080064ac      0x828 ./Drivers/STM32L4xx_HAL_Driver/Src/stm32l4xx_hal_rcc.o
                0x00000000080064ac                HAL_RCC_OscConfig
 .text.HAL_RCC_ClockConfig
                0x0000000008006cd4      0x200 ./Drivers/STM32L4xx_HAL_Driver/Src/stm32l4xx_hal_rcc.o
                0x0000000008006cd4                HAL_RCC_ClockConfig
 .text.HAL_RCC_GetSysClockFreq
                0x0000000008006ed4      0x118 ./Drivers/STM32L4xx_HAL_Driver/Src/stm32l4xx_hal_rcc.o
                0x0000000008006ed4                HAL_RCC_GetSysClockFreq
 .text.RCC_SetFlashLatencyFromMSIRange
                0x0000000008006fec       0xc0 ./Drivers/STM32L4xx_HAL_Driver/Src/stm32l4xx_hal_rcc.o
 .text.HAL_RCCEx_PeriphCLKConfig
                0x00000000080070ac      0x3ec ./Drivers/STM32L4xx_HAL_Driver/Src/stm32l4xx_hal_rcc_ex.o
                0x00000000080070ac                HAL_RCCEx_PeriphCLKConfig
 .text.HAL_RCCEx_EnableMSIPLLMode
                0x0000000008007498       0x20 ./Drivers/STM32L4xx_HAL_Driver/Src/stm32l4xx_hal_rcc_ex.o
                0x0000000008007498                HAL_RCCEx_EnableMSIPLLMode
 .text.RCCEx_PLLSAI1_Config
                0x00000000080074b8      0x1e4 ./Drivers/STM32L4xx_HAL_Driver/Src/stm32l4xx_hal_rcc_ex.o
 .text.HAL_RTC_Init
                0x000000000800769c       0xf6 ./Drivers/STM32L4xx_HAL_Driver/Src/stm32l4xx_hal_rtc.o
                0x000000000800769c                HAL_RTC_Init
 .text.HAL_RTC_SetTime
                0x0000000008007792      0x13a ./Drivers/STM32L4xx_HAL_Driver/Src/stm32l4xx_hal_rtc.o
                0x0000000008007792                HAL_RTC_SetTime
 .text.HAL_RTC_GetTime
                0x00000000080078cc       0xb8 ./Drivers/STM32L4xx_HAL_Driver/Src/stm32l4xx_hal_rtc.o
                0x00000000080078cc                HAL_RTC_GetTime
 .text.HAL_RTC_SetDate
                0x0000000008007984      0x10e ./Drivers/STM32L4xx_HAL_Driver/Src/stm32l4xx_hal_rtc.o
                0x0000000008007984                HAL_RTC_SetDate
 .text.HAL_RTC_GetDate
                0x0000000008007a92       0x9a ./Drivers/STM32L4xx_HAL_Driver/Src/stm32l4xx_hal_rtc.o
                0x0000000008007a92                HAL_RTC_GetDate
 .text.HAL_RTC_WaitForSynchro
                0x0000000008007b2c       0x4c ./Drivers/STM32L4xx_HAL_Driver/Src/stm32l4xx_hal_rtc.o
                0x0000000008007b2c                HAL_RTC_WaitForSynchro
 .text.RTC_EnterInitMode
                0x0000000008007b78       0x66 ./Drivers/STM32L4xx_HAL_Driver/Src/stm32l4xx_hal_rtc.o
                0x0000000008007b78                RTC_EnterInitMode
 *fill*         0x0000000008007bde        0x2 
 .text.RTC_ExitInitMode
                0x0000000008007be0       0x7c ./Drivers/STM32L4xx_HAL_Driver/Src/stm32l4xx_hal_rtc.o
                0x0000000008007be0                RTC_ExitInitMode
 .text.RTC_ByteToBcd2
                0x0000000008007c5c       0x40 ./Drivers/STM32L4xx_HAL_Driver/Src/stm32l4xx_hal_rtc.o
                0x0000000008007c5c                RTC_ByteToBcd2
 .text.RTC_Bcd2ToByte
                0x0000000008007c9c       0x34 ./Drivers/STM32L4xx_HAL_Driver/Src/stm32l4xx_hal_rtc.o
                0x0000000008007c9c                RTC_Bcd2ToByte
 .text.HAL_RTCEx_SetWakeUpTimer_IT
                0x0000000008007cd0      0x128 ./Drivers/STM32L4xx_HAL_Driver/Src/stm32l4xx_hal_rtc_ex.o
                0x0000000008007cd0                HAL_RTCEx_SetWakeUpTimer_IT
 .text.HAL_RTCEx_WakeUpTimerIRQHandler
                0x0000000008007df8       0x4c ./Drivers/STM32L4xx_HAL_Driver/Src/stm32l4xx_hal_rtc_ex.o
                0x0000000008007df8                HAL_RTCEx_WakeUpTimerIRQHandler
 .text.HAL_SPI_Init
                0x0000000008007e44      0x146 ./Drivers/STM32L4xx_HAL_Driver/Src/stm32l4xx_hal_spi.o
                0x0000000008007e44                HAL_SPI_Init
 .text.HAL_SPI_Transmit
                0x0000000008007f8a      0x2dc ./Drivers/STM32L4xx_HAL_Driver/Src/stm32l4xx_hal_spi.o
                0x0000000008007f8a                HAL_SPI_Transmit
 *fill*         0x0000000008008266        0x2 
 .text.HAL_SPI_Transmit_DMA
                0x0000000008008268      0x1e8 ./Drivers/STM32L4xx_HAL_Driver/Src/stm32l4xx_hal_spi.o
                0x0000000008008268                HAL_SPI_Transmit_DMA
 .text.HAL_SPI_IRQHandler
                0x0000000008008450      0x200 ./Drivers/STM32L4xx_HAL_Driver/Src/stm32l4xx_hal_spi.o
                0x0000000008008450                HAL_SPI_IRQHandler
 .text.HAL_SPI_TxHalfCpltCallback
                0x0000000008008650       0x14 ./Drivers/STM32L4xx_HAL_Driver/Src/stm32l4xx_hal_spi.o
                0x0000000008008650                HAL_SPI_TxHalfCpltCallback
 .text.HAL_SPI_ErrorCallback
                0x0000000008008664       0x14 ./Drivers/STM32L4xx_HAL_Driver/Src/stm32l4xx_hal_spi.o
                0x0000000008008664                HAL_SPI_ErrorCallback
 .text.SPI_DMATransmitCplt
                0x0000000008008678       0xa6 ./Drivers/STM32L4xx_HAL_Driver/Src/stm32l4xx_hal_spi.o
 .text.SPI_DMAHalfTransmitCplt
                0x000000000800871e       0x1c ./Drivers/STM32L4xx_HAL_Driver/Src/stm32l4xx_hal_spi.o
 .text.SPI_DMAError
                0x000000000800873a       0x40 ./Drivers/STM32L4xx_HAL_Driver/Src/stm32l4xx_hal_spi.o
 .text.SPI_DMAAbortOnError
                0x000000000800877a       0x2a ./Drivers/STM32L4xx_HAL_Driver/Src/stm32l4xx_hal_spi.o
 .text.SPI_WaitFlagStateUntilTimeout
                0x00000000080087a4      0x110 ./Drivers/STM32L4xx_HAL_Driver/Src/stm32l4xx_hal_spi.o
 .text.SPI_WaitFifoStateUntilTimeout
                0x00000000080088b4      0x12c ./Drivers/STM32L4xx_HAL_Driver/Src/stm32l4xx_hal_spi.o
 .text.SPI_EndRxTxTransaction
                0x00000000080089e0       0x8c ./Drivers/STM32L4xx_HAL_Driver/Src/stm32l4xx_hal_spi.o
 .text.LL_GPIO_SetPinMode
                0x0000000008008a6c       0x7a ./Drivers/STM32L4xx_HAL_Driver/Src/stm32l4xx_ll_gpio.o
 .text.LL_GPIO_SetPinOutputType
                0x0000000008008ae6       0x30 ./Drivers/STM32L4xx_HAL_Driver/Src/stm32l4xx_ll_gpio.o
 .text.LL_GPIO_SetPinSpeed
                0x0000000008008b16       0x7a ./Drivers/STM32L4xx_HAL_Driver/Src/stm32l4xx_ll_gpio.o
 .text.LL_GPIO_SetPinPull
                0x0000000008008b90       0x7a ./Drivers/STM32L4xx_HAL_Driver/Src/stm32l4xx_ll_gpio.o
 .text.LL_GPIO_SetAFPin_0_7
                0x0000000008008c0a       0x7a ./Drivers/STM32L4xx_HAL_Driver/Src/stm32l4xx_ll_gpio.o
 .text.LL_GPIO_SetAFPin_8_15
                0x0000000008008c84       0x7e ./Drivers/STM32L4xx_HAL_Driver/Src/stm32l4xx_ll_gpio.o
 .text.LL_GPIO_Init
                0x0000000008008d02       0xdc ./Drivers/STM32L4xx_HAL_Driver/Src/stm32l4xx_ll_gpio.o
                0x0000000008008d02                LL_GPIO_Init
 .text.LL_LPUART_IsEnabled
                0x0000000008008dde       0x26 ./Drivers/STM32L4xx_HAL_Driver/Src/stm32l4xx_ll_lpuart.o
 .text.LL_LPUART_SetStopBitsLength
                0x0000000008008e04       0x26 ./Drivers/STM32L4xx_HAL_Driver/Src/stm32l4xx_ll_lpuart.o
 .text.LL_LPUART_SetHWFlowCtrl
                0x0000000008008e2a       0x26 ./Drivers/STM32L4xx_HAL_Driver/Src/stm32l4xx_ll_lpuart.o
 .text.LL_LPUART_SetBaudRate
                0x0000000008008e50       0x6a ./Drivers/STM32L4xx_HAL_Driver/Src/stm32l4xx_ll_lpuart.o
 *fill*         0x0000000008008eba        0x2 
 .text.LL_APB1_GRP2_ForceReset
                0x0000000008008ebc       0x24 ./Drivers/STM32L4xx_HAL_Driver/Src/stm32l4xx_ll_lpuart.o
 .text.LL_APB1_GRP2_ReleaseReset
                0x0000000008008ee0       0x28 ./Drivers/STM32L4xx_HAL_Driver/Src/stm32l4xx_ll_lpuart.o
 .text.LL_LPUART_DeInit
                0x0000000008008f08       0x34 ./Drivers/STM32L4xx_HAL_Driver/Src/stm32l4xx_ll_lpuart.o
                0x0000000008008f08                LL_LPUART_DeInit
 .text.LL_LPUART_Init
                0x0000000008008f3c       0x88 ./Drivers/STM32L4xx_HAL_Driver/Src/stm32l4xx_ll_lpuart.o
                0x0000000008008f3c                LL_LPUART_Init
 .text.LL_RCC_HSI_IsReady
                0x0000000008008fc4       0x28 ./Drivers/STM32L4xx_HAL_Driver/Src/stm32l4xx_ll_rcc.o
 .text.LL_RCC_LSE_IsReady
                0x0000000008008fec       0x28 ./Drivers/STM32L4xx_HAL_Driver/Src/stm32l4xx_ll_rcc.o
 .text.LL_RCC_MSI_IsEnabledRangeSelect
                0x0000000008009014       0x24 ./Drivers/STM32L4xx_HAL_Driver/Src/stm32l4xx_ll_rcc.o
 .text.LL_RCC_MSI_GetRange
                0x0000000008009038       0x1c ./Drivers/STM32L4xx_HAL_Driver/Src/stm32l4xx_ll_rcc.o
 .text.LL_RCC_MSI_GetRangeAfterStandby
                0x0000000008009054       0x1c ./Drivers/STM32L4xx_HAL_Driver/Src/stm32l4xx_ll_rcc.o
 .text.LL_RCC_GetSysClkSource
                0x0000000008009070       0x1c ./Drivers/STM32L4xx_HAL_Driver/Src/stm32l4xx_ll_rcc.o
 .text.LL_RCC_GetAHBPrescaler
                0x000000000800908c       0x1c ./Drivers/STM32L4xx_HAL_Driver/Src/stm32l4xx_ll_rcc.o
 .text.LL_RCC_GetAPB1Prescaler
                0x00000000080090a8       0x1c ./Drivers/STM32L4xx_HAL_Driver/Src/stm32l4xx_ll_rcc.o
 .text.LL_RCC_GetLPUARTClockSource
                0x00000000080090c4       0x24 ./Drivers/STM32L4xx_HAL_Driver/Src/stm32l4xx_ll_rcc.o
 .text.LL_RCC_PLL_GetMainSource
                0x00000000080090e8       0x1c ./Drivers/STM32L4xx_HAL_Driver/Src/stm32l4xx_ll_rcc.o
 .text.LL_RCC_PLL_GetN
                0x0000000008009104       0x1c ./Drivers/STM32L4xx_HAL_Driver/Src/stm32l4xx_ll_rcc.o
 .text.LL_RCC_PLL_GetR
                0x0000000008009120       0x1c ./Drivers/STM32L4xx_HAL_Driver/Src/stm32l4xx_ll_rcc.o
 .text.LL_RCC_PLL_GetDivider
                0x000000000800913c       0x1c ./Drivers/STM32L4xx_HAL_Driver/Src/stm32l4xx_ll_rcc.o
 .text.LL_RCC_GetLPUARTClockFreq
                0x0000000008009158       0x90 ./Drivers/STM32L4xx_HAL_Driver/Src/stm32l4xx_ll_rcc.o
                0x0000000008009158                LL_RCC_GetLPUARTClockFreq
 .text.RCC_GetSystemClockFreq
                0x00000000080091e8      0x120 ./Drivers/STM32L4xx_HAL_Driver/Src/stm32l4xx_ll_rcc.o
 .text.RCC_GetHCLKClockFreq
                0x0000000008009308       0x2c ./Drivers/STM32L4xx_HAL_Driver/Src/stm32l4xx_ll_rcc.o
 .text.RCC_GetPCLK1ClockFreq
                0x0000000008009334       0x28 ./Drivers/STM32L4xx_HAL_Driver/Src/stm32l4xx_ll_rcc.o
 .text.RCC_PLL_GetFreqDomain_SYS
                0x000000000800935c      0x118 ./Drivers/STM32L4xx_HAL_Driver/Src/stm32l4xx_ll_rcc.o
 .text.LCD_Power
                0x0000000008009474       0xe0 ./Drivers/SharpMemLCD/LS013B7DH03.o
                0x0000000008009474                LCD_Power
 .text.lcd_SetCursor
                0x0000000008009554       0x34 ./Drivers/SharpMemLCD/LS013B7DH03.o
                0x0000000008009554                lcd_SetCursor
 .text.lcd_SetFont
                0x0000000008009588       0x20 ./Drivers/SharpMemLCD/LS013B7DH03.o
                0x0000000008009588                lcd_SetFont
 .text.lcd_writeChar
                0x00000000080095a8      0x118 ./Drivers/SharpMemLCD/LS013B7DH03.o
 .text.lcd_print
                0x00000000080096c0       0x5c ./Drivers/SharpMemLCD/LS013B7DH03.o
                0x00000000080096c0                lcd_print
 .text.lcd_print_char
                0x000000000800971c       0x40 ./Drivers/SharpMemLCD/LS013B7DH03.o
                0x000000000800971c                lcd_print_char
 .text.lcd_drawPixel
                0x000000000800975c       0xec ./Drivers/SharpMemLCD/LS013B7DH03.o
                0x000000000800975c                lcd_drawPixel
 .text.lcd_drawLine
                0x0000000008009848       0x84 ./Drivers/SharpMemLCD/LS013B7DH03.o
                0x0000000008009848                lcd_drawLine
 .text.lcd_clearLines
                0x00000000080098cc       0x70 ./Drivers/SharpMemLCD/LS013B7DH03.o
                0x00000000080098cc                lcd_clearLines
 .text.lcd_clear
                0x000000000800993c       0xc4 ./Drivers/SharpMemLCD/LS013B7DH03.o
 .text.lcd_draw
                0x0000000008009a00       0x68 ./Drivers/SharpMemLCD/LS013B7DH03.o
                0x0000000008009a00                lcd_draw
 .text.lcd_hasData
                0x0000000008009a68       0x48 ./Drivers/SharpMemLCD/LS013B7DH03.o
 .text.lcd_DoTX
                0x0000000008009ab0       0xc0 ./Drivers/SharpMemLCD/LS013B7DH03.o
 .text.HAL_SPI_TxCpltCallback
                0x0000000008009b70       0x44 ./Drivers/SharpMemLCD/LS013B7DH03.o
                0x0000000008009b70                HAL_SPI_TxCpltCallback
 .text.__errno  0x0000000008009bb4        0xc c:/st/stm32cubeide_1.8.0/stm32cubeide/plugins/com.st.stm32cube.ide.mcu.externaltools.gnu-tools-for-stm32.10.3-2021.10.win32_1.0.200.202301161003/tools/bin/../lib/gcc/arm-none-eabi/10.3.1/../../../../arm-none-eabi/lib/thumb/v7e-m+fp/hard\libc_nano.a(lib_a-errno.o)
                0x0000000008009bb4                __errno
 .text.__libc_init_array
                0x0000000008009bc0       0x48 c:/st/stm32cubeide_1.8.0/stm32cubeide/plugins/com.st.stm32cube.ide.mcu.externaltools.gnu-tools-for-stm32.10.3-2021.10.win32_1.0.200.202301161003/tools/bin/../lib/gcc/arm-none-eabi/10.3.1/../../../../arm-none-eabi/lib/thumb/v7e-m+fp/hard\libc_nano.a(lib_a-init.o)
                0x0000000008009bc0                __libc_init_array
 .text.memcpy   0x0000000008009c08       0x1c c:/st/stm32cubeide_1.8.0/stm32cubeide/plugins/com.st.stm32cube.ide.mcu.externaltools.gnu-tools-for-stm32.10.3-2021.10.win32_1.0.200.202301161003/tools/bin/../lib/gcc/arm-none-eabi/10.3.1/../../../../arm-none-eabi/lib/thumb/v7e-m+fp/hard\libc_nano.a(lib_a-memcpy-stub.o)
                0x0000000008009c08                memcpy
 .text.memset   0x0000000008009c24       0x10 c:/st/stm32cubeide_1.8.0/stm32cubeide/plugins/com.st.stm32cube.ide.mcu.externaltools.gnu-tools-for-stm32.10.3-2021.10.win32_1.0.200.202301161003/tools/bin/../lib/gcc/arm-none-eabi/10.3.1/../../../../arm-none-eabi/lib/thumb/v7e-m+fp/hard\libc_nano.a(lib_a-memset.o)
                0x0000000008009c24                memset
 .text.__cvt    0x0000000008009c34       0xc4 c:/st/stm32cubeide_1.8.0/stm32cubeide/plugins/com.st.stm32cube.ide.mcu.externaltools.gnu-tools-for-stm32.10.3-2021.10.win32_1.0.200.202301161003/tools/bin/../lib/gcc/arm-none-eabi/10.3.1/../../../../arm-none-eabi/lib/thumb/v7e-m+fp/hard\libc_nano.a(lib_a-nano-vfprintf_float.o)
                0x0000000008009c34                __cvt
 .text.__exponent
                0x0000000008009cf8       0x7c c:/st/stm32cubeide_1.8.0/stm32cubeide/plugins/com.st.stm32cube.ide.mcu.externaltools.gnu-tools-for-stm32.10.3-2021.10.win32_1.0.200.202301161003/tools/bin/../lib/gcc/arm-none-eabi/10.3.1/../../../../arm-none-eabi/lib/thumb/v7e-m+fp/hard\libc_nano.a(lib_a-nano-vfprintf_float.o)
                0x0000000008009cf8                __exponent
 .text._printf_float
                0x0000000008009d74      0x46c c:/st/stm32cubeide_1.8.0/stm32cubeide/plugins/com.st.stm32cube.ide.mcu.externaltools.gnu-tools-for-stm32.10.3-2021.10.win32_1.0.200.202301161003/tools/bin/../lib/gcc/arm-none-eabi/10.3.1/../../../../arm-none-eabi/lib/thumb/v7e-m+fp/hard\libc_nano.a(lib_a-nano-vfprintf_float.o)
                0x0000000008009d74                _printf_float
 .text._printf_common
                0x000000000800a1e0       0xda c:/st/stm32cubeide_1.8.0/stm32cubeide/plugins/com.st.stm32cube.ide.mcu.externaltools.gnu-tools-for-stm32.10.3-2021.10.win32_1.0.200.202301161003/tools/bin/../lib/gcc/arm-none-eabi/10.3.1/../../../../arm-none-eabi/lib/thumb/v7e-m+fp/hard\libc_nano.a(lib_a-nano-vfprintf_i.o)
                0x000000000800a1e0                _printf_common
 *fill*         0x000000000800a2ba        0x2 
 .text._printf_i
                0x000000000800a2bc      0x24c c:/st/stm32cubeide_1.8.0/stm32cubeide/plugins/com.st.stm32cube.ide.mcu.externaltools.gnu-tools-for-stm32.10.3-2021.10.win32_1.0.200.202301161003/tools/bin/../lib/gcc/arm-none-eabi/10.3.1/../../../../arm-none-eabi/lib/thumb/v7e-m+fp/hard\libc_nano.a(lib_a-nano-vfprintf_i.o)
                0x000000000800a2bc                _printf_i
 .text.quorem   0x000000000800a508      0x116 c:/st/stm32cubeide_1.8.0/stm32cubeide/plugins/com.st.stm32cube.ide.mcu.externaltools.gnu-tools-for-stm32.10.3-2021.10.win32_1.0.200.202301161003/tools/bin/../lib/gcc/arm-none-eabi/10.3.1/../../../../arm-none-eabi/lib/thumb/v7e-m+fp/hard\libc_nano.a(lib_a-dtoa.o)
 *fill*         0x000000000800a61e        0x2 
 .text._dtoa_r  0x000000000800a620      0xbdc c:/st/stm32cubeide_1.8.0/stm32cubeide/plugins/com.st.stm32cube.ide.mcu.externaltools.gnu-tools-for-stm32.10.3-2021.10.win32_1.0.200.202301161003/tools/bin/../lib/gcc/arm-none-eabi/10.3.1/../../../../arm-none-eabi/lib/thumb/v7e-m+fp/hard\libc_nano.a(lib_a-dtoa.o)
                0x000000000800a620                _dtoa_r
 .text._localeconv_r
                0x000000000800b1fc        0x8 c:/st/stm32cubeide_1.8.0/stm32cubeide/plugins/com.st.stm32cube.ide.mcu.externaltools.gnu-tools-for-stm32.10.3-2021.10.win32_1.0.200.202301161003/tools/bin/../lib/gcc/arm-none-eabi/10.3.1/../../../../arm-none-eabi/lib/thumb/v7e-m+fp/hard\libc_nano.a(lib_a-localeconv.o)
                0x000000000800b1fc                _localeconv_r
 .text.malloc   0x000000000800b204       0x10 c:/st/stm32cubeide_1.8.0/stm32cubeide/plugins/com.st.stm32cube.ide.mcu.externaltools.gnu-tools-for-stm32.10.3-2021.10.win32_1.0.200.202301161003/tools/bin/../lib/gcc/arm-none-eabi/10.3.1/../../../../arm-none-eabi/lib/thumb/v7e-m+fp/hard\libc_nano.a(lib_a-malloc.o)
                0x000000000800b204                malloc
 .text._Balloc  0x000000000800b214       0x80 c:/st/stm32cubeide_1.8.0/stm32cubeide/plugins/com.st.stm32cube.ide.mcu.externaltools.gnu-tools-for-stm32.10.3-2021.10.win32_1.0.200.202301161003/tools/bin/../lib/gcc/arm-none-eabi/10.3.1/../../../../arm-none-eabi/lib/thumb/v7e-m+fp/hard\libc_nano.a(lib_a-mprec.o)
                0x000000000800b214                _Balloc
 .text._Bfree   0x000000000800b294       0x44 c:/st/stm32cubeide_1.8.0/stm32cubeide/plugins/com.st.stm32cube.ide.mcu.externaltools.gnu-tools-for-stm32.10.3-2021.10.win32_1.0.200.202301161003/tools/bin/../lib/gcc/arm-none-eabi/10.3.1/../../../../arm-none-eabi/lib/thumb/v7e-m+fp/hard\libc_nano.a(lib_a-mprec.o)
                0x000000000800b294                _Bfree
 .text.__multadd
                0x000000000800b2d8       0x8c c:/st/stm32cubeide_1.8.0/stm32cubeide/plugins/com.st.stm32cube.ide.mcu.externaltools.gnu-tools-for-stm32.10.3-2021.10.win32_1.0.200.202301161003/tools/bin/../lib/gcc/arm-none-eabi/10.3.1/../../../../arm-none-eabi/lib/thumb/v7e-m+fp/hard\libc_nano.a(lib_a-mprec.o)
                0x000000000800b2d8                __multadd
 .text.__hi0bits
                0x000000000800b364       0x40 c:/st/stm32cubeide_1.8.0/stm32cubeide/plugins/com.st.stm32cube.ide.mcu.externaltools.gnu-tools-for-stm32.10.3-2021.10.win32_1.0.200.202301161003/tools/bin/../lib/gcc/arm-none-eabi/10.3.1/../../../../arm-none-eabi/lib/thumb/v7e-m+fp/hard\libc_nano.a(lib_a-mprec.o)
                0x000000000800b364                __hi0bits
 .text.__lo0bits
                0x000000000800b3a4       0x5e c:/st/stm32cubeide_1.8.0/stm32cubeide/plugins/com.st.stm32cube.ide.mcu.externaltools.gnu-tools-for-stm32.10.3-2021.10.win32_1.0.200.202301161003/tools/bin/../lib/gcc/arm-none-eabi/10.3.1/../../../../arm-none-eabi/lib/thumb/v7e-m+fp/hard\libc_nano.a(lib_a-mprec.o)
                0x000000000800b3a4                __lo0bits
 *fill*         0x000000000800b402        0x2 
 .text.__i2b    0x000000000800b404       0x2c c:/st/stm32cubeide_1.8.0/stm32cubeide/plugins/com.st.stm32cube.ide.mcu.externaltools.gnu-tools-for-stm32.10.3-2021.10.win32_1.0.200.202301161003/tools/bin/../lib/gcc/arm-none-eabi/10.3.1/../../../../arm-none-eabi/lib/thumb/v7e-m+fp/hard\libc_nano.a(lib_a-mprec.o)
                0x000000000800b404                __i2b
 .text.__multiply
                0x000000000800b430      0x154 c:/st/stm32cubeide_1.8.0/stm32cubeide/plugins/com.st.stm32cube.ide.mcu.externaltools.gnu-tools-for-stm32.10.3-2021.10.win32_1.0.200.202301161003/tools/bin/../lib/gcc/arm-none-eabi/10.3.1/../../../../arm-none-eabi/lib/thumb/v7e-m+fp/hard\libc_nano.a(lib_a-mprec.o)
                0x000000000800b430                __multiply
 .text.__pow5mult
                0x000000000800b584       0xb4 c:/st/stm32cubeide_1.8.0/stm32cubeide/plugins/com.st.stm32cube.ide.mcu.externaltools.gnu-tools-for-stm32.10.3-2021.10.win32_1.0.200.202301161003/tools/bin/../lib/gcc/arm-none-eabi/10.3.1/../../../../arm-none-eabi/lib/thumb/v7e-m+fp/hard\libc_nano.a(lib_a-mprec.o)
                0x000000000800b584                __pow5mult
 .text.__lshift
                0x000000000800b638       0xe0 c:/st/stm32cubeide_1.8.0/stm32cubeide/plugins/com.st.stm32cube.ide.mcu.externaltools.gnu-tools-for-stm32.10.3-2021.10.win32_1.0.200.202301161003/tools/bin/../lib/gcc/arm-none-eabi/10.3.1/../../../../arm-none-eabi/lib/thumb/v7e-m+fp/hard\libc_nano.a(lib_a-mprec.o)
                0x000000000800b638                __lshift
 .text.__mcmp   0x000000000800b718       0x38 c:/st/stm32cubeide_1.8.0/stm32cubeide/plugins/com.st.stm32cube.ide.mcu.externaltools.gnu-tools-for-stm32.10.3-2021.10.win32_1.0.200.202301161003/tools/bin/../lib/gcc/arm-none-eabi/10.3.1/../../../../arm-none-eabi/lib/thumb/v7e-m+fp/hard\libc_nano.a(lib_a-mprec.o)
                0x000000000800b718                __mcmp
 .text.__mdiff  0x000000000800b750      0x114 c:/st/stm32cubeide_1.8.0/stm32cubeide/plugins/com.st.stm32cube.ide.mcu.externaltools.gnu-tools-for-stm32.10.3-2021.10.win32_1.0.200.202301161003/tools/bin/../lib/gcc/arm-none-eabi/10.3.1/../../../../arm-none-eabi/lib/thumb/v7e-m+fp/hard\libc_nano.a(lib_a-mprec.o)
                0x000000000800b750                __mdiff
 .text.__d2b    0x000000000800b864       0xb8 c:/st/stm32cubeide_1.8.0/stm32cubeide/plugins/com.st.stm32cube.ide.mcu.externaltools.gnu-tools-for-stm32.10.3-2021.10.win32_1.0.200.202301161003/tools/bin/../lib/gcc/arm-none-eabi/10.3.1/../../../../arm-none-eabi/lib/thumb/v7e-m+fp/hard\libc_nano.a(lib_a-mprec.o)
                0x000000000800b864                __d2b
 .text._calloc_r
                0x000000000800b91c       0x2c c:/st/stm32cubeide_1.8.0/stm32cubeide/plugins/com.st.stm32cube.ide.mcu.externaltools.gnu-tools-for-stm32.10.3-2021.10.win32_1.0.200.202301161003/tools/bin/../lib/gcc/arm-none-eabi/10.3.1/../../../../arm-none-eabi/lib/thumb/v7e-m+fp/hard\libc_nano.a(lib_a-nano-callocr.o)
                0x000000000800b91c                _calloc_r
 .text._free_r  0x000000000800b948       0x98 c:/st/stm32cubeide_1.8.0/stm32cubeide/plugins/com.st.stm32cube.ide.mcu.externaltools.gnu-tools-for-stm32.10.3-2021.10.win32_1.0.200.202301161003/tools/bin/../lib/gcc/arm-none-eabi/10.3.1/../../../../arm-none-eabi/lib/thumb/v7e-m+fp/hard\libc_nano.a(lib_a-nano-freer.o)
                0x000000000800b948                _free_r
 .text.sbrk_aligned
                0x000000000800b9e0       0x40 c:/st/stm32cubeide_1.8.0/stm32cubeide/plugins/com.st.stm32cube.ide.mcu.externaltools.gnu-tools-for-stm32.10.3-2021.10.win32_1.0.200.202301161003/tools/bin/../lib/gcc/arm-none-eabi/10.3.1/../../../../arm-none-eabi/lib/thumb/v7e-m+fp/hard\libc_nano.a(lib_a-nano-mallocr.o)
 .text._malloc_r
                0x000000000800ba20       0xe8 c:/st/stm32cubeide_1.8.0/stm32cubeide/plugins/com.st.stm32cube.ide.mcu.externaltools.gnu-tools-for-stm32.10.3-2021.10.win32_1.0.200.202301161003/tools/bin/../lib/gcc/arm-none-eabi/10.3.1/../../../../arm-none-eabi/lib/thumb/v7e-m+fp/hard\libc_nano.a(lib_a-nano-mallocr.o)
                0x000000000800ba20                _malloc_r
 .text._sbrk_r  0x000000000800bb08       0x20 c:/st/stm32cubeide_1.8.0/stm32cubeide/plugins/com.st.stm32cube.ide.mcu.externaltools.gnu-tools-for-stm32.10.3-2021.10.win32_1.0.200.202301161003/tools/bin/../lib/gcc/arm-none-eabi/10.3.1/../../../../arm-none-eabi/lib/thumb/v7e-m+fp/hard\libc_nano.a(lib_a-sbrkr.o)
                0x000000000800bb08                _sbrk_r
 .text.__assert_func
                0x000000000800bb28       0x3c c:/st/stm32cubeide_1.8.0/stm32cubeide/plugins/com.st.stm32cube.ide.mcu.externaltools.gnu-tools-for-stm32.10.3-2021.10.win32_1.0.200.202301161003/tools/bin/../lib/gcc/arm-none-eabi/10.3.1/../../../../arm-none-eabi/lib/thumb/v7e-m+fp/hard\libc_nano.a(lib_a-assert.o)
                0x000000000800bb28                __assert_func
 .text.fprintf  0x000000000800bb64       0x24 c:/st/stm32cubeide_1.8.0/stm32cubeide/plugins/com.st.stm32cube.ide.mcu.externaltools.gnu-tools-for-stm32.10.3-2021.10.win32_1.0.200.202301161003/tools/bin/../lib/gcc/arm-none-eabi/10.3.1/../../../../arm-none-eabi/lib/thumb/v7e-m+fp/hard\libc_nano.a(lib_a-fprintf.o)
                0x000000000800bb64                fiprintf
                0x000000000800bb64                fprintf
 .text.__ascii_mbtowc
                0x000000000800bb88       0x24 c:/st/stm32cubeide_1.8.0/stm32cubeide/plugins/com.st.stm32cube.ide.mcu.externaltools.gnu-tools-for-stm32.10.3-2021.10.win32_1.0.200.202301161003/tools/bin/../lib/gcc/arm-none-eabi/10.3.1/../../../../arm-none-eabi/lib/thumb/v7e-m+fp/hard\libc_nano.a(lib_a-mbtowc_r.o)
                0x000000000800bb88                __ascii_mbtowc
 .text.__malloc_lock
                0x000000000800bbac        0xc c:/st/stm32cubeide_1.8.0/stm32cubeide/plugins/com.st.stm32cube.ide.mcu.externaltools.gnu-tools-for-stm32.10.3-2021.10.win32_1.0.200.202301161003/tools/bin/../lib/gcc/arm-none-eabi/10.3.1/../../../../arm-none-eabi/lib/thumb/v7e-m+fp/hard\libc_nano.a(lib_a-mlock.o)
                0x000000000800bbac                __malloc_lock
 .text.__malloc_unlock
                0x000000000800bbb8        0xc c:/st/stm32cubeide_1.8.0/stm32cubeide/plugins/com.st.stm32cube.ide.mcu.externaltools.gnu-tools-for-stm32.10.3-2021.10.win32_1.0.200.202301161003/tools/bin/../lib/gcc/arm-none-eabi/10.3.1/../../../../arm-none-eabi/lib/thumb/v7e-m+fp/hard\libc_nano.a(lib_a-mlock.o)
                0x000000000800bbb8                __malloc_unlock
 .text.__sfputc_r
                0x000000000800bbc4       0x2e c:/st/stm32cubeide_1.8.0/stm32cubeide/plugins/com.st.stm32cube.ide.mcu.externaltools.gnu-tools-for-stm32.10.3-2021.10.win32_1.0.200.202301161003/tools/bin/../lib/gcc/arm-none-eabi/10.3.1/../../../../arm-none-eabi/lib/thumb/v7e-m+fp/hard\libc_nano.a(lib_a-nano-vfprintf.o)
 .text.__sfputs_r
                0x000000000800bbf2       0x24 c:/st/stm32cubeide_1.8.0/stm32cubeide/plugins/com.st.stm32cube.ide.mcu.externaltools.gnu-tools-for-stm32.10.3-2021.10.win32_1.0.200.202301161003/tools/bin/../lib/gcc/arm-none-eabi/10.3.1/../../../../arm-none-eabi/lib/thumb/v7e-m+fp/hard\libc_nano.a(lib_a-nano-vfprintf.o)
                0x000000000800bbf2                __sfputs_r
 *fill*         0x000000000800bc16        0x2 
 .text._vfprintf_r
                0x000000000800bc18      0x260 c:/st/stm32cubeide_1.8.0/stm32cubeide/plugins/com.st.stm32cube.ide.mcu.externaltools.gnu-tools-for-stm32.10.3-2021.10.win32_1.0.200.202301161003/tools/bin/../lib/gcc/arm-none-eabi/10.3.1/../../../../arm-none-eabi/lib/thumb/v7e-m+fp/hard\libc_nano.a(lib_a-nano-vfprintf.o)
                0x000000000800bc18                _vfprintf_r
                0x000000000800bc18                _vfiprintf_r
 .text.__swbuf_r
                0x000000000800be78       0xa4 c:/st/stm32cubeide_1.8.0/stm32cubeide/plugins/com.st.stm32cube.ide.mcu.externaltools.gnu-tools-for-stm32.10.3-2021.10.win32_1.0.200.202301161003/tools/bin/../lib/gcc/arm-none-eabi/10.3.1/../../../../arm-none-eabi/lib/thumb/v7e-m+fp/hard\libc_nano.a(lib_a-wbuf.o)
                0x000000000800be78                __swbuf_r
 .text.__ascii_wctomb
                0x000000000800bf1c       0x1a c:/st/stm32cubeide_1.8.0/stm32cubeide/plugins/com.st.stm32cube.ide.mcu.externaltools.gnu-tools-for-stm32.10.3-2021.10.win32_1.0.200.202301161003/tools/bin/../lib/gcc/arm-none-eabi/10.3.1/../../../../arm-none-eabi/lib/thumb/v7e-m+fp/hard\libc_nano.a(lib_a-wctomb_r.o)
                0x000000000800bf1c                __ascii_wctomb
 *fill*         0x000000000800bf36        0x2 
 .text.__swsetup_r
                0x000000000800bf38       0xdc c:/st/stm32cubeide_1.8.0/stm32cubeide/plugins/com.st.stm32cube.ide.mcu.externaltools.gnu-tools-for-stm32.10.3-2021.10.win32_1.0.200.202301161003/tools/bin/../lib/gcc/arm-none-eabi/10.3.1/../../../../arm-none-eabi/lib/thumb/v7e-m+fp/hard\libc_nano.a(lib_a-wsetup.o)
                0x000000000800bf38                __swsetup_r
 .text.abort    0x000000000800c014        0xe c:/st/stm32cubeide_1.8.0/stm32cubeide/plugins/com.st.stm32cube.ide.mcu.externaltools.gnu-tools-for-stm32.10.3-2021.10.win32_1.0.200.202301161003/tools/bin/../lib/gcc/arm-none-eabi/10.3.1/../../../../arm-none-eabi/lib/thumb/v7e-m+fp/hard\libc_nano.a(lib_a-abort.o)
                0x000000000800c014                abort
 *fill*         0x000000000800c022        0x2 
 .text.__sflush_r
                0x000000000800c024      0x10c c:/st/stm32cubeide_1.8.0/stm32cubeide/plugins/com.st.stm32cube.ide.mcu.externaltools.gnu-tools-for-stm32.10.3-2021.10.win32_1.0.200.202301161003/tools/bin/../lib/gcc/arm-none-eabi/10.3.1/../../../../arm-none-eabi/lib/thumb/v7e-m+fp/hard\libc_nano.a(lib_a-fflush.o)
                0x000000000800c024                __sflush_r
 .text._fflush_r
                0x000000000800c130       0x78 c:/st/stm32cubeide_1.8.0/stm32cubeide/plugins/com.st.stm32cube.ide.mcu.externaltools.gnu-tools-for-stm32.10.3-2021.10.win32_1.0.200.202301161003/tools/bin/../lib/gcc/arm-none-eabi/10.3.1/../../../../arm-none-eabi/lib/thumb/v7e-m+fp/hard\libc_nano.a(lib_a-fflush.o)
                0x000000000800c130                _fflush_r
 .text.std      0x000000000800c1a8       0x48 c:/st/stm32cubeide_1.8.0/stm32cubeide/plugins/com.st.stm32cube.ide.mcu.externaltools.gnu-tools-for-stm32.10.3-2021.10.win32_1.0.200.202301161003/tools/bin/../lib/gcc/arm-none-eabi/10.3.1/../../../../arm-none-eabi/lib/thumb/v7e-m+fp/hard\libc_nano.a(lib_a-findfp.o)
 .text._cleanup_r
                0x000000000800c1f0        0xc c:/st/stm32cubeide_1.8.0/stm32cubeide/plugins/com.st.stm32cube.ide.mcu.externaltools.gnu-tools-for-stm32.10.3-2021.10.win32_1.0.200.202301161003/tools/bin/../lib/gcc/arm-none-eabi/10.3.1/../../../../arm-none-eabi/lib/thumb/v7e-m+fp/hard\libc_nano.a(lib_a-findfp.o)
                0x000000000800c1f0                _cleanup_r
 .text.__sfmoreglue
                0x000000000800c1fc       0x2c c:/st/stm32cubeide_1.8.0/stm32cubeide/plugins/com.st.stm32cube.ide.mcu.externaltools.gnu-tools-for-stm32.10.3-2021.10.win32_1.0.200.202301161003/tools/bin/../lib/gcc/arm-none-eabi/10.3.1/../../../../arm-none-eabi/lib/thumb/v7e-m+fp/hard\libc_nano.a(lib_a-findfp.o)
                0x000000000800c1fc                __sfmoreglue
 .text.__sfp_lock_acquire
                0x000000000800c228        0xc c:/st/stm32cubeide_1.8.0/stm32cubeide/plugins/com.st.stm32cube.ide.mcu.externaltools.gnu-tools-for-stm32.10.3-2021.10.win32_1.0.200.202301161003/tools/bin/../lib/gcc/arm-none-eabi/10.3.1/../../../../arm-none-eabi/lib/thumb/v7e-m+fp/hard\libc_nano.a(lib_a-findfp.o)
                0x000000000800c228                __sfp_lock_acquire
 .text.__sfp_lock_release
                0x000000000800c234        0xc c:/st/stm32cubeide_1.8.0/stm32cubeide/plugins/com.st.stm32cube.ide.mcu.externaltools.gnu-tools-for-stm32.10.3-2021.10.win32_1.0.200.202301161003/tools/bin/../lib/gcc/arm-none-eabi/10.3.1/../../../../arm-none-eabi/lib/thumb/v7e-m+fp/hard\libc_nano.a(lib_a-findfp.o)
                0x000000000800c234                __sfp_lock_release
 .text.__sinit_lock_acquire
                0x000000000800c240        0xc c:/st/stm32cubeide_1.8.0/stm32cubeide/plugins/com.st.stm32cube.ide.mcu.externaltools.gnu-tools-for-stm32.10.3-2021.10.win32_1.0.200.202301161003/tools/bin/../lib/gcc/arm-none-eabi/10.3.1/../../../../arm-none-eabi/lib/thumb/v7e-m+fp/hard\libc_nano.a(lib_a-findfp.o)
                0x000000000800c240                __sinit_lock_acquire
 .text.__sinit_lock_release
                0x000000000800c24c        0xc c:/st/stm32cubeide_1.8.0/stm32cubeide/plugins/com.st.stm32cube.ide.mcu.externaltools.gnu-tools-for-stm32.10.3-2021.10.win32_1.0.200.202301161003/tools/bin/../lib/gcc/arm-none-eabi/10.3.1/../../../../arm-none-eabi/lib/thumb/v7e-m+fp/hard\libc_nano.a(lib_a-findfp.o)
                0x000000000800c24c                __sinit_lock_release
 .text.__sinit  0x000000000800c258       0x70 c:/st/stm32cubeide_1.8.0/stm32cubeide/plugins/com.st.stm32cube.ide.mcu.externaltools.gnu-tools-for-stm32.10.3-2021.10.win32_1.0.200.202301161003/tools/bin/../lib/gcc/arm-none-eabi/10.3.1/../../../../arm-none-eabi/lib/thumb/v7e-m+fp/hard\libc_nano.a(lib_a-findfp.o)
                0x000000000800c258                __sinit
 .text.__sfp    0x000000000800c2c8       0x8c c:/st/stm32cubeide_1.8.0/stm32cubeide/plugins/com.st.stm32cube.ide.mcu.externaltools.gnu-tools-for-stm32.10.3-2021.10.win32_1.0.200.202301161003/tools/bin/../lib/gcc/arm-none-eabi/10.3.1/../../../../arm-none-eabi/lib/thumb/v7e-m+fp/hard\libc_nano.a(lib_a-findfp.o)
                0x000000000800c2c8                __sfp
 .text._fwalk_reent
                0x000000000800c354       0x3e c:/st/stm32cubeide_1.8.0/stm32cubeide/plugins/com.st.stm32cube.ide.mcu.externaltools.gnu-tools-for-stm32.10.3-2021.10.win32_1.0.200.202301161003/tools/bin/../lib/gcc/arm-none-eabi/10.3.1/../../../../arm-none-eabi/lib/thumb/v7e-m+fp/hard\libc_nano.a(lib_a-fwalk.o)
                0x000000000800c354                _fwalk_reent
 .text.__retarget_lock_init_recursive
                0x000000000800c392        0x2 c:/st/stm32cubeide_1.8.0/stm32cubeide/plugins/com.st.stm32cube.ide.mcu.externaltools.gnu-tools-for-stm32.10.3-2021.10.win32_1.0.200.202301161003/tools/bin/../lib/gcc/arm-none-eabi/10.3.1/../../../../arm-none-eabi/lib/thumb/v7e-m+fp/hard\libc_nano.a(lib_a-lock.o)
                0x000000000800c392                __retarget_lock_init_recursive
 .text.__retarget_lock_acquire_recursive
                0x000000000800c394        0x2 c:/st/stm32cubeide_1.8.0/stm32cubeide/plugins/com.st.stm32cube.ide.mcu.externaltools.gnu-tools-for-stm32.10.3-2021.10.win32_1.0.200.202301161003/tools/bin/../lib/gcc/arm-none-eabi/10.3.1/../../../../arm-none-eabi/lib/thumb/v7e-m+fp/hard\libc_nano.a(lib_a-lock.o)
                0x000000000800c394                __retarget_lock_acquire_recursive
 .text.__retarget_lock_release_recursive
                0x000000000800c396        0x2 c:/st/stm32cubeide_1.8.0/stm32cubeide/plugins/com.st.stm32cube.ide.mcu.externaltools.gnu-tools-for-stm32.10.3-2021.10.win32_1.0.200.202301161003/tools/bin/../lib/gcc/arm-none-eabi/10.3.1/../../../../arm-none-eabi/lib/thumb/v7e-m+fp/hard\libc_nano.a(lib_a-lock.o)
                0x000000000800c396                __retarget_lock_release_recursive
 .text.__swhatbuf_r
                0x000000000800c398       0x4a c:/st/stm32cubeide_1.8.0/stm32cubeide/plugins/com.st.stm32cube.ide.mcu.externaltools.gnu-tools-for-stm32.10.3-2021.10.win32_1.0.200.202301161003/tools/bin/../lib/gcc/arm-none-eabi/10.3.1/../../../../arm-none-eabi/lib/thumb/v7e-m+fp/hard\libc_nano.a(lib_a-makebuf.o)
                0x000000000800c398                __swhatbuf_r
 *fill*         0x000000000800c3e2        0x2 
 .text.__smakebuf_r
                0x000000000800c3e4       0x80 c:/st/stm32cubeide_1.8.0/stm32cubeide/plugins/com.st.stm32cube.ide.mcu.externaltools.gnu-tools-for-stm32.10.3-2021.10.win32_1.0.200.202301161003/tools/bin/../lib/gcc/arm-none-eabi/10.3.1/../../../../arm-none-eabi/lib/thumb/v7e-m+fp/hard\libc_nano.a(lib_a-makebuf.o)
                0x000000000800c3e4                __smakebuf_r
 .text._raise_r
                0x000000000800c464       0x50 c:/st/stm32cubeide_1.8.0/stm32cubeide/plugins/com.st.stm32cube.ide.mcu.externaltools.gnu-tools-for-stm32.10.3-2021.10.win32_1.0.200.202301161003/tools/bin/../lib/gcc/arm-none-eabi/10.3.1/../../../../arm-none-eabi/lib/thumb/v7e-m+fp/hard\libc_nano.a(lib_a-signal.o)
                0x000000000800c464                _raise_r
 .text.raise    0x000000000800c4b4       0x10 c:/st/stm32cubeide_1.8.0/stm32cubeide/plugins/com.st.stm32cube.ide.mcu.externaltools.gnu-tools-for-stm32.10.3-2021.10.win32_1.0.200.202301161003/tools/bin/../lib/gcc/arm-none-eabi/10.3.1/../../../../arm-none-eabi/lib/thumb/v7e-m+fp/hard\libc_nano.a(lib_a-signal.o)
                0x000000000800c4b4                raise
 .text._kill_r  0x000000000800c4c4       0x24 c:/st/stm32cubeide_1.8.0/stm32cubeide/plugins/com.st.stm32cube.ide.mcu.externaltools.gnu-tools-for-stm32.10.3-2021.10.win32_1.0.200.202301161003/tools/bin/../lib/gcc/arm-none-eabi/10.3.1/../../../../arm-none-eabi/lib/thumb/v7e-m+fp/hard\libc_nano.a(lib_a-signalr.o)
                0x000000000800c4c4                _kill_r
 .text._getpid_r
                0x000000000800c4e8        0x4 c:/st/stm32cubeide_1.8.0/stm32cubeide/plugins/com.st.stm32cube.ide.mcu.externaltools.gnu-tools-for-stm32.10.3-2021.10.win32_1.0.200.202301161003/tools/bin/../lib/gcc/arm-none-eabi/10.3.1/../../../../arm-none-eabi/lib/thumb/v7e-m+fp/hard\libc_nano.a(lib_a-signalr.o)
                0x000000000800c4e8                _getpid_r
 .text.__sread  0x000000000800c4ec       0x22 c:/st/stm32cubeide_1.8.0/stm32cubeide/plugins/com.st.stm32cube.ide.mcu.externaltools.gnu-tools-for-stm32.10.3-2021.10.win32_1.0.200.202301161003/tools/bin/../lib/gcc/arm-none-eabi/10.3.1/../../../../arm-none-eabi/lib/thumb/v7e-m+fp/hard\libc_nano.a(lib_a-stdio.o)
                0x000000000800c4ec                __sread
 .text.__swrite
                0x000000000800c50e       0x38 c:/st/stm32cubeide_1.8.0/stm32cubeide/plugins/com.st.stm32cube.ide.mcu.externaltools.gnu-tools-for-stm32.10.3-2021.10.win32_1.0.200.202301161003/tools/bin/../lib/gcc/arm-none-eabi/10.3.1/../../../../arm-none-eabi/lib/thumb/v7e-m+fp/hard\libc_nano.a(lib_a-stdio.o)
                0x000000000800c50e                __swrite
 .text.__sseek  0x000000000800c546       0x24 c:/st/stm32cubeide_1.8.0/stm32cubeide/plugins/com.st.stm32cube.ide.mcu.externaltools.gnu-tools-for-stm32.10.3-2021.10.win32_1.0.200.202301161003/tools/bin/../lib/gcc/arm-none-eabi/10.3.1/../../../../arm-none-eabi/lib/thumb/v7e-m+fp/hard\libc_nano.a(lib_a-stdio.o)
                0x000000000800c546                __sseek
 .text.__sclose
                0x000000000800c56a        0x8 c:/st/stm32cubeide_1.8.0/stm32cubeide/plugins/com.st.stm32cube.ide.mcu.externaltools.gnu-tools-for-stm32.10.3-2021.10.win32_1.0.200.202301161003/tools/bin/../lib/gcc/arm-none-eabi/10.3.1/../../../../arm-none-eabi/lib/thumb/v7e-m+fp/hard\libc_nano.a(lib_a-stdio.o)
                0x000000000800c56a                __sclose
 *fill*         0x000000000800c572        0x2 
 .text._write_r
                0x000000000800c574       0x24 c:/st/stm32cubeide_1.8.0/stm32cubeide/plugins/com.st.stm32cube.ide.mcu.externaltools.gnu-tools-for-stm32.10.3-2021.10.win32_1.0.200.202301161003/tools/bin/../lib/gcc/arm-none-eabi/10.3.1/../../../../arm-none-eabi/lib/thumb/v7e-m+fp/hard\libc_nano.a(lib_a-writer.o)
                0x000000000800c574                _write_r
 .text._close_r
                0x000000000800c598       0x20 c:/st/stm32cubeide_1.8.0/stm32cubeide/plugins/com.st.stm32cube.ide.mcu.externaltools.gnu-tools-for-stm32.10.3-2021.10.win32_1.0.200.202301161003/tools/bin/../lib/gcc/arm-none-eabi/10.3.1/../../../../arm-none-eabi/lib/thumb/v7e-m+fp/hard\libc_nano.a(lib_a-closer.o)
                0x000000000800c598                _close_r
 .text._fstat_r
                0x000000000800c5b8       0x24 c:/st/stm32cubeide_1.8.0/stm32cubeide/plugins/com.st.stm32cube.ide.mcu.externaltools.gnu-tools-for-stm32.10.3-2021.10.win32_1.0.200.202301161003/tools/bin/../lib/gcc/arm-none-eabi/10.3.1/../../../../arm-none-eabi/lib/thumb/v7e-m+fp/hard\libc_nano.a(lib_a-fstatr.o)
                0x000000000800c5b8                _fstat_r
 .text._isatty_r
                0x000000000800c5dc       0x20 c:/st/stm32cubeide_1.8.0/stm32cubeide/plugins/com.st.stm32cube.ide.mcu.externaltools.gnu-tools-for-stm32.10.3-2021.10.win32_1.0.200.202301161003/tools/bin/../lib/gcc/arm-none-eabi/10.3.1/../../../../arm-none-eabi/lib/thumb/v7e-m+fp/hard\libc_nano.a(lib_a-isattyr.o)
                0x000000000800c5dc                _isatty_r
 .text._lseek_r
                0x000000000800c5fc       0x24 c:/st/stm32cubeide_1.8.0/stm32cubeide/plugins/com.st.stm32cube.ide.mcu.externaltools.gnu-tools-for-stm32.10.3-2021.10.win32_1.0.200.202301161003/tools/bin/../lib/gcc/arm-none-eabi/10.3.1/../../../../arm-none-eabi/lib/thumb/v7e-m+fp/hard\libc_nano.a(lib_a-lseekr.o)
                0x000000000800c5fc                _lseek_r
 .text._read_r  0x000000000800c620       0x24 c:/st/stm32cubeide_1.8.0/stm32cubeide/plugins/com.st.stm32cube.ide.mcu.externaltools.gnu-tools-for-stm32.10.3-2021.10.win32_1.0.200.202301161003/tools/bin/../lib/gcc/arm-none-eabi/10.3.1/../../../../arm-none-eabi/lib/thumb/v7e-m+fp/hard\libc_nano.a(lib_a-readr.o)
                0x000000000800c620                _read_r
 *(.glue_7)
 .glue_7        0x000000000800c644        0x0 linker stubs
 *(.glue_7t)
 .glue_7t       0x000000000800c644        0x0 linker stubs
 *(.eh_frame)
 .eh_frame      0x000000000800c644        0x0 c:/st/stm32cubeide_1.8.0/stm32cubeide/plugins/com.st.stm32cube.ide.mcu.externaltools.gnu-tools-for-stm32.10.3-2021.10.win32_1.0.200.202301161003/tools/bin/../lib/gcc/arm-none-eabi/10.3.1/thumb/v7e-m+fp/hard/crtbegin.o
 *(.init)
 .init          0x000000000800c644        0x4 c:/st/stm32cubeide_1.8.0/stm32cubeide/plugins/com.st.stm32cube.ide.mcu.externaltools.gnu-tools-for-stm32.10.3-2021.10.win32_1.0.200.202301161003/tools/bin/../lib/gcc/arm-none-eabi/10.3.1/thumb/v7e-m+fp/hard/crti.o
                0x000000000800c644                _init
 .init          0x000000000800c648        0x8 c:/st/stm32cubeide_1.8.0/stm32cubeide/plugins/com.st.stm32cube.ide.mcu.externaltools.gnu-tools-for-stm32.10.3-2021.10.win32_1.0.200.202301161003/tools/bin/../lib/gcc/arm-none-eabi/10.3.1/thumb/v7e-m+fp/hard/crtn.o
 *(.fini)
 .fini          0x000000000800c650        0x4 c:/st/stm32cubeide_1.8.0/stm32cubeide/plugins/com.st.stm32cube.ide.mcu.externaltools.gnu-tools-for-stm32.10.3-2021.10.win32_1.0.200.202301161003/tools/bin/../lib/gcc/arm-none-eabi/10.3.1/thumb/v7e-m+fp/hard/crti.o
                0x000000000800c650                _fini
 .fini          0x000000000800c654        0x8 c:/st/stm32cubeide_1.8.0/stm32cubeide/plugins/com.st.stm32cube.ide.mcu.externaltools.gnu-tools-for-stm32.10.3-2021.10.win32_1.0.200.202301161003/tools/bin/../lib/gcc/arm-none-eabi/10.3.1/thumb/v7e-m+fp/hard/crtn.o
                0x000000000800c65c                . = ALIGN (0x4)
                0x000000000800c65c                _etext = .

.vfp11_veneer   0x000000000800c65c        0x0
 .vfp11_veneer  0x000000000800c65c        0x0 linker stubs

.v4_bx          0x000000000800c65c        0x0
 .v4_bx         0x000000000800c65c        0x0 linker stubs

.iplt           0x000000000800c65c        0x0
 .iplt          0x000000000800c65c        0x0 c:/st/stm32cubeide_1.8.0/stm32cubeide/plugins/com.st.stm32cube.ide.mcu.externaltools.gnu-tools-for-stm32.10.3-2021.10.win32_1.0.200.202301161003/tools/bin/../lib/gcc/arm-none-eabi/10.3.1/thumb/v7e-m+fp/hard/crtbegin.o

.rodata         0x000000000800c660      0xcec
                0x000000000800c660                . = ALIGN (0x4)
 *(.rodata)
 .rodata        0x000000000800c660       0x86 ./Core/Src/myApp.o
 *(.rodata*)
 *fill*         0x000000000800c6e6        0x2 
 .rodata.FreeSans9pt7bBitmaps
                0x000000000800c6e8      0x47e ./Core/Src/myApp.o
                0x000000000800c6e8                FreeSans9pt7bBitmaps
 *fill*         0x000000000800cb66        0x2 
 .rodata.FreeSans9pt7bGlyphs
                0x000000000800cb68      0x2f8 ./Core/Src/myApp.o
                0x000000000800cb68                FreeSans9pt7bGlyphs
 .rodata.FreeSans9pt7bMod
                0x000000000800ce60       0x10 ./Core/Src/myApp.o
                0x000000000800ce60                FreeSans9pt7bMod
 .rodata.AHBPrescTable
                0x000000000800ce70       0x10 ./Core/Src/system_stm32l4xx.o
                0x000000000800ce70                AHBPrescTable
 .rodata.APBPrescTable
                0x000000000800ce80        0x8 ./Core/Src/system_stm32l4xx.o
                0x000000000800ce80                APBPrescTable
 .rodata.MSIRangeTable
                0x000000000800ce88       0x30 ./Core/Src/system_stm32l4xx.o
                0x000000000800ce88                MSIRangeTable
 .rodata.UBX_CFG_PM_OPERATEMODE_FULL
                0x000000000800ceb8       0x11 ./Drivers/GNSSPVT/GNSSPVT.o
 *fill*         0x000000000800cec9        0x3 
 .rodata.UBX_CFG_PM_OPERATEMODE_SLOW
                0x000000000800cecc       0x42 ./Drivers/GNSSPVT/GNSSPVT.o
 *fill*         0x000000000800cf0e        0x2 
 .rodata.UBX_CFG_MSGOUT_UART1
                0x000000000800cf10       0x5e ./Drivers/GNSSPVT/GNSSPVT.o
 *fill*         0x000000000800cf6e        0x2 
 .rodata.UBX_HEADER_
                0x000000000800cf70        0x2 ./Drivers/GNSSPVT/GNSSPVT.o
                0x000000000800cf70                UBX_HEADER_
 .rodata.MLCD_WR
                0x000000000800cf72        0x1 ./Drivers/SharpMemLCD/LS013B7DH03.o
 .rodata.MLCD_TR
                0x000000000800cf73        0x1 ./Drivers/SharpMemLCD/LS013B7DH03.o
 .rodata._global_impure_ptr
                0x000000000800cf74        0x4 c:/st/stm32cubeide_1.8.0/stm32cubeide/plugins/com.st.stm32cube.ide.mcu.externaltools.gnu-tools-for-stm32.10.3-2021.10.win32_1.0.200.202301161003/tools/bin/../lib/gcc/arm-none-eabi/10.3.1/../../../../arm-none-eabi/lib/thumb/v7e-m+fp/hard\libc_nano.a(lib_a-impure.o)
                0x000000000800cf74                _global_impure_ptr
 .rodata._printf_float.str1.1
                0x000000000800cf78       0x12 c:/st/stm32cubeide_1.8.0/stm32cubeide/plugins/com.st.stm32cube.ide.mcu.externaltools.gnu-tools-for-stm32.10.3-2021.10.win32_1.0.200.202301161003/tools/bin/../lib/gcc/arm-none-eabi/10.3.1/../../../../arm-none-eabi/lib/thumb/v7e-m+fp/hard\libc_nano.a(lib_a-nano-vfprintf_float.o)
 .rodata._printf_i.str1.1
                0x000000000800cf8a       0x22 c:/st/stm32cubeide_1.8.0/stm32cubeide/plugins/com.st.stm32cube.ide.mcu.externaltools.gnu-tools-for-stm32.10.3-2021.10.win32_1.0.200.202301161003/tools/bin/../lib/gcc/arm-none-eabi/10.3.1/../../../../arm-none-eabi/lib/thumb/v7e-m+fp/hard\libc_nano.a(lib_a-nano-vfprintf_i.o)
 .rodata._dtoa_r.str1.1
                0x000000000800cfac       0x90 c:/st/stm32cubeide_1.8.0/stm32cubeide/plugins/com.st.stm32cube.ide.mcu.externaltools.gnu-tools-for-stm32.10.3-2021.10.win32_1.0.200.202301161003/tools/bin/../lib/gcc/arm-none-eabi/10.3.1/../../../../arm-none-eabi/lib/thumb/v7e-m+fp/hard\libc_nano.a(lib_a-dtoa.o)
                                         0x92 (size before relaxing)
 .rodata._Balloc.str1.1
                0x000000000800d03c       0x5c c:/st/stm32cubeide_1.8.0/stm32cubeide/plugins/com.st.stm32cube.ide.mcu.externaltools.gnu-tools-for-stm32.10.3-2021.10.win32_1.0.200.202301161003/tools/bin/../lib/gcc/arm-none-eabi/10.3.1/../../../../arm-none-eabi/lib/thumb/v7e-m+fp/hard\libc_nano.a(lib_a-mprec.o)
                                         0x73 (size before relaxing)
 .rodata.__multadd.str1.1
                0x000000000800d098       0x11 c:/st/stm32cubeide_1.8.0/stm32cubeide/plugins/com.st.stm32cube.ide.mcu.externaltools.gnu-tools-for-stm32.10.3-2021.10.win32_1.0.200.202301161003/tools/bin/../lib/gcc/arm-none-eabi/10.3.1/../../../../arm-none-eabi/lib/thumb/v7e-m+fp/hard\libc_nano.a(lib_a-mprec.o)
 .rodata.__mprec_bigtens
                0x000000000800d098       0x28 c:/st/stm32cubeide_1.8.0/stm32cubeide/plugins/com.st.stm32cube.ide.mcu.externaltools.gnu-tools-for-stm32.10.3-2021.10.win32_1.0.200.202301161003/tools/bin/../lib/gcc/arm-none-eabi/10.3.1/../../../../arm-none-eabi/lib/thumb/v7e-m+fp/hard\libc_nano.a(lib_a-mprec.o)
                0x000000000800d098                __mprec_bigtens
 .rodata.__mprec_tens
                0x000000000800d0c0       0xc8 c:/st/stm32cubeide_1.8.0/stm32cubeide/plugins/com.st.stm32cube.ide.mcu.externaltools.gnu-tools-for-stm32.10.3-2021.10.win32_1.0.200.202301161003/tools/bin/../lib/gcc/arm-none-eabi/10.3.1/../../../../arm-none-eabi/lib/thumb/v7e-m+fp/hard\libc_nano.a(lib_a-mprec.o)
                0x000000000800d0c0                __mprec_tens
 .rodata.p05.0  0x000000000800d188        0xc c:/st/stm32cubeide_1.8.0/stm32cubeide/plugins/com.st.stm32cube.ide.mcu.externaltools.gnu-tools-for-stm32.10.3-2021.10.win32_1.0.200.202301161003/tools/bin/../lib/gcc/arm-none-eabi/10.3.1/../../../../arm-none-eabi/lib/thumb/v7e-m+fp/hard\libc_nano.a(lib_a-mprec.o)
 .rodata.__assert_func.str1.1
                0x000000000800d194       0x3c c:/st/stm32cubeide_1.8.0/stm32cubeide/plugins/com.st.stm32cube.ide.mcu.externaltools.gnu-tools-for-stm32.10.3-2021.10.win32_1.0.200.202301161003/tools/bin/../lib/gcc/arm-none-eabi/10.3.1/../../../../arm-none-eabi/lib/thumb/v7e-m+fp/hard\libc_nano.a(lib_a-assert.o)
                                         0x3d (size before relaxing)
 .rodata._setlocale_r.str1.1
                0x000000000800d1d0        0x8 c:/st/stm32cubeide_1.8.0/stm32cubeide/plugins/com.st.stm32cube.ide.mcu.externaltools.gnu-tools-for-stm32.10.3-2021.10.win32_1.0.200.202301161003/tools/bin/../lib/gcc/arm-none-eabi/10.3.1/../../../../arm-none-eabi/lib/thumb/v7e-m+fp/hard\libc_nano.a(lib_a-locale.o)
                                          0x9 (size before relaxing)
 .rodata.str1.1
                0x000000000800d1d8        0x2 c:/st/stm32cubeide_1.8.0/stm32cubeide/plugins/com.st.stm32cube.ide.mcu.externaltools.gnu-tools-for-stm32.10.3-2021.10.win32_1.0.200.202301161003/tools/bin/../lib/gcc/arm-none-eabi/10.3.1/../../../../arm-none-eabi/lib/thumb/v7e-m+fp/hard\libc_nano.a(lib_a-locale.o)
 .rodata._vfprintf_r.str1.1
                0x000000000800d1da       0x11 c:/st/stm32cubeide_1.8.0/stm32cubeide/plugins/com.st.stm32cube.ide.mcu.externaltools.gnu-tools-for-stm32.10.3-2021.10.win32_1.0.200.202301161003/tools/bin/../lib/gcc/arm-none-eabi/10.3.1/../../../../arm-none-eabi/lib/thumb/v7e-m+fp/hard\libc_nano.a(lib_a-nano-vfprintf.o)
 .rodata._ctype_
                0x000000000800d1eb      0x101 c:/st/stm32cubeide_1.8.0/stm32cubeide/plugins/com.st.stm32cube.ide.mcu.externaltools.gnu-tools-for-stm32.10.3-2021.10.win32_1.0.200.202301161003/tools/bin/../lib/gcc/arm-none-eabi/10.3.1/../../../../arm-none-eabi/lib/thumb/v7e-m+fp/hard\libc_nano.a(lib_a-ctype_.o)
                0x000000000800d1eb                _ctype_
 .rodata.__sf_fake_stderr
                0x000000000800d2ec       0x20 c:/st/stm32cubeide_1.8.0/stm32cubeide/plugins/com.st.stm32cube.ide.mcu.externaltools.gnu-tools-for-stm32.10.3-2021.10.win32_1.0.200.202301161003/tools/bin/../lib/gcc/arm-none-eabi/10.3.1/../../../../arm-none-eabi/lib/thumb/v7e-m+fp/hard\libc_nano.a(lib_a-findfp.o)
                0x000000000800d2ec                __sf_fake_stderr
 .rodata.__sf_fake_stdin