Archive member included to satisfy reference by file (symbol)

c:/st/stm32cubeide_1.8.0/stm32cubeide/plugins/com.st.stm32cube.ide.mcu.externaltools.gnu-tools-for-stm32.10.3-2021.10.win32_1.0.200.202301161003/tools/bin/../lib/gcc/arm-none-eabi/10.3.1/../../../../arm-none-eabi/lib/thumb/v7e-m+fp/hard\libc_nano.a(lib_a-errno.o)
                              ./Core/Src/syscalls.o (__errno)
c:/st/stm32cubeide_1.8.0/stm32cubeide/plugins/com.st.stm32cube.ide.mcu.externaltools.gnu-tools-for-stm32.10.3-2021.10.win32_1.0.200.202301161003/tools/bin/../lib/gcc/arm-none-eabi/10.3.1/../../../../arm-none-eabi/lib/thumb/v7e-m+fp/hard\libc_nano.a(lib_a-exit.o)
                              c:/st/stm32cubeide_1.8.0/stm32cubeide/plugins/com.st.stm32cube.ide.mcu.externaltools.gnu-tools-for-stm32.10.3-2021.10.win32_1.0.200.202301161003/tools/bin/../lib/gcc/arm-none-eabi/10.3.1/../../../../arm-none-eabi/lib/thumb/v7e-m+fp/hard/crt0.o (exit)
c:/st/stm32cubeide_1.8.0/stm32cubeide/plugins/com.st.stm32cube.ide.mcu.externaltools.gnu-tools-for-stm32.10.3-2021.10.win32_1.0.200.202301161003/tools/bin/../lib/gcc/arm-none-eabi/10.3.1/../../../../arm-none-eabi/lib/thumb/v7e-m+fp/hard\libc_nano.a(lib_a-impure.o)
                              c:/st/stm32cubeide_1.8.0/stm32cubeide/plugins/com.st.stm32cube.ide.mcu.externaltools.gnu-tools-for-stm32.10.3-2021.10.win32_1.0.200.202301161003/tools/bin/../lib/gcc/arm-none-eabi/10.3.1/../../../../arm-none-eabi/lib/thumb/v7e-m+fp/hard\libc_nano.a(lib_a-exit.o) (_global_impure_ptr)
c:/st/stm32cubeide_1.8.0/stm32cubeide/plugins/com.st.stm32cube.ide.mcu.externaltools.gnu-tools-for-stm32.10.3-2021.10.win32_1.0.200.202301161003/tools/bin/../lib/gcc/arm-none-eabi/10.3.1/../../../../arm-none-eabi/lib/thumb/v7e-m+fp/hard\libc_nano.a(lib_a-init.o)
                              c:/st/stm32cubeide_1.8.0/stm32cubeide/plugins/com.st.stm32cube.ide.mcu.externaltools.gnu-tools-for-stm32.10.3-2021.10.win32_1.0.200.202301161003/tools/bin/../lib/gcc/arm-none-eabi/10.3.1/../../../../arm-none-eabi/lib/thumb/v7e-m+fp/hard/crt0.o (__libc_init_array)
c:/st/stm32cubeide_1.8.0/stm32cubeide/plugins/com.st.stm32cube.ide.mcu.externaltools.gnu-tools-for-stm32.10.3-2021.10.win32_1.0.200.202301161003/tools/bin/../lib/gcc/arm-none-eabi/10.3.1/../../../../arm-none-eabi/lib/thumb/v7e-m+fp/hard\libc_nano.a(lib_a-memcpy-stub.o)
                              ./Drivers/GNSSPVT/GNSSPVT.o (memcpy)
c:/st/stm32cubeide_1.8.0/stm32cubeide/plugins/com.st.stm32cube.ide.mcu.externaltools.gnu-tools-for-stm32.10.3-2021.10.win32_1.0.200.202301161003/tools/bin/../lib/gcc/arm-none-eabi/10.3.1/../../../../arm-none-eabi/lib/thumb/v7e-m+fp/hard\libc_nano.a(lib_a-memset.o)
                              c:/st/stm32cubeide_1.8.0/stm32cubeide/plugins/com.st.stm32cube.ide.mcu.externaltools.gnu-tools-for-stm32.10.3-2021.10.win32_1.0.200.202301161003/tools/bin/../lib/gcc/arm-none-eabi/10.3.1/../../../../arm-none-eabi/lib/thumb/v7e-m+fp/hard/crt0.o (memset)
c:/st/stm32cubeide_1.8.0/stm32cubeide/plugins/com.st.stm32cube.ide.mcu.externaltools.gnu-tools-for-stm32.10.3-2021.10.win32_1.0.200.202301161003/tools/bin/../lib/gcc/arm-none-eabi/10.3.1/../../../../arm-none-eabi/lib/thumb/v7e-m+fp/hard\libc_nano.a(lib_a-nano-vfprintf_float.o)
                              (_printf_float)
c:/st/stm32cubeide_1.8.0/stm32cubeide/plugins/com.st.stm32cube.ide.mcu.externaltools.gnu-tools-for-stm32.10.3-2021.10.win32_1.0.200.202301161003/tools/bin/../lib/gcc/arm-none-eabi/10.3.1/../../../../arm-none-eabi/lib/thumb/v7e-m+fp/hard\libc_nano.a(lib_a-nano-vfprintf_i.o)
                              c:/st/stm32cubeide_1.8.0/stm32cubeide/plugins/com.st.stm32cube.ide.mcu.externaltools.gnu-tools-for-stm32.10.3-2021.10.win32_1.0.200.202301161003/tools/bin/../lib/gcc/arm-none-eabi/10.3.1/../../../../arm-none-eabi/lib/thumb/v7e-m+fp/hard\libc_nano.a(lib_a-nano-vfprintf_float.o) (_printf_common)
c:/st/stm32cubeide_1.8.0/stm32cubeide/plugins/com.st.stm32cube.ide.mcu.externaltools.gnu-tools-for-stm32.10.3-2021.10.win32_1.0.200.202301161003/tools/bin/../lib/gcc/arm-none-eabi/10.3.1/../../../../arm-none-eabi/lib/thumb/v7e-m+fp/hard\libc_nano.a(lib_a-strlen.o)
                              c:/st/stm32cubeide_1.8.0/stm32cubeide/plugins/com.st.stm32cube.ide.mcu.externaltools.gnu-tools-for-stm32.10.3-2021.10.win32_1.0.200.202301161003/tools/bin/../lib/gcc/arm-none-eabi/10.3.1/../../../../arm-none-eabi/lib/thumb/v7e-m+fp/hard\libc_nano.a(lib_a-nano-vfprintf_float.o) (strlen)
c:/st/stm32cubeide_1.8.0/stm32cubeide/plugins/com.st.stm32cube.ide.mcu.externaltools.gnu-tools-for-stm32.10.3-2021.10.win32_1.0.200.202301161003/tools/bin/../lib/gcc/arm-none-eabi/10.3.1/../../../../arm-none-eabi/lib/thumb/v7e-m+fp/hard\libc_nano.a(lib_a-dtoa.o)
[...]
Memory Configuration

Name             Origin             Length             Attributes
RAM              0x0000000020000000 0x0000000000010000 xrw
RAM2             0x0000000010000000 0x0000000000004000 xrw
FLASH            0x0000000008000000 0x0000000000040000 xr
*default*        0x0000000000000000 0xffffffffffffffff

Linker script and memory map

LOAD c:/st/stm32cubeide_1.8.0/stm32cubeide/plugins/com.st.stm32cube.ide.mcu.externaltools.gnu-tools-for-stm32.10.3-2021.10.win32_1.0.200.202301161003/tools/bin/../lib/gcc/arm-none-eabi/10.3.1/thumb/v7e-m+fp/hard/crti.o
LOAD c:/st/stm32cubeide_1.8.0/stm32cubeide/plugins/com.st.stm32cube.ide.mcu.externaltools.gnu-tools-for-stm32.10.3-2021.10.win32_1.0.200.202301161003/tools/bin/../lib/gcc/arm-none-eabi/10.3.1/thumb/v7e-m+fp/hard/crtbegin.o
LOAD c:/st/stm32cubeide_1.8.0/stm32cubeide/plugins/com.st.stm32cube.ide.mcu.externaltools.gnu-tools-for-stm32.10.3-2021.10.win32_1.0.200.202301161003/tools/bin/../lib/gcc/arm-none-eabi/10.3.1/../../../../arm-none-eabi/lib/thumb/v7e-m+fp/hard/crt0.o
LOAD ./Core/Src/main.o
LOAD ./Core/Src/myApp.o
LOAD ./Core/Src/stm32l4xx_hal_msp.o
LOAD ./Core/Src/stm32l4xx_it.o
LOAD ./Core/Src/syscalls.o
LOAD ./Core/Src/sysmem.o
LOAD ./Core/Src/system_stm32l4xx.o
LOAD ./Core/Startup/startup_stm32l432kcux.o
LOAD ./Drivers/GNSSPVT/GNSSPVT.o
LOAD ./Drivers/STM32L4xx_HAL_Driver/Src/stm32l4xx_hal.o
LOAD ./Drivers/STM32L4xx_HAL_Driver/Src/stm32l4xx_hal_adc.o
LOAD ./Drivers/STM32L4xx_HAL_Driver/Src/stm32l4xx_hal_adc_ex.o
LOAD ./Drivers/STM32L4xx_HAL_Driver/Src/stm32l4xx_hal_cortex.o
LOAD ./Drivers/STM32L4xx_HAL_Driver/Src/stm32l4xx_hal_dma.o
LOAD ./Drivers/STM32L4xx_HAL_Driver/Src/stm32l4xx_hal_dma_ex.o
LOAD ./Drivers/STM32L4xx_HAL_Driver/Src/stm32l4xx_hal_exti.o
LOAD ./Drivers/STM32L4xx_HAL_Driver/Src/stm32l4xx_hal_flash.o
LOAD ./Drivers/STM32L4xx_HAL_Driver/Src/stm32l4xx_hal_flash_ex.o
LOAD ./Drivers/STM32L4xx_HAL_Driver/Src/stm32l4xx_hal_flash_ramfunc.o
LOAD ./Drivers/STM32L4xx_HAL_Driver/Src/stm32l4xx_hal_gpio.o
LOAD ./Drivers/STM32L4xx_HAL_Driver/Src/stm32l4xx_hal_pwr.o
LOAD ./Drivers/STM32L4xx_HAL_Driver/Src/stm32l4xx_hal_pwr_ex.o
LOAD ./Drivers/STM32L4xx_HAL_Driver/Src/stm32l4xx_hal_rcc.o
LOAD ./Drivers/STM32L4xx_HAL_Driver/Src/stm32l4xx_hal_rcc_ex.o
LOAD ./Drivers/STM32L4xx_HAL_Driver/Src/stm32l4xx_hal_rtc.o
LOAD ./Drivers/STM32L4xx_HAL_Driver/Src/stm32l4xx_hal_rtc_ex.o
LOAD ./Drivers/STM32L4xx_HAL_Driver/Src/stm32l4xx_hal_spi.o
LOAD ./Drivers/STM32L4xx_HAL_Driver/Src/stm32l4xx_hal_spi_ex.o
LOAD ./Drivers/STM32L4xx_HAL_Driver/Src/stm32l4xx_hal_tim.o
LOAD ./Drivers/STM32L4xx_HAL_Driver/Src/stm32l4xx_hal_tim_ex.o
LOAD ./Drivers/STM32L4xx_HAL_Driver/Src/stm32l4xx_ll_dma.o
LOAD ./Drivers/STM32L4xx_HAL_Driver/Src/stm32l4xx_ll_exti.o
LOAD ./Drivers/STM32L4xx_HAL_Driver/Src/stm32l4xx_ll_gpio.o
LOAD ./Drivers/STM32L4xx_HAL_Driver/Src/stm32l4xx_ll_lpuart.o
LOAD ./Drivers/STM32L4xx_HAL_Driver/Src/stm32l4xx_ll_rcc.o
LOAD ./Drivers/STM32L4xx_HAL_Driver/Src/stm32l4xx_ll_utils.o
LOAD ./Drivers/SharpMemLCD/LS013B7DH03.o
START GROUP
LOAD c:/st/stm32cubeide_1.8.0/stm32cubeide/plugins/com.st.stm32cube.ide.mcu.externaltools.gnu-tools-for-stm32.10.3-2021.10.win32_1.0.200.202301161003/tools/bin/../lib/gcc/arm-none-eabi/10.3.1/../../../../arm-none-eabi/lib/thumb/v7e-m+fp/hard\libc_nano.a
LOAD c:/st/stm32cubeide_1.8.0/stm32cubeide/plugins/com.st.stm32cube.ide.mcu.externaltools.gnu-tools-for-stm32.10.3-2021.10.win32_1.0.200.202301161003/tools/bin/../lib/gcc/arm-none-eabi/10.3.1/../../../../arm-none-eabi/lib/thumb/v7e-m+fp/hard\libm.a
END GROUP
START GROUP
LOAD c:/st/stm32cubeide_1.8.0/stm32cubeide/plugins/com.st.stm32cube.ide.mcu.externaltools.gnu-tools-for-stm32.10.3-2021.10.win32_1.0.200.202301161003/tools/bin/../lib/gcc/arm-none-eabi/10.3.1/thumb/v7e-m+fp/hard\libgcc.a
LOAD c:/st/stm32cubeide_1.8.0/stm32cubeide/plugins/com.st.stm32cube.ide.mcu.externaltools.gnu-tools-for-stm32.10.3-2021.10.win32_1.0.200.202301161003/tools/bin/../lib/gcc/arm-none-eabi/10.3.1/../../../../arm-none-eabi/lib/thumb/v7e-m+fp/hard\libc_nano.a
END GROUP
START GROUP
LOAD c:/st/stm32cubeide_1.8.0/stm32cubeide/plugins/com.st.stm32cube.ide.mcu.externaltools.gnu-tools-for-stm32.10.3-2021.10.win32_1.0.200.202301161003/tools/bin/../lib/gcc/arm-none-eabi/10.3.1/thumb/v7e-m+fp/hard\libgcc.a
LOAD c:/st/stm32cubeide_1.8.0/stm32cubeide/plugins/com.st.stm32cube.ide.mcu.externaltools.gnu-tools-for-stm32.10.3-2021.10.win32_1.0.200.202301161003/tools/bin/../lib/gcc/arm-none-eabi/10.3.1/../../../../arm-none-eabi/lib/thumb/v7e-m+fp/hard\libc_nano.a
LOAD c:/st/stm32cubeide_1.8.0/stm32cubeide/plugins/com.st.stm32cube.ide.mcu.externaltools.gnu-tools-for-stm32.10.3-2021.10.win32_1.0.200.202301161003/tools/bin/../lib/gcc/arm-none-eabi/10.3.1/../../../../arm-none-eabi/lib/thumb/v7e-m+fp/hard\libnosys.a
END GROUP
START GROUP
LOAD c:/st/stm32cubeide_1.8.0/stm32cubeide/plugins/com.st.stm32cube.ide.mcu.externaltools.gnu-tools-for-stm32.10.3-2021.10.win32_1.0.200.202301161003/tools/bin/../lib/gcc/arm-none-eabi/10.3.1/thumb/v7e-m+fp/hard\libgcc.a
LOAD c:/st/stm32cubeide_1.8.0/stm32cubeide/plugins/com.st.stm32cube.ide.mcu.externaltools.gnu-tools-for-stm32.10.3-2021.10.win32_1.0.200.202301161003/tools/bin/../lib/gcc/arm-none-eabi/10.3.1/../../../../arm-none-eabi/lib/thumb/v7e-m+fp/hard\libc_nano.a
LOAD c:/st/stm32cubeide_1.8.0/stm32cubeide/plugins/com.st.stm32cube.ide.mcu.externaltools.gnu-tools-for-stm32.10.3-2021.10.win32_1.0.200.202301161003/tools/bin/../lib/gcc/arm-none-eabi/10.3.1/../../../../arm-none-eabi/lib/thumb/v7e-m+fp/hard\libnosys.a
END GROUP
LOAD c:/st/stm32cubeide_1.8.0/stm32cubeide/plugins/com.st.stm32cube.ide.mcu.externaltools.gnu-tools-for-stm32.10.3-2021.10.win32_1.0.200.202301161003/tools/bin/../lib/gcc/arm-none-eabi/10.3.1/thumb/v7e-m+fp/hard/crtend.o
LOAD c:/st/stm32cubeide_1.8.0/stm32cubeide/plugins/com.st.stm32cube.ide.mcu.externaltools.gnu-tools-for-stm32.10.3-2021.10.win32_1.0.200.202301161003/tools/bin/../lib/gcc/arm-none-eabi/10.3.1/thumb/v7e-m+fp/hard/crtn.o
                0x0000000020010000                _estack = (ORIGIN (RAM) + LENGTH (RAM))
                0x0000000000000200                _Min_Heap_Size = 0x200
                0x0000000000000400                _Min_Stack_Size = 0x400

.isr_vector     0x0000000008000000      0x18c
                0x0000000008000000                . = ALIGN (0x4)
 *(.isr_vector)
 .isr_vector    0x0000000008000000      0x18c ./Core/Startup/startup_stm32l432kcux.o
                0x0000000008000000                g_pfnVectors
                0x000000000800018c                . = ALIGN (0x4)

.text           0x0000000008000190     0xc4a4
                0x0000000008000190                . = ALIGN (0x4)
 *(.text)
 .text          0x0000000008000190       0x40 c:/st/stm32cubeide_1.8.0/stm32cubeide/plugins/com.st.stm32cube.ide.mcu.externaltools.gnu-tools-for-stm32.10.3-2021.10.win32_1.0.200.202301161003/tools/bin/../lib/gcc/arm-none-eabi/10.3.1/thumb/v7e-m+fp/hard/crtbegin.o
 .text          0x00000000080001d0       0x10 c:/st/stm32cubeide_1.8.0/stm32cubeide/plugins/com.st.stm32cube.ide.mcu.externaltools.gnu-tools-for-stm32.10.3-2021.10.win32_1.0.200.202301161003/tools/bin/../lib/gcc/arm-none-eabi/10.3.1/../../../../arm-none-eabi/lib/thumb/v7e-m+fp/hard\libc_nano.a(lib_a-strlen.o)
                0x00000000080001d0                strlen
 .text          0x00000000080001e0       0xa0 c:/st/stm32cubeide_1.8.0/stm32cubeide/plugins/com.st.stm32cube.ide.mcu.externaltools.gnu-tools-for-stm32.10.3-2021.10.win32_1.0.200.202301161003/tools/bin/../lib/gcc/arm-none-eabi/10.3.1/../../../../arm-none-eabi/lib/thumb/v7e-m+fp/hard\libc_nano.a(lib_a-memchr.o)
                0x00000000080001e0                memchr
 .text          0x0000000008000280      0x378 c:/st/stm32cubeide_1.8.0/stm32cubeide/plugins/com.st.stm32cube.ide.mcu.externaltools.gnu-tools-for-stm32.10.3-2021.10.win32_1.0.200.202301161003/tools/bin/../lib/gcc/arm-none-eabi/10.3.1/thumb/v7e-m+fp/hard\libgcc.a(_arm_addsubdf3.o)
                0x0000000008000280                __aeabi_drsub
                0x0000000008000288                __aeabi_dsub
                0x0000000008000288                __subdf3
                0x000000000800028c                __aeabi_dadd
                0x000000000800028c                __adddf3
                0x0000000008000504                __floatunsidf
                0x0000000008000504                __aeabi_ui2d
                0x0000000008000524                __floatsidf
                0x0000000008000524                __aeabi_i2d
                0x0000000008000548                __aeabi_f2d
                0x0000000008000548                __extendsfdf2
                0x000000000800058c                __floatundidf
                0x000000000800058c                __aeabi_ul2d
                0x000000000800059c                __floatdidf
                0x000000000800059c                __aeabi_l2d
 .text          0x00000000080005f8      0x424 c:/st/stm32cubeide_1.8.0/stm32cubeide/plugins/com.st.stm32cube.ide.mcu.externaltools.gnu-tools-for-stm32.10.3-2021.10.win32_1.0.200.202301161003/tools/bin/../lib/gcc/arm-none-eabi/10.3.1/thumb/v7e-m+fp/hard\libgcc.a(_arm_muldivdf3.o)
                0x00000000080005f8                __aeabi_dmul
                0x00000000080005f8                __muldf3
                0x000000000800084c                __divdf3
                0x000000000800084c                __aeabi_ddiv
 .text          0x0000000008000a1c      0x110 c:/st/stm32cubeide_1.8.0/stm32cubeide/plugins/com.st.stm32cube.ide.mcu.externaltools.gnu-tools-for-stm32.10.3-2021.10.win32_1.0.200.202301161003/tools/bin/../lib/gcc/arm-none-eabi/10.3.1/thumb/v7e-m+fp/hard\libgcc.a(_arm_cmpdf2.o)
                0x0000000008000a1c                __gtdf2
                0x0000000008000a1c                __gedf2
                0x0000000008000a24                __ltdf2
                0x0000000008000a24                __ledf2
                0x0000000008000a2c                __nedf2
                0x0000000008000a2c                __eqdf2
                0x0000000008000a2c                __cmpdf2
                0x0000000008000aa8                __aeabi_cdrcmple
                0x0000000008000ab8                __aeabi_cdcmpeq
                0x0000000008000ab8                __aeabi_cdcmple
                0x0000000008000ac8                __aeabi_dcmpeq
                0x0000000008000adc                __aeabi_dcmplt
                0x0000000008000af0                __aeabi_dcmple
                0x0000000008000b04                __aeabi_dcmpge
                0x0000000008000b18                __aeabi_dcmpgt
 .text          0x0000000008000b2c       0x2c c:/st/stm32cubeide_1.8.0/stm32cubeide/plugins/com.st.stm32cube.ide.mcu.externaltools.gnu-tools-for-stm32.10.3-2021.10.win32_1.0.200.202301161003/tools/bin/../lib/gcc/arm-none-eabi/10.3.1/thumb/v7e-m+fp/hard\libgcc.a(_arm_unorddf2.o)
                0x0000000008000b2c                __unorddf2
                0x0000000008000b2c                __aeabi_dcmpun
 .text          0x0000000008000b58       0x50 c:/st/stm32cubeide_1.8.0/stm32cubeide/plugins/com.st.stm32cube.ide.mcu.externaltools.gnu-tools-for-stm32.10.3-2021.10.win32_1.0.200.202301161003/tools/bin/../lib/gcc/arm-none-eabi/10.3.1/thumb/v7e-m+fp/hard\libgcc.a(_arm_fixdfsi.o)
                0x0000000008000b58                __aeabi_d2iz
                0x0000000008000b58                __fixdfsi
 .text          0x0000000008000ba8       0xa0 c:/st/stm32cubeide_1.8.0/stm32cubeide/plugins/com.st.stm32cube.ide.mcu.externaltools.gnu-tools-for-stm32.10.3-2021.10.win32_1.0.200.202301161003/tools/bin/../lib/gcc/arm-none-eabi/10.3.1/thumb/v7e-m+fp/hard\libgcc.a(_arm_truncdfsf2.o)
                0x0000000008000ba8                __truncdfsf2
                0x0000000008000ba8                __aeabi_d2f
 .text          0x0000000008000c48       0x30 c:/st/stm32cubeide_1.8.0/stm32cubeide/plugins/com.st.stm32cube.ide.mcu.externaltools.gnu-tools-for-stm32.10.3-2021.10.win32_1.0.200.202301161003/tools/bin/../lib/gcc/arm-none-eabi/10.3.1/thumb/v7e-m+fp/hard\libgcc.a(_aeabi_uldivmod.o)
                0x0000000008000c48                __aeabi_uldivmod
 .text          0x0000000008000c78      0x2d0 c:/st/stm32cubeide_1.8.0/stm32cubeide/plugins/com.st.stm32cube.ide.mcu.externaltools.gnu-tools-for-stm32.10.3-2021.10.win32_1.0.200.202301161003/tools/bin/../lib/gcc/arm-none-eabi/10.3.1/thumb/v7e-m+fp/hard\libgcc.a(_udivmoddi4.o)
                0x0000000008000c78                __udivmoddi4
 .text          0x0000000008000f48        0x4 c:/st/stm32cubeide_1.8.0/stm32cubeide/plugins/com.st.stm32cube.ide.mcu.externaltools.gnu-tools-for-stm32.10.3-2021.10.win32_1.0.200.202301161003/tools/bin/../lib/gcc/arm-none-eabi/10.3.1/thumb/v7e-m+fp/hard\libgcc.a(_dvmd_tls.o)
                0x0000000008000f48                __aeabi_idiv0
                0x0000000008000f48                __aeabi_ldiv0
 *(.text*)
 .text.__NVIC_GetPriorityGrouping
                0x0000000008000f4c       0x1c ./Core/Src/main.o
 .text.__NVIC_EnableIRQ
                0x0000000008000f68       0x3c ./Core/Src/main.o
 .text.__NVIC_SetPriority
                0x0000000008000fa4       0x54 ./Core/Src/main.o
 .text.NVIC_EncodePriority
                0x0000000008000ff8       0x66 ./Core/Src/main.o
 .text.LL_LPUART_Enable
                0x000000000800105e       0x20 ./Core/Src/main.o
 .text.LL_LPUART_EnableClockInStopMode
                0x000000000800107e       0x46 ./Core/Src/main.o
 .text.LL_LPUART_DisableOverrunDetect
                0x00000000080010c4       0x20 ./Core/Src/main.o
 .text.LL_LPUART_SetWKUPType
                0x00000000080010e4       0x26 ./Core/Src/main.o
 .text.LL_LPUART_EnableIT_RXNE
                0x000000000800110a       0x42 ./Core/Src/main.o
 .text.LL_AHB2_GRP1_EnableClock
                0x000000000800114c       0x30 ./Core/Src/main.o
 .text.LL_APB1_GRP2_EnableClock
                0x000000000800117c       0x30 ./Core/Src/main.o
 .text.main     0x00000000080011ac       0x2a ./Core/Src/main.o
                0x00000000080011ac                main
 *fill*         0x00000000080011d6        0x2 
 .text.SystemClock_Config
                0x00000000080011d8       0xb0 ./Core/Src/main.o
                0x00000000080011d8                SystemClock_Config
 .text.MX_ADC1_Init
                0x0000000008001288      0x114 ./Core/Src/main.o
 .text.MX_LPUART1_UART_Init
                0x000000000800139c       0xfc ./Core/Src/main.o
 .text.MX_RTC_Init
                0x0000000008001498       0xd0 ./Core/Src/main.o
 .text.MX_SPI1_Init
                0x0000000008001568       0x7c ./Core/Src/main.o
 .text.MX_DMA_Init
                0x00000000080015e4       0x4c ./Core/Src/main.o
 .text.MX_GPIO_Init
                0x0000000008001630      0x134 ./Core/Src/main.o
 .text.HAL_Delay
                0x0000000008001764       0x48 ./Core/Src/main.o
                0x0000000008001764                HAL_Delay
 .text.USER_LPUART1_UART_Init
                0x00000000080017ac        0xc ./Core/Src/main.o
                0x00000000080017ac                USER_LPUART1_UART_Init
 .text.USER_LPUART1_UART_DeInit
                0x00000000080017b8       0x40 ./Core/Src/main.o
                0x00000000080017b8                USER_LPUART1_UART_DeInit
 .text.Error_Handler
                0x00000000080017f8        0xa ./Core/Src/main.o
                0x00000000080017f8                Error_Handler
 .text.LL_LPUART_DisableIT_WKUP
                0x0000000008001802       0x46 ./Core/Src/myApp.o
 .text.npf_min  0x0000000008001848       0x20 ./Core/Src/myApp.o
 .text.npf_max  0x0000000008001868       0x20 ./Core/Src/myApp.o
 .text.npf_parse_format_spec
                0x0000000008001888      0x3fc ./Core/Src/myApp.o
 .text.npf_itoa_rev
                0x0000000008001c84       0x7c ./Core/Src/myApp.o
 .text.npf_utoa_rev
                0x0000000008001d00       0x70 ./Core/Src/myApp.o
 .text.npf_fsplit_abs
                0x0000000008001d70      0x330 ./Core/Src/myApp.o
 .text.npf_ftoa_rev
                0x00000000080020a0      0x1c0 ./Core/Src/myApp.o
 .text.npf_bufputc
                0x0000000008002260       0x3c ./Core/Src/myApp.o
 .text.npf_bufputc_nop
                0x000000000800229c       0x16 ./Core/Src/myApp.o
 .text.npf_putc_cnt
                0x00000000080022b2       0x2e ./Core/Src/myApp.o
 .text.npf_vpprintf
                0x00000000080022e0      0x780 ./Core/Src/myApp.o
                0x00000000080022e0                npf_vpprintf
 .text.npf_snprintf
                0x0000000008002a60       0x30 ./Core/Src/myApp.o
                0x0000000008002a60                npf_snprintf
 .text.npf_vsnprintf
                0x0000000008002a90       0x58 ./Core/Src/myApp.o
                0x0000000008002a90                npf_vsnprintf
 .text.myApp_init
                0x0000000008002ae8       0x54 ./Core/Src/myApp.o
                0x0000000008002ae8                myApp_init
 .text.myApp_loop
                0x0000000008002b3c       0x4c ./Core/Src/myApp.o
                0x0000000008002b3c                myApp_loop
 .text.goToIdle
                0x0000000008002b88       0x10 ./Core/Src/myApp.o
 .text.goToSleep
                0x0000000008002b98       0x70 ./Core/Src/myApp.o
 .text.drawHeader
                0x0000000008002c08       0xd8 ./Core/Src/myApp.o
 .text.printDateTime
                0x0000000008002ce0       0x88 ./Core/Src/myApp.o
 .text.drawGNSS
                0x0000000008002d68      0x23c ./Core/Src/myApp.o
 .text.setTimeGNSS
                0x0000000008002fa4       0x64 ./Core/Src/myApp.o
                0x0000000008002fa4                setTimeGNSS
 .text.startADC
                0x0000000008003008       0x5c ./Core/Src/myApp.o
 .text.HAL_ADC_ConvCpltCallback
                0x0000000008003064       0xbc ./Core/Src/myApp.o
                0x0000000008003064                HAL_ADC_ConvCpltCallback
 .text.HAL_RTCEx_WakeUpTimerEventCallback
                0x0000000008003120       0x30 ./Core/Src/myApp.o
                0x0000000008003120                HAL_RTCEx_WakeUpTimerEventCallback
 .text.HAL_MspInit
                0x0000000008003150       0x48 ./Core/Src/stm32l4xx_hal_msp.o
                0x0000000008003150                HAL_MspInit
 .text.HAL_ADC_MspInit
                0x0000000008003198      0x108 ./Core/Src/stm32l4xx_hal_msp.o
                0x0000000008003198                HAL_ADC_MspInit
 .text.HAL_RTC_MspInit
                0x00000000080032a0       0x70 ./Core/Src/stm32l4xx_hal_msp.o
                0x00000000080032a0                HAL_RTC_MspInit
 .text.HAL_SPI_MspInit
                0x0000000008003310       0xf0 ./Core/Src/stm32l4xx_hal_msp.o
                0x0000000008003310                HAL_SPI_MspInit
 .text.LL_LPUART_IsActiveFlag_ORE
                0x0000000008003400       0x26 ./Core/Src/stm32l4xx_it.o
 .text.LL_LPUART_IsActiveFlag_WKUP
                0x0000000008003426       0x28 ./Core/Src/stm32l4xx_it.o
 .text.LL_LPUART_ClearFlag_ORE
                0x000000000800344e       0x1a ./Core/Src/stm32l4xx_it.o
 .text.LL_LPUART_ClearFlag_WKUP
                0x0000000008003468       0x1c ./Core/Src/stm32l4xx_it.o
 .text.LL_LPUART_IsEnabledIT_WKUP
                0x0000000008003484       0x28 ./Core/Src/stm32l4xx_it.o
 .text.NMI_Handler
                0x00000000080034ac        0x6 ./Core/Src/stm32l4xx_it.o
                0x00000000080034ac                NMI_Handler
 .text.HardFault_Handler
                0x00000000080034b2        0x6 ./Core/Src/stm32l4xx_it.o
                0x00000000080034b2                HardFault_Handler
 .text.MemManage_Handler
                0x00000000080034b8        0x6 ./Core/Src/stm32l4xx_it.o
                0x00000000080034b8                MemManage_Handler
 .text.BusFault_Handler
                0x00000000080034be        0x6 ./Core/Src/stm32l4xx_it.o
                0x00000000080034be                BusFault_Handler
 .text.UsageFault_Handler
                0x00000000080034c4        0x6 ./Core/Src/stm32l4xx_it.o
                0x00000000080034c4                UsageFault_Handler
 .text.SVC_Handler
                0x00000000080034ca        0xe ./Core/Src/stm32l4xx_it.o
                0x00000000080034ca                SVC_Handler
 .text.DebugMon_Handler
                0x00000000080034d8        0xe ./Core/Src/stm32l4xx_it.o
                0x00000000080034d8                DebugMon_Handler
 .text.PendSV_Handler
                0x00000000080034e6        0xe ./Core/Src/stm32l4xx_it.o
                0x00000000080034e6                PendSV_Handler
 .text.SysTick_Handler
                0x00000000080034f4        0xc ./Core/Src/stm32l4xx_it.o
                0x00000000080034f4                SysTick_Handler
 .text.RTC_WKUP_IRQHandler
                0x0000000008003500       0x1c ./Core/Src/stm32l4xx_it.o
                0x0000000008003500                RTC_WKUP_IRQHandler
 .text.DMA1_Channel1_IRQHandler
                0x000000000800351c       0x14 ./Core/Src/stm32l4xx_it.o
                0x000000000800351c                DMA1_Channel1_IRQHandler
 .text.DMA1_Channel3_IRQHandler
                0x0000000008003530       0x14 ./Core/Src/stm32l4xx_it.o
                0x0000000008003530                DMA1_Channel3_IRQHandler
 .text.SPI1_IRQHandler
                0x0000000008003544       0x14 ./Core/Src/stm32l4xx_it.o
                0x0000000008003544                SPI1_IRQHandler
 .text.LPUART1_IRQHandler
                0x0000000008003558       0x4c ./Core/Src/stm32l4xx_it.o
                0x0000000008003558                LPUART1_IRQHandler
 .text._getpid  0x00000000080035a4       0x10 ./Core/Src/syscalls.o
                0x00000000080035a4                _getpid
 .text._kill    0x00000000080035b4       0x20 ./Core/Src/syscalls.o
                0x00000000080035b4                _kill
 .text._exit    0x00000000080035d4       0x14 ./Core/Src/syscalls.o
                0x00000000080035d4                _exit
 .text._read    0x00000000080035e8       0x3a ./Core/Src/syscalls.o
                0x00000000080035e8                _read
 .text._write   0x0000000008003622       0x38 ./Core/Src/syscalls.o
                0x0000000008003622                _write
 .text._close   0x000000000800365a       0x18 ./Core/Src/syscalls.o
                0x000000000800365a                _close
 .text._fstat   0x0000000008003672       0x20 ./Core/Src/syscalls.o
                0x0000000008003672                _fstat
 .text._isatty  0x0000000008003692       0x16 ./Core/Src/syscalls.o
                0x0000000008003692                _isatty
 .text._lseek   0x00000000080036a8       0x1a ./Core/Src/syscalls.o
                0x00000000080036a8                _lseek
 *fill*         0x00000000080036c2        0x2 
 .text._sbrk    0x00000000080036c4       0x6c ./Core/Src/sysmem.o
                0x00000000080036c4                _sbrk
 .text.SystemInit
                0x0000000008003730       0x24 ./Core/Src/system_stm32l4xx.o
                0x0000000008003730                SystemInit
 .text.Reset_Handler
                0x0000000008003754       0x50 ./Core/Startup/startup_stm32l432kcux.o
                0x0000000008003754                Reset_Handler
 .text.Default_Handler
                0x00000000080037a4        0x2 ./Core/Startup/startup_stm32l432kcux.o
                0x00000000080037a4                RTC_Alarm_IRQHandler
                0x00000000080037a4                EXTI2_IRQHandler
                0x00000000080037a4                TIM1_CC_IRQHandler
                0x00000000080037a4                TSC_IRQHandler
                0x00000000080037a4                TAMP_STAMP_IRQHandler
                0x00000000080037a4                EXTI3_IRQHandler
                0x00000000080037a4                LPTIM2_IRQHandler
                0x00000000080037a4                I2C3_ER_IRQHandler
                0x00000000080037a4                EXTI0_IRQHandler
                0x00000000080037a4                CAN1_RX0_IRQHandler
                0x00000000080037a4                FPU_IRQHandler
                0x00000000080037a4                TIM1_UP_TIM16_IRQHandler
                0x00000000080037a4                TIM6_DAC_IRQHandler
                0x00000000080037a4                DMA2_Channel2_IRQHandler
                0x00000000080037a4                DMA1_Channel4_IRQHandler
                0x00000000080037a4                ADC1_IRQHandler
                0x00000000080037a4                DMA1_Channel7_IRQHandler
                0x00000000080037a4                CAN1_RX1_IRQHandler
                0x00000000080037a4                DMA2_Channel1_IRQHandler
                0x00000000080037a4                QUADSPI_IRQHandler
                0x00000000080037a4                I2C1_EV_IRQHandler
                0x00000000080037a4                DMA1_Channel6_IRQHandler
                0x00000000080037a4                DMA2_Channel4_IRQHandler
                0x00000000080037a4                RCC_IRQHandler
                0x00000000080037a4                TIM1_TRG_COM_IRQHandler
                0x00000000080037a4                Default_Handler
                0x00000000080037a4                DMA2_Channel7_IRQHandler
                0x00000000080037a4                EXTI15_10_IRQHandler
                0x00000000080037a4                TIM7_IRQHandler
                0x00000000080037a4                I2C3_EV_IRQHandler
                0x00000000080037a4                USB_IRQHandler
                0x00000000080037a4                EXTI9_5_IRQHandler
                0x00000000080037a4                PVD_PVM_IRQHandler
                0x00000000080037a4                CAN1_TX_IRQHandler
                0x00000000080037a4                DMA2_Channel5_IRQHandler
                0x00000000080037a4                CRS_IRQHandler
                0x00000000080037a4                DMA1_Channel5_IRQHandler
                0x00000000080037a4                EXTI4_IRQHandler
                0x00000000080037a4                RNG_IRQHandler
                0x00000000080037a4                COMP_IRQHandler
                0x00000000080037a4                WWDG_IRQHandler
                0x00000000080037a4                DMA2_Channel6_IRQHandler
                0x00000000080037a4                TIM2_IRQHandler
                0x00000000080037a4                EXTI1_IRQHandler
                0x00000000080037a4                USART2_IRQHandler
                0x00000000080037a4                DMA1_Channel2_IRQHandler
                0x00000000080037a4                CAN1_SCE_IRQHandler
                0x00000000080037a4                FLASH_IRQHandler
                0x00000000080037a4                USART1_IRQHandler
                0x00000000080037a4                SPI3_IRQHandler
                0x00000000080037a4                I2C1_ER_IRQHandler
                0x00000000080037a4                SWPMI1_IRQHandler
                0x00000000080037a4                LPTIM1_IRQHandler
                0x00000000080037a4                SAI1_IRQHandler
                0x00000000080037a4                DMA2_Channel3_IRQHandler
                0x00000000080037a4                TIM1_BRK_TIM15_IRQHandler
 .text.LL_LPUART_IsEnabled
                0x00000000080037a6       0x26 ./Drivers/GNSSPVT/GNSSPVT.o
 .text.LL_LPUART_EnableInStopMode
                0x00000000080037cc       0x42 ./Drivers/GNSSPVT/GNSSPVT.o
 .text.LL_LPUART_IsActiveFlag_RXNE
                0x000000000800380e       0x26 ./Drivers/GNSSPVT/GNSSPVT.o
 .text.LL_LPUART_IsActiveFlag_TC
                0x0000000008003834       0x26 ./Drivers/GNSSPVT/GNSSPVT.o
 .text.LL_LPUART_IsActiveFlag_TXE
                0x000000000800385a       0x26 ./Drivers/GNSSPVT/GNSSPVT.o
 .text.LL_LPUART_IsActiveFlag_REACK
                0x0000000008003880       0x28 ./Drivers/GNSSPVT/GNSSPVT.o
 .text.LL_LPUART_ClearFlag_ORE
                0x00000000080038a8       0x1a ./Drivers/GNSSPVT/GNSSPVT.o
 .text.LL_LPUART_ClearFlag_WKUP
                0x00000000080038c2       0x1c ./Drivers/GNSSPVT/GNSSPVT.o
 .text.LL_LPUART_EnableIT_WKUP
                0x00000000080038de       0x46 ./Drivers/GNSSPVT/GNSSPVT.o
 .text.LL_LPUART_ReceiveData8
                0x0000000008003924       0x1c ./Drivers/GNSSPVT/GNSSPVT.o
 .text.LL_LPUART_TransmitData8
                0x0000000008003940       0x20 ./Drivers/GNSSPVT/GNSSPVT.o
 .text.GNSS_getYear
                0x0000000008003960       0x18 ./Drivers/GNSSPVT/GNSSPVT.o
                0x0000000008003960                GNSS_getYear
 .text.GNSS_getMonth
                0x0000000008003978       0x18 ./Drivers/GNSSPVT/GNSSPVT.o
                0x0000000008003978                GNSS_getMonth
 .text.GNSS_getDay
                0x0000000008003990       0x18 ./Drivers/GNSSPVT/GNSSPVT.o
                0x0000000008003990                GNSS_getDay
 .text.GNSS_getHour
                0x00000000080039a8       0x18 ./Drivers/GNSSPVT/GNSSPVT.o
                0x00000000080039a8                GNSS_getHour
 .text.GNSS_getMin
                0x00000000080039c0       0x18 ./Drivers/GNSSPVT/GNSSPVT.o
                0x00000000080039c0                GNSS_getMin
 .text.GNSS_getSec
                0x00000000080039d8       0x18 ./Drivers/GNSSPVT/GNSSPVT.o
                0x00000000080039d8                GNSS_getSec
 .text.getLat   0x00000000080039f0       0x4c ./Drivers/GNSSPVT/GNSSPVT.o
                0x00000000080039f0                getLat
 *fill*         0x0000000008003a3c        0x4 
 .text.getLong  0x0000000008003a40       0x4c ./Drivers/GNSSPVT/GNSSPVT.o
                0x0000000008003a40                getLong
 *fill*         0x0000000008003a8c        0x4 
 .text.getHAcc  0x0000000008003a90       0x4c ./Drivers/GNSSPVT/GNSSPVT.o
                0x0000000008003a90                getHAcc
 .text.getGroundSpeed_kph
                0x0000000008003adc       0x50 ./Drivers/GNSSPVT/GNSSPVT.o
                0x0000000008003adc                getGroundSpeed_kph
 .text.getMotionHeading_deg
                0x0000000008003b2c       0x28 ./Drivers/GNSSPVT/GNSSPVT.o
                0x0000000008003b2c                getMotionHeading_deg
 .text.getNumSatellites
                0x0000000008003b54       0x18 ./Drivers/GNSSPVT/GNSSPVT.o
                0x0000000008003b54                getNumSatellites
 .text.getFixType
                0x0000000008003b6c       0x18 ./Drivers/GNSSPVT/GNSSPVT.o
                0x0000000008003b6c                getFixType
 .text.isTimeFullyResolved
                0x0000000008003b84       0x24 ./Drivers/GNSSPVT/GNSSPVT.o
                0x0000000008003b84                isTimeFullyResolved
 .text.GNSS_Prep_Stop
                0x0000000008003ba8       0x5c ./Drivers/GNSSPVT/GNSSPVT.o
                0x0000000008003ba8                GNSS_Prep_Stop
 .text.GNSS_Power
                0x0000000008003c04       0x88 ./Drivers/GNSSPVT/GNSSPVT.o
                0x0000000008003c04                GNSS_Power
 .text.GNSS_Set_Power
                0x0000000008003c8c       0x54 ./Drivers/GNSSPVT/GNSSPVT.o
 .text.GNSS_Config
                0x0000000008003ce0       0xa4 ./Drivers/GNSSPVT/GNSSPVT.o
                0x0000000008003ce0                GNSS_Config
 .text.GNSS_Sleep
                0x0000000008003d84       0x14 ./Drivers/GNSSPVT/GNSSPVT.o
                0x0000000008003d84                GNSS_Sleep
 .text.Checksum
                0x0000000008003d98       0x74 ./Drivers/GNSSPVT/GNSSPVT.o
                0x0000000008003d98                Checksum
 .text.parse    0x0000000008003e0c      0x278 ./Drivers/GNSSPVT/GNSSPVT.o
                0x0000000008003e0c                parse
 .text.LPUART_CharReception_Callback
                0x0000000008004084       0x2c ./Drivers/GNSSPVT/GNSSPVT.o
                0x0000000008004084                LPUART_CharReception_Callback
 .text.LPUART_Transmit
                0x00000000080040b0       0x68 ./Drivers/GNSSPVT/GNSSPVT.o
 .text.HAL_Init
                0x0000000008004118       0x30 ./Drivers/STM32L4xx_HAL_Driver/Src/stm32l4xx_hal.o
                0x0000000008004118                HAL_Init
 .text.HAL_InitTick
                0x0000000008004148       0x78 ./Drivers/STM32L4xx_HAL_Driver/Src/stm32l4xx_hal.o
                0x0000000008004148                HAL_InitTick
 .text.HAL_IncTick
                0x00000000080041c0       0x28 ./Drivers/STM32L4xx_HAL_Driver/Src/stm32l4xx_hal.o
                0x00000000080041c0                HAL_IncTick
 .text.HAL_GetTick
                0x00000000080041e8       0x18 ./Drivers/STM32L4xx_HAL_Driver/Src/stm32l4xx_hal.o
                0x00000000080041e8                HAL_GetTick
 .text.HAL_SuspendTick
                0x0000000008004200       0x20 ./Drivers/STM32L4xx_HAL_Driver/Src/stm32l4xx_hal.o
                0x0000000008004200                HAL_SuspendTick
 .text.HAL_ResumeTick
                0x0000000008004220       0x20 ./Drivers/STM32L4xx_HAL_Driver/Src/stm32l4xx_hal.o
                0x0000000008004220                HAL_ResumeTick
 .text.LL_ADC_SetCommonClock
                0x0000000008004240       0x26 ./Drivers/STM32L4xx_HAL_Driver/Src/stm32l4xx_hal_adc.o
 .text.LL_ADC_SetCommonPathInternalCh
                0x0000000008004266       0x26 ./Drivers/STM32L4xx_HAL_Driver/Src/stm32l4xx_hal_adc.o
 .text.LL_ADC_GetCommonPathInternalCh
                0x000000000800428c       0x1c ./Drivers/STM32L4xx_HAL_Driver/Src/stm32l4xx_hal_adc.o
 .text.LL_ADC_SetOffset
                0x00000000080042a8       0x48 ./Drivers/STM32L4xx_HAL_Driver/Src/stm32l4xx_hal_adc.o
 .text.LL_ADC_GetOffsetChannel
                0x00000000080042f0       0x2c ./Drivers/STM32L4xx_HAL_Driver/Src/stm32l4xx_hal_adc.o
 .text.LL_ADC_SetOffsetState
                0x000000000800431c       0x36 ./Drivers/STM32L4xx_HAL_Driver/Src/stm32l4xx_hal_adc.o
 .text.LL_ADC_REG_IsTriggerSourceSWStart
                0x0000000008004352       0x26 ./Drivers/STM32L4xx_HAL_Driver/Src/stm32l4xx_hal_adc.o
 .text.LL_ADC_REG_SetSequencerRanks
                0x0000000008004378       0x58 ./Drivers/STM32L4xx_HAL_Driver/Src/stm32l4xx_hal_adc.o
 .text.LL_ADC_SetChannelSamplingTime
                0x00000000080043d0       0x56 ./Drivers/STM32L4xx_HAL_Driver/Src/stm32l4xx_hal_adc.o
 *fill*         0x0000000008004426        0x2 
 .text.LL_ADC_SetChannelSingleDiff
                0x0000000008004428       0x48 ./Drivers/STM32L4xx_HAL_Driver/Src/stm32l4xx_hal_adc.o
 .text.LL_ADC_DisableDeepPowerDown
                0x0000000008004470       0x24 ./Drivers/STM32L4xx_HAL_Driver/Src/stm32l4xx_hal_adc.o
 .text.LL_ADC_IsDeepPowerDownEnabled
                0x0000000008004494       0x28 ./Drivers/STM32L4xx_HAL_Driver/Src/stm32l4xx_hal_adc.o
 .text.LL_ADC_EnableInternalRegulator
                0x00000000080044bc       0x28 ./Drivers/STM32L4xx_HAL_Driver/Src/stm32l4xx_hal_adc.o
 .text.LL_ADC_IsInternalRegulatorEnabled
                0x00000000080044e4       0x28 ./Drivers/STM32L4xx_HAL_Driver/Src/stm32l4xx_hal_adc.o
 .text.LL_ADC_Enable
                0x000000000800450c       0x28 ./Drivers/STM32L4xx_HAL_Driver/Src/stm32l4xx_hal_adc.o
 .text.LL_ADC_Disable
                0x0000000008004534       0x28 ./Drivers/STM32L4xx_HAL_Driver/Src/stm32l4xx_hal_adc.o
 .text.LL_ADC_IsEnabled
                0x000000000800455c       0x26 ./Drivers/STM32L4xx_HAL_Driver/Src/stm32l4xx_hal_adc.o
 .text.LL_ADC_IsDisableOngoing
                0x0000000008004582       0x26 ./Drivers/STM32L4xx_HAL_Driver/Src/stm32l4xx_hal_adc.o
 .text.LL_ADC_REG_StartConversion
                0x00000000080045a8       0x28 ./Drivers/STM32L4xx_HAL_Driver/Src/stm32l4xx_hal_adc.o
 .text.LL_ADC_REG_StopConversion
                0x00000000080045d0       0x28 ./Drivers/STM32L4xx_HAL_Driver/Src/stm32l4xx_hal_adc.o
 .text.LL_ADC_REG_IsConversionOngoing
                0x00000000080045f8       0x26 ./Drivers/STM32L4xx_HAL_Driver/Src/stm32l4xx_hal_adc.o
 .text.LL_ADC_INJ_StopConversion
                0x000000000800461e       0x28 ./Drivers/STM32L4xx_HAL_Driver/Src/stm32l4xx_hal_adc.o
 .text.LL_ADC_INJ_IsConversionOngoing
                0x0000000008004646       0x26 ./Drivers/STM32L4xx_HAL_Driver/Src/stm32l4xx_hal_adc.o
 .text.HAL_ADC_Init
                0x000000000800466c      0x290 ./Drivers/STM32L4xx_HAL_Driver/Src/stm32l4xx_hal_adc.o
                0x000000000800466c                HAL_ADC_Init
 .text.HAL_ADC_Start_DMA
                0x00000000080048fc      0x108 ./Drivers/STM32L4xx_HAL_Driver/Src/stm32l4xx_hal_adc.o
                0x00000000080048fc                HAL_ADC_Start_DMA
 .text.HAL_ADC_Stop_DMA
                0x0000000008004a04       0xc2 ./Drivers/STM32L4xx_HAL_Driver/Src/stm32l4xx_hal_adc.o
                0x0000000008004a04                HAL_ADC_Stop_DMA
 .text.HAL_ADC_ConvHalfCpltCallback
                0x0000000008004ac6       0x14 ./Drivers/STM32L4xx_HAL_Driver/Src/stm32l4xx_hal_adc.o
                0x0000000008004ac6                HAL_ADC_ConvHalfCpltCallback
 .text.HAL_ADC_ErrorCallback
                0x0000000008004ada       0x14 ./Drivers/STM32L4xx_HAL_Driver/Src/stm32l4xx_hal_adc.o
                0x0000000008004ada                HAL_ADC_ErrorCallback
 *fill*         0x0000000008004aee        0x2 
 .text.HAL_ADC_ConfigChannel
                0x0000000008004af0      0x7c0 ./Drivers/STM32L4xx_HAL_Driver/Src/stm32l4xx_hal_adc.o
                0x0000000008004af0                HAL_ADC_ConfigChannel
 .text.ADC_ConversionStop
                0x00000000080052b0      0x178 ./Drivers/STM32L4xx_HAL_Driver/Src/stm32l4xx_hal_adc.o
                0x00000000080052b0                ADC_ConversionStop
 .text.ADC_Enable
                0x0000000008005428      0x10c ./Drivers/STM32L4xx_HAL_Driver/Src/stm32l4xx_hal_adc.o
                0x0000000008005428                ADC_Enable
 .text.ADC_Disable
                0x0000000008005534       0xbe ./Drivers/STM32L4xx_HAL_Driver/Src/stm32l4xx_hal_adc.o
                0x0000000008005534                ADC_Disable
 .text.ADC_DMAConvCplt
                0x00000000080055f2       0xd8 ./Drivers/STM32L4xx_HAL_Driver/Src/stm32l4xx_hal_adc.o
                0x00000000080055f2                ADC_DMAConvCplt
 .text.ADC_DMAHalfConvCplt
                0x00000000080056ca       0x1c ./Drivers/STM32L4xx_HAL_Driver/Src/stm32l4xx_hal_adc.o
                0x00000000080056ca                ADC_DMAHalfConvCplt
 .text.ADC_DMAError
                0x00000000080056e6       0x34 ./Drivers/STM32L4xx_HAL_Driver/Src/stm32l4xx_hal_adc.o
                0x00000000080056e6                ADC_DMAError
 .text.LL_ADC_StartCalibration
                0x000000000800571a       0x32 ./Drivers/STM32L4xx_HAL_Driver/Src/stm32l4xx_hal_adc_ex.o
 .text.LL_ADC_IsCalibrationOnGoing
                0x000000000800574c       0x28 ./Drivers/STM32L4xx_HAL_Driver/Src/stm32l4xx_hal_adc_ex.o
 .text.HAL_ADCEx_Calibration_Start
                0x0000000008005774       0xc0 ./Drivers/STM32L4xx_HAL_Driver/Src/stm32l4xx_hal_adc_ex.o
                0x0000000008005774                HAL_ADCEx_Calibration_Start
 .text.__NVIC_SetPriorityGrouping
                0x0000000008005834       0x48 ./Drivers/STM32L4xx_HAL_Driver/Src/stm32l4xx_hal_cortex.o
 .text.__NVIC_GetPriorityGrouping
                0x000000000800587c       0x1c ./Drivers/STM32L4xx_HAL_Driver/Src/stm32l4xx_hal_cortex.o
 .text.__NVIC_EnableIRQ
                0x0000000008005898       0x3c ./Drivers/STM32L4xx_HAL_Driver/Src/stm32l4xx_hal_cortex.o
 .text.__NVIC_SetPriority
                0x00000000080058d4       0x54 ./Drivers/STM32L4xx_HAL_Driver/Src/stm32l4xx_hal_cortex.o
 .text.NVIC_EncodePriority
                0x0000000008005928       0x66 ./Drivers/STM32L4xx_HAL_Driver/Src/stm32l4xx_hal_cortex.o
 *fill*         0x000000000800598e        0x2 
 .text.SysTick_Config
                0x0000000008005990       0x44 ./Drivers/STM32L4xx_HAL_Driver/Src/stm32l4xx_hal_cortex.o
 .text.HAL_NVIC_SetPriorityGrouping
                0x00000000080059d4       0x16 ./Drivers/STM32L4xx_HAL_Driver/Src/stm32l4xx_hal_cortex.o
                0x00000000080059d4                HAL_NVIC_SetPriorityGrouping
 .text.HAL_NVIC_SetPriority
                0x00000000080059ea       0x38 ./Drivers/STM32L4xx_HAL_Driver/Src/stm32l4xx_hal_cortex.o
                0x00000000080059ea                HAL_NVIC_SetPriority
 .text.HAL_NVIC_EnableIRQ
                0x0000000008005a22       0x1c ./Drivers/STM32L4xx_HAL_Driver/Src/stm32l4xx_hal_cortex.o
                0x0000000008005a22                HAL_NVIC_EnableIRQ
 .text.HAL_SYSTICK_Config
                0x0000000008005a3e       0x18 ./Drivers/STM32L4xx_HAL_Driver/Src/stm32l4xx_hal_cortex.o
                0x0000000008005a3e                HAL_SYSTICK_Config
 *fill*         0x0000000008005a56        0x2 
 .text.HAL_DMA_Init
                0x0000000008005a58      0x170 ./Drivers/STM32L4xx_HAL_Driver/Src/stm32l4xx_hal_dma.o
                0x0000000008005a58                HAL_DMA_Init
 .text.HAL_DMA_Start_IT
                0x0000000008005bc8       0xc0 ./Drivers/STM32L4xx_HAL_Driver/Src/stm32l4xx_hal_dma.o
                0x0000000008005bc8                HAL_DMA_Start_IT
 .text.HAL_DMA_Abort
                0x0000000008005c88       0x7c ./Drivers/STM32L4xx_HAL_Driver/Src/stm32l4xx_hal_dma.o
                0x0000000008005c88                HAL_DMA_Abort
 .text.HAL_DMA_Abort_IT
                0x0000000008005d04       0x82 ./Drivers/STM32L4xx_HAL_Driver/Src/stm32l4xx_hal_dma.o
                0x0000000008005d04                HAL_DMA_Abort_IT
 .text.HAL_DMA_IRQHandler
                0x0000000008005d86      0x15e ./Drivers/STM32L4xx_HAL_Driver/Src/stm32l4xx_hal_dma.o
                0x0000000008005d86                HAL_DMA_IRQHandler
 .text.DMA_SetConfig
                0x0000000008005ee4       0x60 ./Drivers/STM32L4xx_HAL_Driver/Src/stm32l4xx_hal_dma.o
 .text.HAL_GPIO_Init
                0x0000000008005f44      0x2d4 ./Drivers/STM32L4xx_HAL_Driver/Src/stm32l4xx_hal_gpio.o
                0x0000000008005f44                HAL_GPIO_Init
 .text.HAL_GPIO_WritePin
                0x0000000008006218       0x30 ./Drivers/STM32L4xx_HAL_Driver/Src/stm32l4xx_hal_gpio.o
                0x0000000008006218                HAL_GPIO_WritePin
 .text.HAL_PWR_EnableBkUpAccess
                0x0000000008006248       0x20 ./Drivers/STM32L4xx_HAL_Driver/Src/stm32l4xx_hal_pwr.o
                0x0000000008006248                HAL_PWR_EnableBkUpAccess
 .text.HAL_PWR_EnterSLEEPMode
                0x0000000008006268       0x68 ./Drivers/STM32L4xx_HAL_Driver/Src/stm32l4xx_hal_pwr.o
                0x0000000008006268                HAL_PWR_EnterSLEEPMode
 .text.HAL_PWREx_GetVoltageRange
                0x00000000080062d0       0x1c ./Drivers/STM32L4xx_HAL_Driver/Src/stm32l4xx_hal_pwr_ex.o
                0x00000000080062d0                HAL_PWREx_GetVoltageRange
 .text.HAL_PWREx_ControlVoltageScaling
                0x00000000080062ec       0xac ./Drivers/STM32L4xx_HAL_Driver/Src/stm32l4xx_hal_pwr_ex.o
                0x00000000080062ec                HAL_PWREx_ControlVoltageScaling
 .text.HAL_PWREx_EnableLowPowerRunMode
                0x0000000008006398       0x20 ./Drivers/STM32L4xx_HAL_Driver/Src/stm32l4xx_hal_pwr_ex.o
                0x0000000008006398                HAL_PWREx_EnableLowPowerRunMode
 .text.HAL_PWREx_DisableLowPowerRunMode
                0x00000000080063b8       0x70 ./Drivers/STM32L4xx_HAL_Driver/Src/stm32l4xx_hal_pwr_ex.o
                0x00000000080063b8                HAL_PWREx_DisableLowPowerRunMode
 .text.HAL_PWREx_EnterSTOP2Mode
                0x0000000008006428       0x58 ./Drivers/STM32L4xx_HAL_Driver/Src/stm32l4xx_hal_pwr_ex.o
                0x0000000008006428                HAL_PWREx_EnterSTOP2Mode
 .text.HAL_RCC_OscConfig
                0x0000000008006480      0x828 ./Drivers/STM32L4xx_HAL_Driver/Src/stm32l4xx_hal_rcc.o
                0x0000000008006480                HAL_RCC_OscConfig
 .text.HAL_RCC_ClockConfig
                0x0000000008006ca8      0x200 ./Drivers/STM32L4xx_HAL_Driver/Src/stm32l4xx_hal_rcc.o
                0x0000000008006ca8                HAL_RCC_ClockConfig
 .text.HAL_RCC_GetSysClockFreq
                0x0000000008006ea8      0x118 ./Drivers/STM32L4xx_HAL_Driver/Src/stm32l4xx_hal_rcc.o
                0x0000000008006ea8                HAL_RCC_GetSysClockFreq
 .text.RCC_SetFlashLatencyFromMSIRange
                0x0000000008006fc0       0xc0 ./Drivers/STM32L4xx_HAL_Driver/Src/stm32l4xx_hal_rcc.o
 .text.HAL_RCCEx_PeriphCLKConfig
                0x0000000008007080      0x3ec ./Drivers/STM32L4xx_HAL_Driver/Src/stm32l4xx_hal_rcc_ex.o
                0x0000000008007080                HAL_RCCEx_PeriphCLKConfig
 .text.HAL_RCCEx_EnableMSIPLLMode
                0x000000000800746c       0x20 ./Drivers/STM32L4xx_HAL_Driver/Src/stm32l4xx_hal_rcc_ex.o
                0x000000000800746c                HAL_RCCEx_EnableMSIPLLMode
 .text.RCCEx_PLLSAI1_Config
                0x000000000800748c      0x1e4 ./Drivers/STM32L4xx_HAL_Driver/Src/stm32l4xx_hal_rcc_ex.o
 .text.HAL_RTC_Init
                0x0000000008007670       0xf6 ./Drivers/STM32L4xx_HAL_Driver/Src/stm32l4xx_hal_rtc.o
                0x0000000008007670                HAL_RTC_Init
 .text.HAL_RTC_SetTime
                0x0000000008007766      0x13a ./Drivers/STM32L4xx_HAL_Driver/Src/stm32l4xx_hal_rtc.o
                0x0000000008007766                HAL_RTC_SetTime
 .text.HAL_RTC_GetTime
                0x00000000080078a0       0xb8 ./Drivers/STM32L4xx_HAL_Driver/Src/stm32l4xx_hal_rtc.o
                0x00000000080078a0                HAL_RTC_GetTime
 .text.HAL_RTC_SetDate
                0x0000000008007958      0x10e ./Drivers/STM32L4xx_HAL_Driver/Src/stm32l4xx_hal_rtc.o
                0x0000000008007958                HAL_RTC_SetDate
 .text.HAL_RTC_GetDate
                0x0000000008007a66       0x9a ./Drivers/STM32L4xx_HAL_Driver/Src/stm32l4xx_hal_rtc.o
                0x0000000008007a66                HAL_RTC_GetDate
 .text.HAL_RTC_WaitForSynchro
                0x0000000008007b00       0x4c ./Drivers/STM32L4xx_HAL_Driver/Src/stm32l4xx_hal_rtc.o
                0x0000000008007b00                HAL_RTC_WaitForSynchro
 .text.RTC_EnterInitMode
                0x0000000008007b4c       0x66 ./Drivers/STM32L4xx_HAL_Driver/Src/stm32l4xx_hal_rtc.o
                0x0000000008007b4c                RTC_EnterInitMode
 *fill*         0x0000000008007bb2        0x2 
 .text.RTC_ExitInitMode
                0x0000000008007bb4       0x7c ./Drivers/STM32L4xx_HAL_Driver/Src/stm32l4xx_hal_rtc.o
                0x0000000008007bb4                RTC_ExitInitMode
 .text.RTC_ByteToBcd2
                0x0000000008007c30       0x40 ./Drivers/STM32L4xx_HAL_Driver/Src/stm32l4xx_hal_rtc.o
                0x0000000008007c30                RTC_ByteToBcd2
 .text.RTC_Bcd2ToByte
                0x0000000008007c70       0x34 ./Drivers/STM32L4xx_HAL_Driver/Src/stm32l4xx_hal_rtc.o
                0x0000000008007c70                RTC_Bcd2ToByte
 .text.HAL_RTCEx_SetWakeUpTimer_IT
                0x0000000008007ca4      0x128 ./Drivers/STM32L4xx_HAL_Driver/Src/stm32l4xx_hal_rtc_ex.o
                0x0000000008007ca4                HAL_RTCEx_SetWakeUpTimer_IT
 .text.HAL_RTCEx_WakeUpTimerIRQHandler
                0x0000000008007dcc       0x4c ./Drivers/STM32L4xx_HAL_Driver/Src/stm32l4xx_hal_rtc_ex.o
                0x0000000008007dcc                HAL_RTCEx_WakeUpTimerIRQHandler
 .text.HAL_SPI_Init
                0x0000000008007e18      0x146 ./Drivers/STM32L4xx_HAL_Driver/Src/stm32l4xx_hal_spi.o
                0x0000000008007e18                HAL_SPI_Init
 .text.HAL_SPI_Transmit
                0x0000000008007f5e      0x2dc ./Drivers/STM32L4xx_HAL_Driver/Src/stm32l4xx_hal_spi.o
                0x0000000008007f5e                HAL_SPI_Transmit
 *fill*         0x000000000800823a        0x2 
 .text.HAL_SPI_Transmit_DMA
                0x000000000800823c      0x1e8 ./Drivers/STM32L4xx_HAL_Driver/Src/stm32l4xx_hal_spi.o
                0x000000000800823c                HAL_SPI_Transmit_DMA
 .text.HAL_SPI_IRQHandler
                0x0000000008008424      0x200 ./Drivers/STM32L4xx_HAL_Driver/Src/stm32l4xx_hal_spi.o
                0x0000000008008424                HAL_SPI_IRQHandler
 .text.HAL_SPI_TxHalfCpltCallback
                0x0000000008008624       0x14 ./Drivers/STM32L4xx_HAL_Driver/Src/stm32l4xx_hal_spi.o
                0x0000000008008624                HAL_SPI_TxHalfCpltCallback
 .text.HAL_SPI_ErrorCallback
                0x0000000008008638       0x14 ./Drivers/STM32L4xx_HAL_Driver/Src/stm32l4xx_hal_spi.o
                0x0000000008008638                HAL_SPI_ErrorCallback
 .text.SPI_DMATransmitCplt
                0x000000000800864c       0xa6 ./Drivers/STM32L4xx_HAL_Driver/Src/stm32l4xx_hal_spi.o
 .text.SPI_DMAHalfTransmitCplt
                0x00000000080086f2       0x1c ./Drivers/STM32L4xx_HAL_Driver/Src/stm32l4xx_hal_spi.o
 .text.SPI_DMAError
                0x000000000800870e       0x40 ./Drivers/STM32L4xx_HAL_Driver/Src/stm32l4xx_hal_spi.o
 .text.SPI_DMAAbortOnError
                0x000000000800874e       0x2a ./Drivers/STM32L4xx_HAL_Driver/Src/stm32l4xx_hal_spi.o
 .text.SPI_WaitFlagStateUntilTimeout
                0x0000000008008778      0x110 ./Drivers/STM32L4xx_HAL_Driver/Src/stm32l4xx_hal_spi.o
 .text.SPI_WaitFifoStateUntilTimeout
                0x0000000008008888      0x12c ./Drivers/STM32L4xx_HAL_Driver/Src/stm32l4xx_hal_spi.o
 .text.SPI_EndRxTxTransaction
                0x00000000080089b4       0x8c ./Drivers/STM32L4xx_HAL_Driver/Src/stm32l4xx_hal_spi.o
 .text.LL_GPIO_SetPinMode
                0x0000000008008a40       0x7a ./Drivers/STM32L4xx_HAL_Driver/Src/stm32l4xx_ll_gpio.o
 .text.LL_GPIO_SetPinOutputType
                0x0000000008008aba       0x30 ./Drivers/STM32L4xx_HAL_Driver/Src/stm32l4xx_ll_gpio.o
 .text.LL_GPIO_SetPinSpeed
                0x0000000008008aea       0x7a ./Drivers/STM32L4xx_HAL_Driver/Src/stm32l4xx_ll_gpio.o
 .text.LL_GPIO_SetPinPull
                0x0000000008008b64       0x7a ./Drivers/STM32L4xx_HAL_Driver/Src/stm32l4xx_ll_gpio.o
 .text.LL_GPIO_SetAFPin_0_7
                0x0000000008008bde       0x7a ./Drivers/STM32L4xx_HAL_Driver/Src/stm32l4xx_ll_gpio.o
 .text.LL_GPIO_SetAFPin_8_15
                0x0000000008008c58       0x7e ./Drivers/STM32L4xx_HAL_Driver/Src/stm32l4xx_ll_gpio.o
 .text.LL_GPIO_Init
                0x0000000008008cd6       0xdc ./Drivers/STM32L4xx_HAL_Driver/Src/stm32l4xx_ll_gpio.o
                0x0000000008008cd6                LL_GPIO_Init
 .text.LL_LPUART_IsEnabled
                0x0000000008008db2       0x26 ./Drivers/STM32L4xx_HAL_Driver/Src/stm32l4xx_ll_lpuart.o
 .text.LL_LPUART_SetStopBitsLength
                0x0000000008008dd8       0x26 ./Drivers/STM32L4xx_HAL_Driver/Src/stm32l4xx_ll_lpuart.o
 .text.LL_LPUART_SetHWFlowCtrl
                0x0000000008008dfe       0x26 ./Drivers/STM32L4xx_HAL_Driver/Src/stm32l4xx_ll_lpuart.o
 .text.LL_LPUART_SetBaudRate
                0x0000000008008e24       0x6a ./Drivers/STM32L4xx_HAL_Driver/Src/stm32l4xx_ll_lpuart.o
 *fill*         0x0000000008008e8e        0x2 
 .text.LL_APB1_GRP2_ForceReset
                0x0000000008008e90       0x24 ./Drivers/STM32L4xx_HAL_Driver/Src/stm32l4xx_ll_lpuart.o
 .text.LL_APB1_GRP2_ReleaseReset
                0x0000000008008eb4       0x28 ./Drivers/STM32L4xx_HAL_Driver/Src/stm32l4xx_ll_lpuart.o
 .text.LL_LPUART_DeInit
                0x0000000008008edc       0x34 ./Drivers/STM32L4xx_HAL_Driver/Src/stm32l4xx_ll_lpuart.o
                0x0000000008008edc                LL_LPUART_DeInit
 .text.LL_LPUART_Init
                0x0000000008008f10       0x88 ./Drivers/STM32L4xx_HAL_Driver/Src/stm32l4xx_ll_lpuart.o
                0x0000000008008f10                LL_LPUART_Init
 .text.LL_RCC_HSI_IsReady
                0x0000000008008f98       0x28 ./Drivers/STM32L4xx_HAL_Driver/Src/stm32l4xx_ll_rcc.o
 .text.LL_RCC_LSE_IsReady
                0x0000000008008fc0       0x28 ./Drivers/STM32L4xx_HAL_Driver/Src/stm32l4xx_ll_rcc.o
 .text.LL_RCC_MSI_IsEnabledRangeSelect
                0x0000000008008fe8       0x24 ./Drivers/STM32L4xx_HAL_Driver/Src/stm32l4xx_ll_rcc.o
 .text.LL_RCC_MSI_GetRange
                0x000000000800900c       0x1c ./Drivers/STM32L4xx_HAL_Driver/Src/stm32l4xx_ll_rcc.o
 .text.LL_RCC_MSI_GetRangeAfterStandby
                0x0000000008009028       0x1c ./Drivers/STM32L4xx_HAL_Driver/Src/stm32l4xx_ll_rcc.o
 .text.LL_RCC_GetSysClkSource
                0x0000000008009044       0x1c ./Drivers/STM32L4xx_HAL_Driver/Src/stm32l4xx_ll_rcc.o
 .text.LL_RCC_GetAHBPrescaler
                0x0000000008009060       0x1c ./Drivers/STM32L4xx_HAL_Driver/Src/stm32l4xx_ll_rcc.o
 .text.LL_RCC_GetAPB1Prescaler
                0x000000000800907c       0x1c ./Drivers/STM32L4xx_HAL_Driver/Src/stm32l4xx_ll_rcc.o
 .text.LL_RCC_GetLPUARTClockSource
                0x0000000008009098       0x24 ./Drivers/STM32L4xx_HAL_Driver/Src/stm32l4xx_ll_rcc.o
 .text.LL_RCC_PLL_GetMainSource
                0x00000000080090bc       0x1c ./Drivers/STM32L4xx_HAL_Driver/Src/stm32l4xx_ll_rcc.o
 .text.LL_RCC_PLL_GetN
                0x00000000080090d8       0x1c ./Drivers/STM32L4xx_HAL_Driver/Src/stm32l4xx_ll_rcc.o
 .text.LL_RCC_PLL_GetR
                0x00000000080090f4       0x1c ./Drivers/STM32L4xx_HAL_Driver/Src/stm32l4xx_ll_rcc.o
 .text.LL_RCC_PLL_GetDivider
                0x0000000008009110       0x1c ./Drivers/STM32L4xx_HAL_Driver/Src/stm32l4xx_ll_rcc.o
 .text.LL_RCC_GetLPUARTClockFreq
                0x000000000800912c       0x90 ./Drivers/STM32L4xx_HAL_Driver/Src/stm32l4xx_ll_rcc.o
                0x000000000800912c                LL_RCC_GetLPUARTClockFreq
 .text.RCC_GetSystemClockFreq
                0x00000000080091bc      0x120 ./Drivers/STM32L4xx_HAL_Driver/Src/stm32l4xx_ll_rcc.o
 .text.RCC_GetHCLKClockFreq
                0x00000000080092dc       0x2c ./Drivers/STM32L4xx_HAL_Driver/Src/stm32l4xx_ll_rcc.o
 .text.RCC_GetPCLK1ClockFreq
                0x0000000008009308       0x28 ./Drivers/STM32L4xx_HAL_Driver/Src/stm32l4xx_ll_rcc.o
 .text.RCC_PLL_GetFreqDomain_SYS
                0x0000000008009330      0x118 ./Drivers/STM32L4xx_HAL_Driver/Src/stm32l4xx_ll_rcc.o
 .text.LCD_Power
                0x0000000008009448       0xe0 ./Drivers/SharpMemLCD/LS013B7DH03.o
                0x0000000008009448                LCD_Power
 .text.lcd_SetCursor
                0x0000000008009528       0x34 ./Drivers/SharpMemLCD/LS013B7DH03.o
                0x0000000008009528                lcd_SetCursor
 .text.lcd_SetFont
                0x000000000800955c       0x20 ./Drivers/SharpMemLCD/LS013B7DH03.o
                0x000000000800955c                lcd_SetFont
 .text.lcd_writeChar
                0x000000000800957c      0x118 ./Drivers/SharpMemLCD/LS013B7DH03.o
 .text.lcd_print
                0x0000000008009694       0x5c ./Drivers/SharpMemLCD/LS013B7DH03.o
                0x0000000008009694                lcd_print
 .text.lcd_print_char
                0x00000000080096f0       0x40 ./Drivers/SharpMemLCD/LS013B7DH03.o
                0x00000000080096f0                lcd_print_char
 .text.lcd_drawPixel
                0x0000000008009730       0xec ./Drivers/SharpMemLCD/LS013B7DH03.o
                0x0000000008009730                lcd_drawPixel
 .text.lcd_drawLine
                0x000000000800981c       0x84 ./Drivers/SharpMemLCD/LS013B7DH03.o
                0x000000000800981c                lcd_drawLine
 .text.lcd_clearLines
                0x00000000080098a0       0x70 ./Drivers/SharpMemLCD/LS013B7DH03.o
                0x00000000080098a0                lcd_clearLines
 .text.lcd_clear
                0x0000000008009910       0xc4 ./Drivers/SharpMemLCD/LS013B7DH03.o
 .text.lcd_draw
                0x00000000080099d4       0x68 ./Drivers/SharpMemLCD/LS013B7DH03.o
                0x00000000080099d4                lcd_draw
 .text.lcd_hasData
                0x0000000008009a3c       0x48 ./Drivers/SharpMemLCD/LS013B7DH03.o
 .text.lcd_DoTX
                0x0000000008009a84       0xc0 ./Drivers/SharpMemLCD/LS013B7DH03.o
 .text.HAL_SPI_TxCpltCallback
                0x0000000008009b44       0x44 ./Drivers/SharpMemLCD/LS013B7DH03.o
                0x0000000008009b44                HAL_SPI_TxCpltCallback
 .text.__errno  0x0000000008009b88        0xc c:/st/stm32cubeide_1.8.0/stm32cubeide/plugins/com.st.stm32cube.ide.mcu.externaltools.gnu-tools-for-stm32.10.3-2021.10.win32_1.0.200.202301161003/tools/bin/../lib/gcc/arm-none-eabi/10.3.1/../../../../arm-none-eabi/lib/thumb/v7e-m+fp/hard\libc_nano.a(lib_a-errno.o)
                0x0000000008009b88                __errno
 .text.__libc_init_array
                0x0000000008009b94       0x48 c:/st/stm32cubeide_1.8.0/stm32cubeide/plugins/com.st.stm32cube.ide.mcu.externaltools.gnu-tools-for-stm32.10.3-2021.10.win32_1.0.200.202301161003/tools/bin/../lib/gcc/arm-none-eabi/10.3.1/../../../../arm-none-eabi/lib/thumb/v7e-m+fp/hard\libc_nano.a(lib_a-init.o)
                0x0000000008009b94                __libc_init_array
 .text.memcpy   0x0000000008009bdc       0x1c c:/st/stm32cubeide_1.8.0/stm32cubeide/plugins/com.st.stm32cube.ide.mcu.externaltools.gnu-tools-for-stm32.10.3-2021.10.win32_1.0.200.202301161003/tools/bin/../lib/gcc/arm-none-eabi/10.3.1/../../../../arm-none-eabi/lib/thumb/v7e-m+fp/hard\libc_nano.a(lib_a-memcpy-stub.o)
                0x0000000008009bdc                memcpy
 .text.memset   0x0000000008009bf8       0x10 c:/st/stm32cubeide_1.8.0/stm32cubeide/plugins/com.st.stm32cube.ide.mcu.externaltools.gnu-tools-for-stm32.10.3-2021.10.win32_1.0.200.202301161003/tools/bin/../lib/gcc/arm-none-eabi/10.3.1/../../../../arm-none-eabi/lib/thumb/v7e-m+fp/hard\libc_nano.a(lib_a-memset.o)
                0x0000000008009bf8                memset
 .text.__cvt    0x0000000008009c08       0xc4 c:/st/stm32cubeide_1.8.0/stm32cubeide/plugins/com.st.stm32cube.ide.mcu.externaltools.gnu-tools-for-stm32.10.3-2021.10.win32_1.0.200.202301161003/tools/bin/../lib/gcc/arm-none-eabi/10.3.1/../../../../arm-none-eabi/lib/thumb/v7e-m+fp/hard\libc_nano.a(lib_a-nano-vfprintf_float.o)
                0x0000000008009c08                __cvt
 .text.__exponent
                0x0000000008009ccc       0x7c c:/st/stm32cubeide_1.8.0/stm32cubeide/plugins/com.st.stm32cube.ide.mcu.externaltools.gnu-tools-for-stm32.10.3-2021.10.win32_1.0.200.202301161003/tools/bin/../lib/gcc/arm-none-eabi/10.3.1/../../../../arm-none-eabi/lib/thumb/v7e-m+fp/hard\libc_nano.a(lib_a-nano-vfprintf_float.o)
                0x0000000008009ccc                __exponent
 .text._printf_float
                0x0000000008009d48      0x46c c:/st/stm32cubeide_1.8.0/stm32cubeide/plugins/com.st.stm32cube.ide.mcu.externaltools.gnu-tools-for-stm32.10.3-2021.10.win32_1.0.200.202301161003/tools/bin/../lib/gcc/arm-none-eabi/10.3.1/../../../../arm-none-eabi/lib/thumb/v7e-m+fp/hard\libc_nano.a(lib_a-nano-vfprintf_float.o)
                0x0000000008009d48                _printf_float
 .text._printf_common
                0x000000000800a1b4       0xda c:/st/stm32cubeide_1.8.0/stm32cubeide/plugins/com.st.stm32cube.ide.mcu.externaltools.gnu-tools-for-stm32.10.3-2021.10.win32_1.0.200.202301161003/tools/bin/../lib/gcc/arm-none-eabi/10.3.1/../../../../arm-none-eabi/lib/thumb/v7e-m+fp/hard\libc_nano.a(lib_a-nano-vfprintf_i.o)
                0x000000000800a1b4                _printf_common
 *fill*         0x000000000800a28e        0x2 
 .text._printf_i
                0x000000000800a290      0x24c c:/st/stm32cubeide_1.8.0/stm32cubeide/plugins/com.st.stm32cube.ide.mcu.externaltools.gnu-tools-for-stm32.10.3-2021.10.win32_1.0.200.202301161003/tools/bin/../lib/gcc/arm-none-eabi/10.3.1/../../../../arm-none-eabi/lib/thumb/v7e-m+fp/hard\libc_nano.a(lib_a-nano-vfprintf_i.o)
                0x000000000800a290                _printf_i
 .text.quorem   0x000000000800a4dc      0x116 c:/st/stm32cubeide_1.8.0/stm32cubeide/plugins/com.st.stm32cube.ide.mcu.externaltools.gnu-tools-for-stm32.10.3-2021.10.win32_1.0.200.202301161003/tools/bin/../lib/gcc/arm-none-eabi/10.3.1/../../../../arm-none-eabi/lib/thumb/v7e-m+fp/hard\libc_nano.a(lib_a-dtoa.o)
 *fill*         0x000000000800a5f2        0x6 
 .text._dtoa_r  0x000000000800a5f8      0xbdc c:/st/stm32cubeide_1.8.0/stm32cubeide/plugins/com.st.stm32cube.ide.mcu.externaltools.gnu-tools-for-stm32.10.3-2021.10.win32_1.0.200.202301161003/tools/bin/../lib/gcc/arm-none-eabi/10.3.1/../../../../arm-none-eabi/lib/thumb/v7e-m+fp/hard\libc_nano.a(lib_a-dtoa.o)
                0x000000000800a5f8                _dtoa_r
 .text._localeconv_r
                0x000000000800b1d4        0x8 c:/st/stm32cubeide_1.8.0/stm32cubeide/plugins/com.st.stm32cube.ide.mcu.externaltools.gnu-tools-for-stm32.10.3-2021.10.win32_1.0.200.202301161003/tools/bin/../lib/gcc/arm-none-eabi/10.3.1/../../../../arm-none-eabi/lib/thumb/v7e-m+fp/hard\libc_nano.a(lib_a-localeconv.o)
                0x000000000800b1d4                _localeconv_r
 .text.malloc   0x000000000800b1dc       0x10 c:/st/stm32cubeide_1.8.0/stm32cubeide/plugins/com.st.stm32cube.ide.mcu.externaltools.gnu-tools-for-stm32.10.3-2021.10.win32_1.0.200.202301161003/tools/bin/../lib/gcc/arm-none-eabi/10.3.1/../../../../arm-none-eabi/lib/thumb/v7e-m+fp/hard\libc_nano.a(lib_a-malloc.o)
                0x000000000800b1dc                malloc
 .text._Balloc  0x000000000800b1ec       0x80 c:/st/stm32cubeide_1.8.0/stm32cubeide/plugins/com.st.stm32cube.ide.mcu.externaltools.gnu-tools-for-stm32.10.3-2021.10.win32_1.0.200.202301161003/tools/bin/../lib/gcc/arm-none-eabi/10.3.1/../../../../arm-none-eabi/lib/thumb/v7e-m+fp/hard\libc_nano.a(lib_a-mprec.o)
                0x000000000800b1ec                _Balloc
 .text._Bfree   0x000000000800b26c       0x44 c:/st/stm32cubeide_1.8.0/stm32cubeide/plugins/com.st.stm32cube.ide.mcu.externaltools.gnu-tools-for-stm32.10.3-2021.10.win32_1.0.200.202301161003/tools/bin/../lib/gcc/arm-none-eabi/10.3.1/../../../../arm-none-eabi/lib/thumb/v7e-m+fp/hard\libc_nano.a(lib_a-mprec.o)
                0x000000000800b26c                _Bfree
 .text.__multadd
                0x000000000800b2b0       0x8c c:/st/stm32cubeide_1.8.0/stm32cubeide/plugins/com.st.stm32cube.ide.mcu.externaltools.gnu-tools-for-stm32.10.3-2021.10.win32_1.0.200.202301161003/tools/bin/../lib/gcc/arm-none-eabi/10.3.1/../../../../arm-none-eabi/lib/thumb/v7e-m+fp/hard\libc_nano.a(lib_a-mprec.o)
                0x000000000800b2b0                __multadd
 .text.__hi0bits
                0x000000000800b33c       0x40 c:/st/stm32cubeide_1.8.0/stm32cubeide/plugins/com.st.stm32cube.ide.mcu.externaltools.gnu-tools-for-stm32.10.3-2021.10.win32_1.0.200.202301161003/tools/bin/../lib/gcc/arm-none-eabi/10.3.1/../../../../arm-none-eabi/lib/thumb/v7e-m+fp/hard\libc_nano.a(lib_a-mprec.o)
                0x000000000800b33c                __hi0bits
 .text.__lo0bits
                0x000000000800b37c       0x5e c:/st/stm32cubeide_1.8.0/stm32cubeide/plugins/com.st.stm32cube.ide.mcu.externaltools.gnu-tools-for-stm32.10.3-2021.10.win32_1.0.200.202301161003/tools/bin/../lib/gcc/arm-none-eabi/10.3.1/../../../../arm-none-eabi/lib/thumb/v7e-m+fp/hard\libc_nano.a(lib_a-mprec.o)
                0x000000000800b37c                __lo0bits
 *fill*         0x000000000800b3da        0x2 
 .text.__i2b    0x000000000800b3dc       0x2c c:/st/stm32cubeide_1.8.0/stm32cubeide/plugins/com.st.stm32cube.ide.mcu.externaltools.gnu-tools-for-stm32.10.3-2021.10.win32_1.0.200.202301161003/tools/bin/../lib/gcc/arm-none-eabi/10.3.1/../../../../arm-none-eabi/lib/thumb/v7e-m+fp/hard\libc_nano.a(lib_a-mprec.o)
                0x000000000800b3dc                __i2b
 .text.__multiply
                0x000000000800b408      0x154 c:/st/stm32cubeide_1.8.0/stm32cubeide/plugins/com.st.stm32cube.ide.mcu.externaltools.gnu-tools-for-stm32.10.3-2021.10.win32_1.0.200.202301161003/tools/bin/../lib/gcc/arm-none-eabi/10.3.1/../../../../arm-none-eabi/lib/thumb/v7e-m+fp/hard\libc_nano.a(lib_a-mprec.o)
                0x000000000800b408                __multiply
 .text.__pow5mult
                0x000000000800b55c       0xb4 c:/st/stm32cubeide_1.8.0/stm32cubeide/plugins/com.st.stm32cube.ide.mcu.externaltools.gnu-tools-for-stm32.10.3-2021.10.win32_1.0.200.202301161003/tools/bin/../lib/gcc/arm-none-eabi/10.3.1/../../../../arm-none-eabi/lib/thumb/v7e-m+fp/hard\libc_nano.a(lib_a-mprec.o)
                0x000000000800b55c                __pow5mult
 .text.__lshift
                0x000000000800b610       0xe0 c:/st/stm32cubeide_1.8.0/stm32cubeide/plugins/com.st.stm32cube.ide.mcu.externaltools.gnu-tools-for-stm32.10.3-2021.10.win32_1.0.200.202301161003/tools/bin/../lib/gcc/arm-none-eabi/10.3.1/../../../../arm-none-eabi/lib/thumb/v7e-m+fp/hard\libc_nano.a(lib_a-mprec.o)
                0x000000000800b610                __lshift
 .text.__mcmp   0x000000000800b6f0       0x38 c:/st/stm32cubeide_1.8.0/stm32cubeide/plugins/com.st.stm32cube.ide.mcu.externaltools.gnu-tools-for-stm32.10.3-2021.10.win32_1.0.200.202301161003/tools/bin/../lib/gcc/arm-none-eabi/10.3.1/../../../../arm-none-eabi/lib/thumb/v7e-m+fp/hard\libc_nano.a(lib_a-mprec.o)
                0x000000000800b6f0                __mcmp
 .text.__mdiff  0x000000000800b728      0x114 c:/st/stm32cubeide_1.8.0/stm32cubeide/plugins/com.st.stm32cube.ide.mcu.externaltools.gnu-tools-for-stm32.10.3-2021.10.win32_1.0.200.202301161003/tools/bin/../lib/gcc/arm-none-eabi/10.3.1/../../../../arm-none-eabi/lib/thumb/v7e-m+fp/hard\libc_nano.a(lib_a-mprec.o)
                0x000000000800b728                __mdiff
 .text.__d2b    0x000000000800b83c       0xb8 c:/st/stm32cubeide_1.8.0/stm32cubeide/plugins/com.st.stm32cube.ide.mcu.externaltools.gnu-tools-for-stm32.10.3-2021.10.win32_1.0.200.202301161003/tools/bin/../lib/gcc/arm-none-eabi/10.3.1/../../../../arm-none-eabi/lib/thumb/v7e-m+fp/hard\libc_nano.a(lib_a-mprec.o)
                0x000000000800b83c                __d2b
 .text._calloc_r
                0x000000000800b8f4       0x2c c:/st/stm32cubeide_1.8.0/stm32cubeide/plugins/com.st.stm32cube.ide.mcu.externaltools.gnu-tools-for-stm32.10.3-2021.10.win32_1.0.200.202301161003/tools/bin/../lib/gcc/arm-none-eabi/10.3.1/../../../../arm-none-eabi/lib/thumb/v7e-m+fp/hard\libc_nano.a(lib_a-nano-callocr.o)
                0x000000000800b8f4                _calloc_r
 .text._free_r  0x000000000800b920       0x98 c:/st/stm32cubeide_1.8.0/stm32cubeide/plugins/com.st.stm32cube.ide.mcu.externaltools.gnu-tools-for-stm32.10.3-2021.10.win32_1.0.200.202301161003/tools/bin/../lib/gcc/arm-none-eabi/10.3.1/../../../../arm-none-eabi/lib/thumb/v7e-m+fp/hard\libc_nano.a(lib_a-nano-freer.o)
                0x000000000800b920                _free_r
 .text.sbrk_aligned
                0x000000000800b9b8       0x40 c:/st/stm32cubeide_1.8.0/stm32cubeide/plugins/com.st.stm32cube.ide.mcu.externaltools.gnu-tools-for-stm32.10.3-2021.10.win32_1.0.200.202301161003/tools/bin/../lib/gcc/arm-none-eabi/10.3.1/../../../../arm-none-eabi/lib/thumb/v7e-m+fp/hard\libc_nano.a(lib_a-nano-mallocr.o)
 .text._malloc_r
                0x000000000800b9f8       0xe8 c:/st/stm32cubeide_1.8.0/stm32cubeide/plugins/com.st.stm32cube.ide.mcu.externaltools.gnu-tools-for-stm32.10.3-2021.10.win32_1.0.200.202301161003/tools/bin/../lib/gcc/arm-none-eabi/10.3.1/../../../../arm-none-eabi/lib/thumb/v7e-m+fp/hard\libc_nano.a(lib_a-nano-mallocr.o)
                0x000000000800b9f8                _malloc_r
 .text._sbrk_r  0x000000000800bae0       0x20 c:/st/stm32cubeide_1.8.0/stm32cubeide/plugins/com.st.stm32cube.ide.mcu.externaltools.gnu-tools-for-stm32.10.3-2021.10.win32_1.0.200.202301161003/tools/bin/../lib/gcc/arm-none-eabi/10.3.1/../../../../arm-none-eabi/lib/thumb/v7e-m+fp/hard\libc_nano.a(lib_a-sbrkr.o)
                0x000000000800bae0                _sbrk_r
 .text.__assert_func
                0x000000000800bb00       0x3c c:/st/stm32cubeide_1.8.0/stm32cubeide/plugins/com.st.stm32cube.ide.mcu.externaltools.gnu-tools-for-stm32.10.3-2021.10.win32_1.0.200.202301161003/tools/bin/../lib/gcc/arm-none-eabi/10.3.1/../../../../arm-none-eabi/lib/thumb/v7e-m+fp/hard\libc_nano.a(lib_a-assert.o)
                0x000000000800bb00                __assert_func
 .text.fprintf  0x000000000800bb3c       0x24 c:/st/stm32cubeide_1.8.0/stm32cubeide/plugins/com.st.stm32cube.ide.mcu.externaltools.gnu-tools-for-stm32.10.3-2021.10.win32_1.0.200.202301161003/tools/bin/../lib/gcc/arm-none-eabi/10.3.1/../../../../arm-none-eabi/lib/thumb/v7e-m+fp/hard\libc_nano.a(lib_a-fprintf.o)
                0x000000000800bb3c                fiprintf
                0x000000000800bb3c                fprintf
 .text.__ascii_mbtowc
                0x000000000800bb60       0x24 c:/st/stm32cubeide_1.8.0/stm32cubeide/plugins/com.st.stm32cube.ide.mcu.externaltools.gnu-tools-for-stm32.10.3-2021.10.win32_1.0.200.202301161003/tools/bin/../lib/gcc/arm-none-eabi/10.3.1/../../../../arm-none-eabi/lib/thumb/v7e-m+fp/hard\libc_nano.a(lib_a-mbtowc_r.o)
                0x000000000800bb60                __ascii_mbtowc
 .text.__malloc_lock
                0x000000000800bb84        0xc c:/st/stm32cubeide_1.8.0/stm32cubeide/plugins/com.st.stm32cube.ide.mcu.externaltools.gnu-tools-for-stm32.10.3-2021.10.win32_1.0.200.202301161003/tools/bin/../lib/gcc/arm-none-eabi/10.3.1/../../../../arm-none-eabi/lib/thumb/v7e-m+fp/hard\libc_nano.a(lib_a-mlock.o)
                0x000000000800bb84                __malloc_lock
 .text.__malloc_unlock
                0x000000000800bb90        0xc c:/st/stm32cubeide_1.8.0/stm32cubeide/plugins/com.st.stm32cube.ide.mcu.externaltools.gnu-tools-for-stm32.10.3-2021.10.win32_1.0.200.202301161003/tools/bin/../lib/gcc/arm-none-eabi/10.3.1/../../../../arm-none-eabi/lib/thumb/v7e-m+fp/hard\libc_nano.a(lib_a-mlock.o)
                0x000000000800bb90                __malloc_unlock
 .text.__sfputc_r
                0x000000000800bb9c       0x2e c:/st/stm32cubeide_1.8.0/stm32cubeide/plugins/com.st.stm32cube.ide.mcu.externaltools.gnu-tools-for-stm32.10.3-2021.10.win32_1.0.200.202301161003/tools/bin/../lib/gcc/arm-none-eabi/10.3.1/../../../../arm-none-eabi/lib/thumb/v7e-m+fp/hard\libc_nano.a(lib_a-nano-vfprintf.o)
 .text.__sfputs_r
                0x000000000800bbca       0x24 c:/st/stm32cubeide_1.8.0/stm32cubeide/plugins/com.st.stm32cube.ide.mcu.externaltools.gnu-tools-for-stm32.10.3-2021.10.win32_1.0.200.202301161003/tools/bin/../lib/gcc/arm-none-eabi/10.3.1/../../../../arm-none-eabi/lib/thumb/v7e-m+fp/hard\libc_nano.a(lib_a-nano-vfprintf.o)
                0x000000000800bbca                __sfputs_r
 *fill*         0x000000000800bbee        0x2 
 .text._vfprintf_r
                0x000000000800bbf0      0x260 c:/st/stm32cubeide_1.8.0/stm32cubeide/plugins/com.st.stm32cube.ide.mcu.externaltools.gnu-tools-for-stm32.10.3-2021.10.win32_1.0.200.202301161003/tools/bin/../lib/gcc/arm-none-eabi/10.3.1/../../../../arm-none-eabi/lib/thumb/v7e-m+fp/hard\libc_nano.a(lib_a-nano-vfprintf.o)
                0x000000000800bbf0                _vfprintf_r
                0x000000000800bbf0                _vfiprintf_r
 .text.__swbuf_r
                0x000000000800be50       0xa4 c:/st/stm32cubeide_1.8.0/stm32cubeide/plugins/com.st.stm32cube.ide.mcu.externaltools.gnu-tools-for-stm32.10.3-2021.10.win32_1.0.200.202301161003/tools/bin/../lib/gcc/arm-none-eabi/10.3.1/../../../../arm-none-eabi/lib/thumb/v7e-m+fp/hard\libc_nano.a(lib_a-wbuf.o)
                0x000000000800be50                __swbuf_r
 .text.__ascii_wctomb
                0x000000000800bef4       0x1a c:/st/stm32cubeide_1.8.0/stm32cubeide/plugins/com.st.stm32cube.ide.mcu.externaltools.gnu-tools-for-stm32.10.3-2021.10.win32_1.0.200.202301161003/tools/bin/../lib/gcc/arm-none-eabi/10.3.1/../../../../arm-none-eabi/lib/thumb/v7e-m+fp/hard\libc_nano.a(lib_a-wctomb_r.o)
                0x000000000800bef4                __ascii_wctomb
 *fill*         0x000000000800bf0e        0x2 
 .text.__swsetup_r
                0x000000000800bf10       0xdc c:/st/stm32cubeide_1.8.0/stm32cubeide/plugins/com.st.stm32cube.ide.mcu.externaltools.gnu-tools-for-stm32.10.3-2021.10.win32_1.0.200.202301161003/tools/bin/../lib/gcc/arm-none-eabi/10.3.1/../../../../arm-none-eabi/lib/thumb/v7e-m+fp/hard\libc_nano.a(lib_a-wsetup.o)
                0x000000000800bf10                __swsetup_r
 .text.abort    0x000000000800bfec        0xe c:/st/stm32cubeide_1.8.0/stm32cubeide/plugins/com.st.stm32cube.ide.mcu.externaltools.gnu-tools-for-stm32.10.3-2021.10.win32_1.0.200.202301161003/tools/bin/../lib/gcc/arm-none-eabi/10.3.1/../../../../arm-none-eabi/lib/thumb/v7e-m+fp/hard\libc_nano.a(lib_a-abort.o)
                0x000000000800bfec                abort
 *fill*         0x000000000800bffa        0x2 
 .text.__sflush_r
                0x000000000800bffc      0x10c c:/st/stm32cubeide_1.8.0/stm32cubeide/plugins/com.st.stm32cube.ide.mcu.externaltools.gnu-tools-for-stm32.10.3-2021.10.win32_1.0.200.202301161003/tools/bin/../lib/gcc/arm-none-eabi/10.3.1/../../../../arm-none-eabi/lib/thumb/v7e-m+fp/hard\libc_nano.a(lib_a-fflush.o)
                0x000000000800bffc                __sflush_r
 .text._fflush_r
                0x000000000800c108       0x78 c:/st/stm32cubeide_1.8.0/stm32cubeide/plugins/com.st.stm32cube.ide.mcu.externaltools.gnu-tools-for-stm32.10.3-2021.10.win32_1.0.200.202301161003/tools/bin/../lib/gcc/arm-none-eabi/10.3.1/../../../../arm-none-eabi/lib/thumb/v7e-m+fp/hard\libc_nano.a(lib_a-fflush.o)
                0x000000000800c108                _fflush_r
 .text.std      0x000000000800c180       0x48 c:/st/stm32cubeide_1.8.0/stm32cubeide/plugins/com.st.stm32cube.ide.mcu.externaltools.gnu-tools-for-stm32.10.3-2021.10.win32_1.0.200.202301161003/tools/bin/../lib/gcc/arm-none-eabi/10.3.1/../../../../arm-none-eabi/lib/thumb/v7e-m+fp/hard\libc_nano.a(lib_a-findfp.o)
 .text._cleanup_r
                0x000000000800c1c8        0xc c:/st/stm32cubeide_1.8.0/stm32cubeide/plugins/com.st.stm32cube.ide.mcu.externaltools.gnu-tools-for-stm32.10.3-2021.10.win32_1.0.200.202301161003/tools/bin/../lib/gcc/arm-none-eabi/10.3.1/../../../../arm-none-eabi/lib/thumb/v7e-m+fp/hard\libc_nano.a(lib_a-findfp.o)
                0x000000000800c1c8                _cleanup_r
 .text.__sfmoreglue
                0x000000000800c1d4       0x2c c:/st/stm32cubeide_1.8.0/stm32cubeide/plugins/com.st.stm32cube.ide.mcu.externaltools.gnu-tools-for-stm32.10.3-2021.10.win32_1.0.200.202301161003/tools/bin/../lib/gcc/arm-none-eabi/10.3.1/../../../../arm-none-eabi/lib/thumb/v7e-m+fp/hard\libc_nano.a(lib_a-findfp.o)
                0x000000000800c1d4                __sfmoreglue
 .text.__sfp_lock_acquire
                0x000000000800c200        0xc c:/st/stm32cubeide_1.8.0/stm32cubeide/plugins/com.st.stm32cube.ide.mcu.externaltools.gnu-tools-for-stm32.10.3-2021.10.win32_1.0.200.202301161003/tools/bin/../lib/gcc/arm-none-eabi/10.3.1/../../../../arm-none-eabi/lib/thumb/v7e-m+fp/hard\libc_nano.a(lib_a-findfp.o)
                0x000000000800c200                __sfp_lock_acquire
 .text.__sfp_lock_release
                0x000000000800c20c        0xc c:/st/stm32cubeide_1.8.0/stm32cubeide/plugins/com.st.stm32cube.ide.mcu.externaltools.gnu-tools-for-stm32.10.3-2021.10.win32_1.0.200.202301161003/tools/bin/../lib/gcc/arm-none-eabi/10.3.1/../../../../arm-none-eabi/lib/thumb/v7e-m+fp/hard\libc_nano.a(lib_a-findfp.o)
                0x000000000800c20c                __sfp_lock_release
 .text.__sinit_lock_acquire
                0x000000000800c218        0xc c:/st/stm32cubeide_1.8.0/stm32cubeide/plugins/com.st.stm32cube.ide.mcu.externaltools.gnu-tools-for-stm32.10.3-2021.10.win32_1.0.200.202301161003/tools/bin/../lib/gcc/arm-none-eabi/10.3.1/../../../../arm-none-eabi/lib/thumb/v7e-m+fp/hard\libc_nano.a(lib_a-findfp.o)
                0x000000000800c218                __sinit_lock_acquire
 .text.__sinit_lock_release
                0x000000000800c224        0xc c:/st/stm32cubeide_1.8.0/stm32cubeide/plugins/com.st.stm32cube.ide.mcu.externaltools.gnu-tools-for-stm32.10.3-2021.10.win32_1.0.200.202301161003/tools/bin/../lib/gcc/arm-none-eabi/10.3.1/../../../../arm-none-eabi/lib/thumb/v7e-m+fp/hard\libc_nano.a(lib_a-findfp.o)
                0x000000000800c224                __sinit_lock_release
 .text.__sinit  0x000000000800c230       0x70 c:/st/stm32cubeide_1.8.0/stm32cubeide/plugins/com.st.stm32cube.ide.mcu.externaltools.gnu-tools-for-stm32.10.3-2021.10.win32_1.0.200.202301161003/tools/bin/../lib/gcc/arm-none-eabi/10.3.1/../../../../arm-none-eabi/lib/thumb/v7e-m+fp/hard\libc_nano.a(lib_a-findfp.o)
                0x000000000800c230                __sinit
 .text.__sfp    0x000000000800c2a0       0x8c c:/st/stm32cubeide_1.8.0/stm32cubeide/plugins/com.st.stm32cube.ide.mcu.externaltools.gnu-tools-for-stm32.10.3-2021.10.win32_1.0.200.202301161003/tools/bin/../lib/gcc/arm-none-eabi/10.3.1/../../../../arm-none-eabi/lib/thumb/v7e-m+fp/hard\libc_nano.a(lib_a-findfp.o)
                0x000000000800c2a0                __sfp
 .text._fwalk_reent
                0x000000000800c32c       0x3e c:/st/stm32cubeide_1.8.0/stm32cubeide/plugins/com.st.stm32cube.ide.mcu.externaltools.gnu-tools-for-stm32.10.3-2021.10.win32_1.0.200.202301161003/tools/bin/../lib/gcc/arm-none-eabi/10.3.1/../../../../arm-none-eabi/lib/thumb/v7e-m+fp/hard\libc_nano.a(lib_a-fwalk.o)
                0x000000000800c32c                _fwalk_reent
 .text.__retarget_lock_init_recursive
                0x000000000800c36a        0x2 c:/st/stm32cubeide_1.8.0/stm32cubeide/plugins/com.st.stm32cube.ide.mcu.externaltools.gnu-tools-for-stm32.10.3-2021.10.win32_1.0.200.202301161003/tools/bin/../lib/gcc/arm-none-eabi/10.3.1/../../../../arm-none-eabi/lib/thumb/v7e-m+fp/hard\libc_nano.a(lib_a-lock.o)
                0x000000000800c36a                __retarget_lock_init_recursive
 .text.__retarget_lock_acquire_recursive
                0x000000000800c36c        0x2 c:/st/stm32cubeide_1.8.0/stm32cubeide/plugins/com.st.stm32cube.ide.mcu.externaltools.gnu-tools-for-stm32.10.3-2021.10.win32_1.0.200.202301161003/tools/bin/../lib/gcc/arm-none-eabi/10.3.1/../../../../arm-none-eabi/lib/thumb/v7e-m+fp/hard\libc_nano.a(lib_a-lock.o)
                0x000000000800c36c                __retarget_lock_acquire_recursive
 .text.__retarget_lock_release_recursive
                0x000000000800c36e        0x2 c:/st/stm32cubeide_1.8.0/stm32cubeide/plugins/com.st.stm32cube.ide.mcu.externaltools.gnu-tools-for-stm32.10.3-2021.10.win32_1.0.200.202301161003/tools/bin/../lib/gcc/arm-none-eabi/10.3.1/../../../../arm-none-eabi/lib/thumb/v7e-m+fp/hard\libc_nano.a(lib_a-lock.o)
                0x000000000800c36e                __retarget_lock_release_recursive
 .text.__swhatbuf_r
                0x000000000800c370       0x4a c:/st/stm32cubeide_1.8.0/stm32cubeide/plugins/com.st.stm32cube.ide.mcu.externaltools.gnu-tools-for-stm32.10.3-2021.10.win32_1.0.200.202301161003/tools/bin/../lib/gcc/arm-none-eabi/10.3.1/../../../../arm-none-eabi/lib/thumb/v7e-m+fp/hard\libc_nano.a(lib_a-makebuf.o)
                0x000000000800c370                __swhatbuf_r
 *fill*         0x000000000800c3ba        0x2 
 .text.__smakebuf_r
                0x000000000800c3bc       0x80 c:/st/stm32cubeide_1.8.0/stm32cubeide/plugins/com.st.stm32cube.ide.mcu.externaltools.gnu-tools-for-stm32.10.3-2021.10.win32_1.0.200.202301161003/tools/bin/../lib/gcc/arm-none-eabi/10.3.1/../../../../arm-none-eabi/lib/thumb/v7e-m+fp/hard\libc_nano.a(lib_a-makebuf.o)
                0x000000000800c3bc                __smakebuf_r
 .text._raise_r
                0x000000000800c43c       0x50 c:/st/stm32cubeide_1.8.0/stm32cubeide/plugins/com.st.stm32cube.ide.mcu.externaltools.gnu-tools-for-stm32.10.3-2021.10.win32_1.0.200.202301161003/tools/bin/../lib/gcc/arm-none-eabi/10.3.1/../../../../arm-none-eabi/lib/thumb/v7e-m+fp/hard\libc_nano.a(lib_a-signal.o)
                0x000000000800c43c                _raise_r
 .text.raise    0x000000000800c48c       0x10 c:/st/stm32cubeide_1.8.0/stm32cubeide/plugins/com.st.stm32cube.ide.mcu.externaltools.gnu-tools-for-stm32.10.3-2021.10.win32_1.0.200.202301161003/tools/bin/../lib/gcc/arm-none-eabi/10.3.1/../../../../arm-none-eabi/lib/thumb/v7e-m+fp/hard\libc_nano.a(lib_a-signal.o)
                0x000000000800c48c                raise
 .text._kill_r  0x000000000800c49c       0x24 c:/st/stm32cubeide_1.8.0/stm32cubeide/plugins/com.st.stm32cube.ide.mcu.externaltools.gnu-tools-for-stm32.10.3-2021.10.win32_1.0.200.202301161003/tools/bin/../lib/gcc/arm-none-eabi/10.3.1/../../../../arm-none-eabi/lib/thumb/v7e-m+fp/hard\libc_nano.a(lib_a-signalr.o)
                0x000000000800c49c                _kill_r
 .text._getpid_r
                0x000000000800c4c0        0x4 c:/st/stm32cubeide_1.8.0/stm32cubeide/plugins/com.st.stm32cube.ide.mcu.externaltools.gnu-tools-for-stm32.10.3-2021.10.win32_1.0.200.202301161003/tools/bin/../lib/gcc/arm-none-eabi/10.3.1/../../../../arm-none-eabi/lib/thumb/v7e-m+fp/hard\libc_nano.a(lib_a-signalr.o)
                0x000000000800c4c0                _getpid_r
 .text.__sread  0x000000000800c4c4       0x22 c:/st/stm32cubeide_1.8.0/stm32cubeide/plugins/com.st.stm32cube.ide.mcu.externaltools.gnu-tools-for-stm32.10.3-2021.10.win32_1.0.200.202301161003/tools/bin/../lib/gcc/arm-none-eabi/10.3.1/../../../../arm-none-eabi/lib/thumb/v7e-m+fp/hard\libc_nano.a(lib_a-stdio.o)
                0x000000000800c4c4                __sread
 .text.__swrite
                0x000000000800c4e6       0x38 c:/st/stm32cubeide_1.8.0/stm32cubeide/plugins/com.st.stm32cube.ide.mcu.externaltools.gnu-tools-for-stm32.10.3-2021.10.win32_1.0.200.202301161003/tools/bin/../lib/gcc/arm-none-eabi/10.3.1/../../../../arm-none-eabi/lib/thumb/v7e-m+fp/hard\libc_nano.a(lib_a-stdio.o)
                0x000000000800c4e6                __swrite
 .text.__sseek  0x000000000800c51e       0x24 c:/st/stm32cubeide_1.8.0/stm32cubeide/plugins/com.st.stm32cube.ide.mcu.externaltools.gnu-tools-for-stm32.10.3-2021.10.win32_1.0.200.202301161003/tools/bin/../lib/gcc/arm-none-eabi/10.3.1/../../../../arm-none-eabi/lib/thumb/v7e-m+fp/hard\libc_nano.a(lib_a-stdio.o)
                0x000000000800c51e                __sseek
 .text.__sclose
                0x000000000800c542        0x8 c:/st/stm32cubeide_1.8.0/stm32cubeide/plugins/com.st.stm32cube.ide.mcu.externaltools.gnu-tools-for-stm32.10.3-2021.10.win32_1.0.200.202301161003/tools/bin/../lib/gcc/arm-none-eabi/10.3.1/../../../../arm-none-eabi/lib/thumb/v7e-m+fp/hard\libc_nano.a(lib_a-stdio.o)
                0x000000000800c542                __sclose
 *fill*         0x000000000800c54a        0x2 
 .text._write_r
                0x000000000800c54c       0x24 c:/st/stm32cubeide_1.8.0/stm32cubeide/plugins/com.st.stm32cube.ide.mcu.externaltools.gnu-tools-for-stm32.10.3-2021.10.win32_1.0.200.202301161003/tools/bin/../lib/gcc/arm-none-eabi/10.3.1/../../../../arm-none-eabi/lib/thumb/v7e-m+fp/hard\libc_nano.a(lib_a-writer.o)
                0x000000000800c54c                _write_r
 .text._close_r
                0x000000000800c570       0x20 c:/st/stm32cubeide_1.8.0/stm32cubeide/plugins/com.st.stm32cube.ide.mcu.externaltools.gnu-tools-for-stm32.10.3-2021.10.win32_1.0.200.202301161003/tools/bin/../lib/gcc/arm-none-eabi/10.3.1/../../../../arm-none-eabi/lib/thumb/v7e-m+fp/hard\libc_nano.a(lib_a-closer.o)
                0x000000000800c570                _close_r
 .text._fstat_r
                0x000000000800c590       0x24 c:/st/stm32cubeide_1.8.0/stm32cubeide/plugins/com.st.stm32cube.ide.mcu.externaltools.gnu-tools-for-stm32.10.3-2021.10.win32_1.0.200.202301161003/tools/bin/../lib/gcc/arm-none-eabi/10.3.1/../../../../arm-none-eabi/lib/thumb/v7e-m+fp/hard\libc_nano.a(lib_a-fstatr.o)
                0x000000000800c590                _fstat_r
 .text._isatty_r
                0x000000000800c5b4       0x20 c:/st/stm32cubeide_1.8.0/stm32cubeide/plugins/com.st.stm32cube.ide.mcu.externaltools.gnu-tools-for-stm32.10.3-2021.10.win32_1.0.200.202301161003/tools/bin/../lib/gcc/arm-none-eabi/10.3.1/../../../../arm-none-eabi/lib/thumb/v7e-m+fp/hard\libc_nano.a(lib_a-isattyr.o)
                0x000000000800c5b4                _isatty_r
 .text._lseek_r
                0x000000000800c5d4       0x24 c:/st/stm32cubeide_1.8.0/stm32cubeide/plugins/com.st.stm32cube.ide.mcu.externaltools.gnu-tools-for-stm32.10.3-2021.10.win32_1.0.200.202301161003/tools/bin/../lib/gcc/arm-none-eabi/10.3.1/../../../../arm-none-eabi/lib/thumb/v7e-m+fp/hard\libc_nano.a(lib_a-lseekr.o)
                0x000000000800c5d4                _lseek_r
 .text._read_r  0x000000000800c5f8       0x24 c:/st/stm32cubeide_1.8.0/stm32cubeide/plugins/com.st.stm32cube.ide.mcu.externaltools.gnu-tools-for-stm32.10.3-2021.10.win32_1.0.200.202301161003/tools/bin/../lib/gcc/arm-none-eabi/10.3.1/../../../../arm-none-eabi/lib/thumb/v7e-m+fp/hard\libc_nano.a(lib_a-readr.o)
                0x000000000800c5f8                _read_r
 *(.glue_7)
 .glue_7        0x000000000800c61c        0x0 linker stubs
 *(.glue_7t)
 .glue_7t       0x000000000800c61c        0x0 linker stubs
 *(.eh_frame)
 .eh_frame      0x000000000800c61c        0x0 c:/st/stm32cubeide_1.8.0/stm32cubeide/plugins/com.st.stm32cube.ide.mcu.externaltools.gnu-tools-for-stm32.10.3-2021.10.win32_1.0.200.202301161003/tools/bin/../lib/gcc/arm-none-eabi/10.3.1/thumb/v7e-m+fp/hard/crtbegin.o
 *(.init)
 .init          0x000000000800c61c        0x4 c:/st/stm32cubeide_1.8.0/stm32cubeide/plugins/com.st.stm32cube.ide.mcu.externaltools.gnu-tools-for-stm32.10.3-2021.10.win32_1.0.200.202301161003/tools/bin/../lib/gcc/arm-none-eabi/10.3.1/thumb/v7e-m+fp/hard/crti.o
                0x000000000800c61c                _init
 .init          0x000000000800c620        0x8 c:/st/stm32cubeide_1.8.0/stm32cubeide/plugins/com.st.stm32cube.ide.mcu.externaltools.gnu-tools-for-stm32.10.3-2021.10.win32_1.0.200.202301161003/tools/bin/../lib/gcc/arm-none-eabi/10.3.1/thumb/v7e-m+fp/hard/crtn.o
 *(.fini)
 .fini          0x000000000800c628        0x4 c:/st/stm32cubeide_1.8.0/stm32cubeide/plugins/com.st.stm32cube.ide.mcu.externaltools.gnu-tools-for-stm32.10.3-2021.10.win32_1.0.200.202301161003/tools/bin/../lib/gcc/arm-none-eabi/10.3.1/thumb/v7e-m+fp/hard/crti.o
                0x000000000800c628                _fini
 .fini          0x000000000800c62c        0x8 c:/st/stm32cubeide_1.8.0/stm32cubeide/plugins/com.st.stm32cube.ide.mcu.externaltools.gnu-tools-for-stm32.10.3-2021.10.win32_1.0.200.202301161003/tools/bin/../lib/gcc/arm-none-eabi/10.3.1/thumb/v7e-m+fp/hard/crtn.o
                0x000000000800c634                . = ALIGN (0x4)
                0x000000000800c634                _etext = .

.vfp11_veneer   0x000000000800c634        0x0
 .vfp11_veneer  0x000000000800c634        0x0 linker stubs

.v4_bx          0x000000000800c634        0x0
 .v4_bx         0x000000000800c634        0x0 linker stubs

.iplt           0x000000000800c634        0x0
 .iplt          0x000000000800c634        0x0 c:/st/stm32cubeide_1.8.0/stm32cubeide/plugins/com.st.stm32cube.ide.mcu.externaltools.gnu-tools-for-stm32.10.3-2021.10.win32_1.0.200.202301161003/tools/bin/../lib/gcc/arm-none-eabi/10.3.1/thumb/v7e-m+fp/hard/crtbegin.o

.rodata         0x000000000800c638      0xca4
                0x000000000800c638                . = ALIGN (0x4)
 *(.rodata)
 .rodata        0x000000000800c638       0x86 ./Core/Src/myApp.o
 *(.rodata*)
 *fill*         0x000000000800c6be        0x2 
 .rodata.FreeSans9pt7bBitmaps
                0x000000000800c6c0      0x47e ./Core/Src/myApp.o
                0x000000000800c6c0                FreeSans9pt7bBitmaps
 *fill*         0x000000000800cb3e        0x2 
 .rodata.FreeSans9pt7bGlyphs
                0x000000000800cb40      0x2f8 ./Core/Src/myApp.o
                0x000000000800cb40                FreeSans9pt7bGlyphs
 .rodata.FreeSans9pt7bMod
                0x000000000800ce38       0x10 ./Core/Src/myApp.o
                0x000000000800ce38                FreeSans9pt7bMod
 .rodata.AHBPrescTable
                0x000000000800ce48       0x10 ./Core/Src/system_stm32l4xx.o
                0x000000000800ce48                AHBPrescTable
 .rodata.APBPrescTable
                0x000000000800ce58        0x8 ./Core/Src/system_stm32l4xx.o
                0x000000000800ce58                APBPrescTable
 .rodata.MSIRangeTable
                0x000000000800ce60       0x30 ./Core/Src/system_stm32l4xx.o
                0x000000000800ce60                MSIRangeTable
 .rodata.UBX_NAV_GGA_OFF
                0x000000000800ce90       0x10 ./Drivers/GNSSPVT/GNSSPVT.o
 .rodata.UBX_NAV_GLL_OFF
                0x000000000800cea0       0x10 ./Drivers/GNSSPVT/GNSSPVT.o
 .rodata.UBX_NAV_GSA_OFF
                0x000000000800ceb0       0x10 ./Drivers/GNSSPVT/GNSSPVT.o
 .rodata.UBX_NAV_GSV_OFF
                0x000000000800cec0       0x10 ./Drivers/GNSSPVT/GNSSPVT.o
 .rodata.UBX_NAV_RMC_OFF
                0x000000000800ced0       0x10 ./Drivers/GNSSPVT/GNSSPVT.o
 .rodata.UBX_NAV_VTG_OFF
                0x000000000800cee0       0x10 ./Drivers/GNSSPVT/GNSSPVT.o
 .rodata.UBX_NAV_PVT_ON
                0x000000000800cef0       0x10 ./Drivers/GNSSPVT/GNSSPVT.o
 .rodata.UBX_HEADER_
                0x000000000800cf00        0x2 ./Drivers/GNSSPVT/GNSSPVT.o
                0x000000000800cf00                UBX_HEADER_
 .rodata.MLCD_WR
                0x000000000800cf02        0x1 ./Drivers/SharpMemLCD/LS013B7DH03.o
 .rodata.MLCD_TR
                0x000000000800cf03        0x1 ./Drivers/SharpMemLCD/LS013B7DH03.o
 .rodata._global_impure_ptr
                0x000000000800cf04        0x4 c:/st/stm32cubeide_1.8.0/stm32cubeide/plugins/com.st.stm32cube.ide.mcu.externaltools.gnu-tools-for-stm32.10.3-2021.10.win32_1.0.200.202301161003/tools/bin/../lib/gcc/arm-none-eabi/10.3.1/../../../../arm-none-eabi/lib/thumb/v7e-m+fp/hard\libc_nano.a(lib_a-impure.o)
                0x000000000800cf04                _global_impure_ptr
 .rodata._printf_float.str1.1
                0x000000000800cf08       0x12 c:/st/stm32cubeide_1.8.0/stm32cubeide/plugins/com.st.stm32cube.ide.mcu.externaltools.gnu-tools-for-stm32.10.3-2021.10.win32_1.0.200.202301161003/tools/bin/../lib/gcc/arm-none-eabi/10.3.1/../../../../arm-none-eabi/lib/thumb/v7e-m+fp/hard\libc_nano.a(lib_a-nano-vfprintf_float.o)
 .rodata._printf_i.str1.1
                0x000000000800cf1a       0x22 c:/st/stm32cubeide_1.8.0/stm32cubeide/plugins/com.st.stm32cube.ide.mcu.externaltools.gnu-tools-for-stm32.10.3-2021.10.win32_1.0.200.202301161003/tools/bin/../lib/gcc/arm-none-eabi/10.3.1/../../../../arm-none-eabi/lib/thumb/v7e-m+fp/hard\libc_nano.a(lib_a-nano-vfprintf_i.o)
 .rodata._dtoa_r.str1.1
                0x000000000800cf3c       0x90 c:/st/stm32cubeide_1.8.0/stm32cubeide/plugins/com.st.stm32cube.ide.mcu.externaltools.gnu-tools-for-stm32.10.3-2021.10.win32_1.0.200.202301161003/tools/bin/../lib/gcc/arm-none-eabi/10.3.1/../../../../arm-none-eabi/lib/thumb/v7e-m+fp/hard\libc_nano.a(lib_a-dtoa.o)
                                         0x92 (size before relaxing)
 .rodata._Balloc.str1.1
                0x000000000800cfcc       0x5c c:/st/stm32cubeide_1.8.0/stm32cubeide/plugins/com.st.stm32cube.ide.mcu.externaltools.gnu-tools-for-stm32.10.3-2021.10.win32_1.0.200.202301161003/tools/bin/../lib/gcc/arm-none-eabi/10.3.1/../../../../arm-none-eabi/lib/thumb/v7e-m+fp/hard\libc_nano.a(lib_a-mprec.o)
                                         0x73 (size before relaxing)
 .rodata.__multadd.str1.1
                0x000000000800d028       0x11 c:/st/stm32cubeide_1.8.0/stm32cubeide/plugins/com.st.stm32cube.ide.mcu.externaltools.gnu-tools-for-stm32.10.3-2021.10.win32_1.0.200.202301161003/tools/bin/../lib/gcc/arm-none-eabi/10.3.1/../../../../arm-none-eabi/lib/thumb/v7e-m+fp/hard\libc_nano.a(lib_a-mprec.o)
 .rodata.__mprec_bigtens
                0x000000000800d028       0x28 c:/st/stm32cubeide_1.8.0/stm32cubeide/plugins/com.st.stm32cube.ide.mcu.externaltools.gnu-tools-for-stm32.10.3-2021.10.win32_1.0.200.202301161003/tools/bin/../lib/gcc/arm-none-eabi/10.3.1/../../../../arm-none-eabi/lib/thumb/v7e-m+fp/hard\libc_nano.a(lib_a-mprec.o)
                0x000000000800d028                __mprec_bigtens
 .rodata.__mprec_tens
                0x000000000800d050       0xc8 c:/st/stm32cubeide_1.8.0/stm32cubeide/plugins/com.st.stm32cube.ide.mcu.externaltools.gnu-tools-for-stm32.10.3-2021.10.win32_1.0.200.202301161003/tools/bin/../lib/gcc/arm-none-eabi/10.3.1/../../../../arm-none-eabi/lib/thumb/v7e-m+fp/hard\libc_nano.a(lib_a-mprec.o)
                0x000000000800d050                __mprec_tens
 .rodata.p05.0  0x000000000800d118        0xc c:/st/stm32cubeide_1.8.0/stm32cubeide/plugins/com.st.stm32cube.ide.mcu.externaltools.gnu-tools-for-stm32.10.3-2021.10.win32_1.0.200.202301161003/tools/bin/../lib/gcc/arm-none-eabi/10.3.1/../../../../arm-none-eabi/lib/thumb/v7e-m+fp/hard\libc_nano.a(lib_a-mprec.o)
 .rodata.__assert_func.str1.1
                0x000000000800d124       0x3c c:/st/stm32cubeide_1.8.0/stm32cubeide/plugins/com.st.stm32cube.ide.mcu.externaltools.gnu-tools-for-stm32.10.3-2021.10.win32_1.0.200.202301161003/tools/bin/../lib/gcc/arm-none-eabi/10.3.1/../../../../arm-none-eabi/lib/thumb/v7e-m+fp/hard\libc_nano.a(lib_a-assert.o)
                                         0x3d (size before relaxing)
 .rodata._setlocale_r.str1.1
                0x000000000800d160        0x8 c:/st/stm32cubeide_1.8.0/stm32cubeide/plugins/com.st.stm32cube.ide.mcu.externaltools.gnu-tools-for-stm32.10.3-2021.10.win32_1.0.200.202301161003/tools/bin/../lib/gcc/arm-none-eabi/10.3.1/../../../../arm-none-eabi/lib/thumb/v7e-m+fp/hard\libc_nano.a(lib_a-locale.o)
                                          0x9 (size before relaxing)
 .rodata.str1.1
                0x000000000800d168        0x2 c:/st/stm32cubeide_1.8.0/stm32cubeide/plugins/com.st.stm32cube.ide.mcu.externaltools.gnu-tools-for-stm32.10.3-2021.10.win32_1.0.200.202301161003/tools/bin/../lib/gcc/arm-none-eabi/10.3.1/../../../../arm-none-eabi/lib/thumb/v7e-m+fp/hard\libc_nano.a(lib_a-locale.o)
 .rodata._vfprintf_r.str1.1
                0x000000000800d16a       0x11 c:/st/stm32cubeide_1.8.0/stm32cubeide/plugins/com.st.stm32cube.ide.mcu.externaltools.gnu-tools-for-stm32.10.3-2021.10.win32_1.0.200.202301161003/tools/bin/../lib/gcc/arm-none-eabi/10.3.1/../../../../arm-none-eabi/lib/thumb/v7e-m+fp/hard\libc_nano.a(lib_a-nano-vfprintf.o)
 .rodata._ctype_
                0x000000000800d17b      0x101 c:/st/stm32cubeide_1.8.0/stm32cubeide/plugins/com.st.stm32cube.ide.mcu.externaltools.gnu-tools-for-stm32.10.3-2021.10.win32_1.0.200.202301161003/tools/bin/../lib/gcc/arm-none-eabi/10.3.1/../../../../arm-none-eabi/lib/thumb/v7e-m+fp/hard\libc_nano.a(lib_a-ctype_.o)
                0x000000000800d17b                _ctype_
 .rodata.__sf_fake_stderr
                0x000000000800d27c       0x20 c:/st/stm32cubeide_1.8.0/stm32cubeide/plugins/com.st.stm32cube.ide.mcu.externaltools.gnu-tools-for-stm32.10.3-2021.10.win32_1.0.200.202301161003/tools/bin/../lib/gcc/arm-none-eabi/10.3.1/../../../../arm-none-eabi/lib/thumb/v7e-m+fp/hard\libc_nano.a(lib_a-findfp.o)
                0x000000000800d27c                __sf_fake_stderr
 .rodata.__sf_fake_stdin