../Drivers/STM32L4xx_HAL_Driver/Inc/stm32l4xx_ll_lpuart.h:707:22:LL_LPUART_EnableInStopMode	40	static,ignoring_inline_asm
../Drivers/STM32L4xx_HAL_Driver/Inc/stm32l4xx_ll_lpuart.h:1763:26:LL_LPUART_IsActiveFlag_RXNE	16	static
../Drivers/STM32L4xx_HAL_Driver/Inc/stm32l4xx_ll_lpuart.h:1775:26:LL_LPUART_IsActiveFlag_TC	16	static
../Drivers/STM32L4xx_HAL_Driver/Inc/stm32l4xx_ll_lpuart.h:1801:26:LL_LPUART_IsActiveFlag_TXE	16	static
../Drivers/STM32L4xx_HAL_Driver/Inc/stm32l4xx_ll_lpuart.h:1901:26:LL_LPUART_IsActiveFlag_REACK	16	static
../Drivers/STM32L4xx_HAL_Driver/Inc/stm32l4xx_ll_lpuart.h:1991:22:LL_LPUART_ClearFlag_ORE	16	static
../Drivers/STM32L4xx_HAL_Driver/Inc/stm32l4xx_ll_lpuart.h:2046:22:LL_LPUART_ClearFlag_WKUP	16	static
../Drivers/STM32L4xx_HAL_Driver/Inc/stm32l4xx_ll_lpuart.h:2215:22:LL_LPUART_EnableIT_WKUP	40	static,ignoring_inline_asm
../Drivers/STM32L4xx_HAL_Driver/Inc/stm32l4xx_ll_lpuart.h:2759:25:LL_LPUART_ReceiveData8	16	static
../Drivers/STM32L4xx_HAL_Driver/Inc/stm32l4xx_ll_lpuart.h:2782:22:LL_LPUART_TransmitData8	16	static
../Drivers/GNSSPVT/GNSSPVT.c:83:10:GNSS_getYear	4	static
../Drivers/GNSSPVT/GNSSPVT.c:86:9:GNSS_getMonth	4	static
../Drivers/GNSSPVT/GNSSPVT.c:89:9:GNSS_getDay	4	static
../Drivers/GNSSPVT/GNSSPVT.c:92:9:GNSS_getHour	4	static
../Drivers/GNSSPVT/GNSSPVT.c:95:9:GNSS_getMin	4	static
../Drivers/GNSSPVT/GNSSPVT.c:98:9:GNSS_getSec	4	static
../Drivers/GNSSPVT/GNSSPVT.c:103:7:getLat	8	static
../Drivers/GNSSPVT/GNSSPVT.c:107:7:getLong	8	static
../Drivers/GNSSPVT/GNSSPVT.c:111:7:getHAcc	8	static
../Drivers/GNSSPVT/GNSSPVT.c:115:9:getGroundSpeed_kph	16	static
../Drivers/GNSSPVT/GNSSPVT.c:122:9:getMotionHeading_deg	4	static
../Drivers/GNSSPVT/GNSSPVT.c:127:9:getNumSatellites	4	static
../Drivers/GNSSPVT/GNSSPVT.c:131:19:getFixType	4	static
../Drivers/GNSSPVT/GNSSPVT.c:135:6:isGnssFixOk	4	static
../Drivers/GNSSPVT/GNSSPVT.c:139:6:isTimeFullyResolved	4	static
../Drivers/GNSSPVT/GNSSPVT.c:143:6:GNSS_Prep_Stop	8	static
../Drivers/GNSSPVT/GNSSPVT.c:156:6:GNSS_Power	8	static
../Drivers/GNSSPVT/GNSSPVT.c:178:13:GNSS_Set_Power	16	static
../Drivers/GNSSPVT/GNSSPVT.c:194:6:GNSS_Config	8	static
../Drivers/GNSSPVT/GNSSPVT.c:212:6:GNSS_Sleep	8	static
../Drivers/GNSSPVT/GNSSPVT.c:218:10:Checksum	24	static
../Drivers/GNSSPVT/GNSSPVT.c:230:6:parse	24	static
../Drivers/GNSSPVT/GNSSPVT.c:299:6:LPUART_CharReception_Callback	8	static
../Drivers/GNSSPVT/GNSSPVT.c:305:13:LPUART_Transmit	32	static
